
> user-inv@0.1.0 test:coverage
> jest --coverage

FAIL src/utils/__tests__/security.test.ts
  ● Security Utils › validateAndSanitizeInput › should sanitize dangerous input

    expect(received).toBe(expected) // Object.is equality

    Expected: true
    Received: false

      113 |     it('should sanitize dangerous input', () => {
      114 |       const result = validateAndSanitizeInput('<script>alert("xss")</script>Hello');
    > 115 |       expect(result.success).toBe(true);
          |                              ^
      116 |       if (result.success) {
      117 |         expect(result.data).toBe('Hello');
      118 |       }

      at Object.toBe (src/utils/__tests__/security.test.ts:115:30)

  ● Security Utils › validateAndSanitizeInput › should reject empty input

    expect(received).toBe(expected) // Object.is equality

    Expected: "El texto no puede estar vacío"
    Received: "El texto contiene caracteres no permitidos"

      123 |       expect(result.success).toBe(false);
      124 |       if (!result.success) {
    > 125 |         expect(result.error).toBe('El texto no puede estar vacío');
          |                              ^
      126 |       }
      127 |     });
      128 |   });

      at Object.toBe (src/utils/__tests__/security.test.ts:125:30)

FAIL src/schemas/__tests__/user.test.ts
  ● UserDataSchema › Validación Exitosa › debe validar datos de usuario completos y válidos

    expect(received).toBe(expected) // Object.is equality

    Expected: true
    Received: false

      32 |     it('debe validar datos de usuario completos y válidos', () => {
      33 |       const result = UserDataSchema.safeParse(validUserData);
    > 34 |       expect(result.success).toBe(true);
         |                              ^
      35 |     });
      36 |
      37 |     it('debe validar con diferentes estados', () => {

      at Object.toBe (src/schemas/__tests__/user.test.ts:34:30)

  ● UserDataSchema › Validación Exitosa › debe validar con diferentes estados

    expect(received).toBe(expected) // Object.is equality

    Expected: true
    Received: false

      38 |       const inactiveUser = { ...validUserData, estadoEquipo: 'Inactivo', estadoUsuario: 'Inactivo' };
      39 |       const result = UserDataSchema.safeParse(inactiveUser);
    > 40 |       expect(result.success).toBe(true);
         |                              ^
      41 |     });
      42 |
      43 |     it('debe validar con estado de reparación', () => {

      at Object.toBe (src/schemas/__tests__/user.test.ts:40:30)

  ● UserDataSchema › Validación Exitosa › debe validar con estado de reparación

    expect(received).toBe(expected) // Object.is equality

    Expected: true
    Received: false

      44 |       const repairUser = { ...validUserData, estadoEquipo: 'En reparación', estadoUsuario: 'En reparación' };
      45 |       const result = UserDataSchema.safeParse(repairUser);
    > 46 |       expect(result.success).toBe(true);
         |                              ^
      47 |     });
      48 |   });
      49 |

      at Object.toBe (src/schemas/__tests__/user.test.ts:46:30)

  ● UserDataSchema › Validación de Campos Individuales › nombreCompleto › debe aceptar nombres con acentos

    expect(received).toBe(expected) // Object.is equality

    Expected: true
    Received: false

      100 |         const validData = { ...validUserData, nombreCompleto: 'María José García-López' };
      101 |         const result = UserDataSchema.safeParse(validData);
    > 102 |         expect(result.success).toBe(true);
          |                                ^
      103 |       });
      104 |
      105 |       it('debe rechazar números en el nombre', () => {

      at Object.toBe (src/schemas/__tests__/user.test.ts:102:32)

  ● UserDataSchema › Validación de Campos Individuales › direccionMac › debe rechazar dirección MAC vacía

    expect(received).toBe(expected) // Object.is equality

    Expected: "La dirección MAC es requerida"
    Received: "El usuario solo puede contener letras minúsculas, números, guiones y guiones bajos"

      151 |         expect(result.success).toBe(false);
      152 |         if (!result.success) {
    > 153 |           expect(result.error.issues[0].message).toBe('La dirección MAC es requerida');
          |                                                  ^
      154 |         }
      155 |       });
      156 |

      at Object.toBe (src/schemas/__tests__/user.test.ts:153:50)

  ● UserDataSchema › Validación de Campos Individuales › direccionMac › debe rechazar formato de MAC inválido

    expect(received).toBe(expected) // Object.is equality

    Expected: "Formato de dirección MAC inválido. Use el formato: 00:1B:44:11:3A:B7"
    Received: "El usuario solo puede contener letras minúsculas, números, guiones y guiones bajos"

      160 |         expect(result.success).toBe(false);
      161 |         if (!result.success) {
    > 162 |           expect(result.error.issues[0].message).toBe('Formato de dirección MAC inválido. Use el formato: 00:1B:44:11:3A:B7');
          |                                                  ^
      163 |         }
      164 |       });
      165 |

      at Object.toBe (src/schemas/__tests__/user.test.ts:162:50)

  ● UserDataSchema › Validación de Campos Individuales › direccionMac › debe aceptar MAC con dos puntos

    expect(received).toBe(expected) // Object.is equality

    Expected: true
    Received: false

      167 |         const validData = { ...validUserData, direccionMac: '00:1B:44:11:3A:B7' };
      168 |         const result = UserDataSchema.safeParse(validData);
    > 169 |         expect(result.success).toBe(true);
          |                                ^
      170 |       });
      171 |
      172 |       it('debe aceptar MAC con guiones', () => {

      at Object.toBe (src/schemas/__tests__/user.test.ts:169:32)

  ● UserDataSchema › Validación de Campos Individuales › direccionMac › debe aceptar MAC con guiones

    expect(received).toBe(expected) // Object.is equality

    Expected: true
    Received: false

      173 |         const validData = { ...validUserData, direccionMac: '00-1B-44-11-3A-B7' };
      174 |         const result = UserDataSchema.safeParse(validData);
    > 175 |         expect(result.success).toBe(true);
          |                                ^
      176 |       });
      177 |     });
      178 |

      at Object.toBe (src/schemas/__tests__/user.test.ts:175:32)

  ● UserDataSchema › Validación de Campos Individuales › Enums › debe rechazar estado de equipo inválido

    expect(received).toBe(expected) // Object.is equality

    Expected: "Estado de equipo inválido"
    Received: "El usuario solo puede contener letras minúsculas, números, guiones y guiones bajos"

      183 |         expect(result.success).toBe(false);
      184 |         if (!result.success) {
    > 185 |           expect(result.error.issues[0].message).toBe('Estado de equipo inválido');
          |                                                  ^
      186 |         }
      187 |       });
      188 |

      at Object.toBe (src/schemas/__tests__/user.test.ts:185:50)

  ● UserDataSchema › Validación de Campos Individuales › Enums › debe rechazar sistema operativo inválido

    expect(received).toBe(expected) // Object.is equality

    Expected: "Sistema operativo inválido"
    Received: "El usuario solo puede contener letras minúsculas, números, guiones y guiones bajos"

      192 |         expect(result.success).toBe(false);
      193 |         if (!result.success) {
    > 194 |           expect(result.error.issues[0].message).toBe('Sistema operativo inválido');
          |                                                  ^
      195 |         }
      196 |       });
      197 |

      at Object.toBe (src/schemas/__tests__/user.test.ts:194:50)

  ● UserDataSchema › Validación de Campos Individuales › Enums › debe rechazar fabricante inválido

    expect(received).toBe(expected) // Object.is equality

    Expected: "Fabricante inválido"
    Received: "El usuario solo puede contener letras minúsculas, números, guiones y guiones bajos"

      201 |         expect(result.success).toBe(false);
      202 |         if (!result.success) {
    > 203 |           expect(result.error.issues[0].message).toBe('Fabricante inválido');
          |                                                  ^
      204 |         }
      205 |       });
      206 |     });

      at Object.toBe (src/schemas/__tests__/user.test.ts:203:50)

  ● validateUserData › debe retornar datos válidos

    ZodError: [
      {
        "validation": "regex",
        "code": "invalid_string",
        "message": "El usuario solo puede contener letras minúsculas, números, guiones y guiones bajos",
        "path": [
          "usuario"
        ]
      }
    ]

      110 | // Función de validación segura
      111 | export const validateUserData = (data: unknown): UserData => {
    > 112 |   return UserDataSchema.parse(data);
          |                         ^
      113 | };
      114 |
      115 | // Función de validación segura con manejo de errores mejorado

      at Object.get error [as error] (node_modules/zod/v3/types.cjs:45:31)
      at ZodObject.parse (node_modules/zod/v3/types.cjs:120:22)
      at parse (src/schemas/user.ts:112:25)
      at Object.<anonymous> (src/schemas/__tests__/user.test.ts:212:36)

  ● safeValidateUserData › debe retornar éxito con datos válidos

    expect(received).toBe(expected) // Object.is equality

    Expected: true
    Received: false

      223 |   it('debe retornar éxito con datos válidos', () => {
      224 |     const result = safeValidateUserData(validUserData);
    > 225 |     expect(result.success).toBe(true);
          |                            ^
      226 |     if (result.success) {
      227 |       expect(result.data).toEqual(validUserData);
      228 |     }

      at Object.toBe (src/schemas/__tests__/user.test.ts:225:28)

FAIL src/components/__tests__/userItem.test.tsx
  ● Console

    console.error
      Error: Not implemented: window.alert
          at alert (src/components/userItem.tsx:53:7)
          at Object.<anonymous> (src/components/__tests__/userItem.test.tsx:285:7) {
        type: 'not implemented'
      }

      51 |       onEdit(user)
      52 |     } else {
    > 53 |       alert(`Editar ${nombreCompleto}`)
         |       ^
      54 |     }
      55 |   }
      56 |

      at VirtualConsole.<anonymous> (node_modules/jest-environment-jsdom/build/index.js:63:23)
      at module.exports (node_modules/jsdom/lib/jsdom/browser/not-implemented.js:12:26)
      at node_modules/jsdom/lib/jsdom/browser/Window.js:870:7
      at alert (src/components/userItem.tsx:53:7)
      at executeDispatch (node_modules/react-dom/cjs/react-dom-client.development.js:16368:9)
      at runWithFiberInDEV (node_modules/react-dom/cjs/react-dom-client.development.js:1522:13)
      at processDispatchQueue (node_modules/react-dom/cjs/react-dom-client.development.js:16418:19)
      at node_modules/react-dom/cjs/react-dom-client.development.js:17016:9
      at batchedUpdates$1 (node_modules/react-dom/cjs/react-dom-client.development.js:3262:40)
      at dispatchEventForPluginEventSystem (node_modules/react-dom/cjs/react-dom-client.development.js:16572:7)
      at dispatchEvent (node_modules/react-dom/cjs/react-dom-client.development.js:20658:11)
      at dispatchDiscreteEvent (node_modules/react-dom/cjs/react-dom-client.development.js:20626:11)
      at HTMLDivElement.callTheUserObjectsOperation (node_modules/jsdom/lib/jsdom/living/generated/EventListener.js:26:30)
      at innerInvokeEventListeners (node_modules/jsdom/lib/jsdom/living/events/EventTarget-impl.js:350:25)
      at invokeEventListeners (node_modules/jsdom/lib/jsdom/living/events/EventTarget-impl.js:286:3)
      at HTMLButtonElementImpl._dispatch (node_modules/jsdom/lib/jsdom/living/events/EventTarget-impl.js:233:9)
      at HTMLButtonElementImpl.dispatchEvent (node_modules/jsdom/lib/jsdom/living/events/EventTarget-impl.js:104:17)
      at HTMLButtonElement.dispatchEvent (node_modules/jsdom/lib/jsdom/living/generated/EventTarget.js:241:34)
      at node_modules/@testing-library/user-event/dist/cjs/event/dispatchEvent.js:45:43
      at node_modules/@testing-library/react/dist/pure.js:108:16
      at node_modules/@testing-library/react/dist/act-compat.js:48:24
      at Object.<anonymous>.process.env.NODE_ENV.exports.act (node_modules/react/cjs/react.development.js:789:22)
      at node_modules/@testing-library/react/dist/act-compat.js:47:25
      at Object.eventWrapper (node_modules/@testing-library/react/dist/pure.js:107:28)
      at Object.wrapEvent (node_modules/@testing-library/user-event/dist/cjs/event/wrapEvent.js:6:28)
      at Object.dispatchEvent (node_modules/@testing-library/user-event/dist/cjs/event/dispatchEvent.js:45:22)
      at Object.dispatchUIEvent (node_modules/@testing-library/user-event/dist/cjs/event/dispatchEvent.js:22:26)
      at Mouse.up (node_modules/@testing-library/user-event/dist/cjs/system/pointer/mouse.js:100:30)
      at PointerHost.release (node_modules/@testing-library/user-event/dist/cjs/system/pointer/index.js:87:24)
      at pointerAction (node_modules/@testing-library/user-event/dist/cjs/pointer/index.js:54:47)
      at Object.pointer (node_modules/@testing-library/user-event/dist/cjs/pointer/index.js:27:9)
      at Object.asyncWrapper (node_modules/@testing-library/react/dist/pure.js:88:22)
      at Object.<anonymous> (src/components/__tests__/userItem.test.tsx:285:7)

  ● UserItem › Interacciones › debe cerrar el modal de confirmación al cancelar

    expect(element).not.toBeInTheDocument()

    expected document not to contain element, found <span class="MuiTypography-root MuiTypography-h6 css-1miy0lu-MuiTypography-root">Confirmar Eliminación</span> instead

      165 |       await userEvent.click(cancelButton);
      166 |
    > 167 |       expect(screen.queryByText('Confirmar Eliminación')).not.toBeInTheDocument();
          |                                                               ^
      168 |       expect(mockOnDelete).not.toHaveBeenCalled();
      169 |     });
      170 |   });

      at Object.toBeInTheDocument (src/components/__tests__/userItem.test.tsx:167:63)

FAIL src/app/users/__tests__/page.test.tsx
  ● UsersPage › Renderizado › debe renderizar la página de usuarios correctamente

    TestingLibraryElementError: Unable to find an element with the text: Crear Usuario. This could be because the text is broken up by multiple elements. In this case, you can provide a function for your text matcher to make your matcher more flexible.

    Ignored nodes: comments, script, style
    [36m<body>[39m
      [36m<div>[39m
        [36m<div[39m
          [33mclass[39m=[32m"MuiBox-root css-k008qs"[39m
        [36m>[39m
          [36m<header[39m
            [33mclass[39m=[32m"MuiPaper-root MuiPaper-elevation MuiPaper-elevation4 MuiAppBar-root MuiAppBar-colorPrimary MuiAppBar-positionFixed mui-fixed css-1l6cx5b-MuiPaper-root-MuiAppBar-root"[39m
            [33mstyle[39m=[32m"--Paper-shadow: 0px 2px 4px -1px rgba(0,0,0,0.2),0px 4px 5px 0px rgba(0,0,0,0.14),0px 1px 10px 0px rgba(0,0,0,0.12);"[39m
          [36m>[39m
            [36m<div[39m
              [33mclass[39m=[32m"MuiToolbar-root MuiToolbar-gutters MuiToolbar-regular css-yg49xf-MuiToolbar-root"[39m
            [36m>[39m
              [36m<div[39m
                [33mclass[39m=[32m"MuiBox-root css-70qvj9"[39m
              [36m>[39m
                [36m<button[39m
                  [33maria-label[39m=[32m"abrir menú"[39m
                  [33mclass[39m=[32m"MuiButtonBase-root MuiIconButton-root MuiIconButton-colorInherit MuiIconButton-edgeStart MuiIconButton-sizeMedium css-kiawdm-MuiButtonBase-root-MuiIconButton-root"[39m
                  [33mtabindex[39m=[32m"0"[39m
                  [33mtype[39m=[32m"button"[39m
                [36m>[39m
                  [36m<svg[39m
                    [33maria-hidden[39m=[32m"true"[39m
                    [33mclass[39m=[32m"MuiSvgIcon-root MuiSvgIcon-fontSizeMedium css-1umw9bq-MuiSvgIcon-root"[39m
                    [33mdata-testid[39m=[32m"MenuIcon"[39m
                    [33mfocusable[39m=[32m"false"[39m
                    [33mviewBox[39m=[32m"0 0 24 24"[39m
                  [36m>[39m
                    [36m<path[39m
                      [33md[39m=[32m"M3 18h18v-2H3zm0-5h18v-2H3zm0-7v2h18V6z"[39m
                    [36m/>[39m
                  [36m</svg>[39m
                [36m</button>[39m
                [36m<h6[39m
                  [33mclass[39m=[32m"MuiTypography-root MuiTypography-h6 MuiTypography-noWrap css-5lnhk4-MuiTypography-root"[39m
                [36m>[39m
                  [0mSistema de Inventario de Usuarios[0m
                [36m</h6>[39m
              [36m</div>[39m
              [36m<div[39m
                [33mclass[39m=[32m"MuiBox-root css-axw7ok"[39m
              [36m>[39m
                [36m<div[39m
                  [33mclass[39m=[32m"MuiAvatar-root MuiAvatar-circular MuiAvatar-colorDefault css-1l53gx1-MuiAvatar-root"[39m
                [36m>[39m
                  [0mA[0m
                [36m</div>[39m
                [36m<button[39m
                  [33maria-label[39m=[32m"Cerrar sesión"[39m
                  [33mclass[39m=[32m"MuiButtonBase-root MuiIconButton-root MuiIconButton-colorInherit MuiIconButton-sizeMedium css-h7cjts-MuiButtonBase-root-MuiIconButton-root"[39m
                  [33mdata-mui-internal-clone-element[39m=[32m"true"[39m
                  [33mtabindex[39m=[32m"0"[39m
                  [33mtype[39m=[32m"button"[39m
                [36m>[39m
                  [36m<svg[39m
                    [33maria-hidden[39m=[32m"true"[39m
                    [33mclass[39m=[32m"MuiSvgIcon-root MuiSvgIcon-fontSizeMedium css-1umw9bq-MuiSvgIcon-root"[39m
                    [33mdata-testid[39m=[32m"LogoutIcon"[39m
                    [33mfocusable[39m=[32m"false"[39m
                    [33mviewBox[39m=[32m"0 0 24 24"[39m
                  [36m>[39m
                    [36m<path[39m
                      [33md[39m=[32m"m17 7-1.41 1.41L18.17 11H8v2h10.17l-2.58 2.58L17 17l5-5zM4 5h8V3H4c-1.1 0-2 .9-2 2v14c0 1.1.9 2 2 2h8v-2H4z"[39m
                    [36m/>[39m
                  [36m</svg>[39m
                [36m</button>[39m
              [36m</div>[39m
            [36m</div>[39m
          [36m</header>[39m
          [36m<nav[39m
            [33mclass[39m=[32m"MuiBox-root css-1at9qkq"[39m
          [36m>[39m
            [36m<div[39m
              [33mclass[39m=[32m"MuiDrawer-root MuiDrawer-anchorLeft MuiDrawer-docked css-17h82c3-MuiDrawer-docked"[39m
            [36m>[39m
              [36m<div[39m
                [33mclass[39m=[32m"MuiPaper-root MuiPaper-elevation MuiPaper-elevation0 MuiDrawer-paper MuiDrawer-paperAnchorLeft MuiDrawer-paperAnchorDockedLeft css-1lwhjos-MuiPaper-root-MuiDrawer-paper"[39m
                [33mstyle[39m=[32m"--Paper-shadow: none;"[39m
              [36m>[39m
                [36m<div[39m
                  [33mclass[39m=[32m"MuiToolbar-root MuiToolbar-gutters MuiToolbar-regular css-1ygil4i-MuiToolbar-root"[39m
                [36m/>[39m
                [36m<div[39m
                  [33mclass[39m=[32m"MuiBox-root css-1v8x7dw"[39m
                [36m>[39m
                  [36m<ul[39m
                    [33mclass[39m=[32m"MuiList-root MuiList-padding css-b7dj7n-MuiList-root"[39m
                  [36m>[39m
                    [36m<li[39m
                      [33mclass[39m=[32m"MuiListItem-root MuiListItem-gutters css-19f6boz-MuiListItem-root"[39m
                    [36m>[39m
                      [36m<a[39m
                        [33mclass[39m=[32m"MuiButtonBase-root MuiListItemButton-root MuiListItemButton-gutters MuiListItemButton-root MuiListItemButton-gutters css-gvnq3k-MuiButtonBase-root-MuiListItemButton-root"[39m
                        [33mhref[39m=[32m"/"[39m
                        [33mtabindex[39m=[32m"0"[39m
                      [36m>[39m
                        [36m<div[39m
                          [33mclass[39m=[32m"MuiListItemIcon-root css-ro2zky-MuiListItemIcon-root"[39m
                        [36m>[39m
                          [36m<svg[39m
                            [33maria-hidden[39m=[32m"true"[39m
                            [33mclass[39m=[32m"MuiSvgIcon-root MuiSvgIcon-fontSizeMedium css-1umw9bq-MuiSvgIcon-root"[39m
                            [33mdata-testid[39m=[32m"DashboardIcon"[39m
                            [33mfocusable[39m=[32m"false"[39m
                            [33mviewBox[39m=[32m"0 0 24 24"[39m
                          [36m>[39m
                            [36m<path[39m
                              [33md[39m=[32m"M3 13h8V3H3zm0 8h8v-6H3zm10 0h8V11h-8zm0-18v6h8V3z"[39m
                            [36m/>[39m
                          [36m</svg>[39m
                        [36m</div>[39m
                        [36m<div[39m
                          [33mclass[39m=[32m"MuiListItemText-root css-bmeq68-MuiListItemText-root"[39m
                        [36m>[39m
                          [36m<span[39m
                            [33mclass[39m=[32m"MuiTypography-root MuiTypography-body1 MuiListItemText-primary css-rizt0-MuiTypography-root"[39m
                          [36m>[39m
                            [0mDashboard[0m
                          [36m</span>[39m
                        [36m</div>[39m
                      [36m</a>[39m
                    [36m</li>[39m
                    [36m<li[39m
                      [33mclass[39m=[32m"MuiListItem-root MuiListItem-gutters css-19f6boz-MuiListItem-root"[39m
                    [36m>[39m
                      [36m<a[39m
                        [33mclass[39m=[32m"MuiButtonBase-root MuiListItemButton-root MuiListItemButton-gutters MuiListItemButton-...

      86 |
      87 |       expect(screen.getByText('Gestión de Usuarios')).toBeInTheDocument();
    > 88 |       expect(screen.getByText('Crear Usuario')).toBeInTheDocument();
         |                     ^
      89 |       expect(screen.getByPlaceholderText('Buscar usuarios...')).toBeInTheDocument();
      90 |     });
      91 |

      at Object.getElementError (node_modules/@testing-library/dom/dist/config.js:37:19)
      at node_modules/@testing-library/dom/dist/query-helpers.js:76:38
      at node_modules/@testing-library/dom/dist/query-helpers.js:52:17
      at node_modules/@testing-library/dom/dist/query-helpers.js:95:19
      at Object.getByText (src/app/users/__tests__/page.test.tsx:88:21)

  ● UsersPage › Renderizado › debe mostrar la lista de usuarios

    TestingLibraryElementError: Unable to find an element with the text: María García. This could be because the text is broken up by multiple elements. In this case, you can provide a function for your text matcher to make your matcher more flexible.

    Ignored nodes: comments, script, style
    [36m<body>[39m
      [36m<div>[39m
        [36m<div[39m
          [33mclass[39m=[32m"MuiBox-root css-k008qs"[39m
        [36m>[39m
          [36m<header[39m
            [33mclass[39m=[32m"MuiPaper-root MuiPaper-elevation MuiPaper-elevation4 MuiAppBar-root MuiAppBar-colorPrimary MuiAppBar-positionFixed mui-fixed css-1l6cx5b-MuiPaper-root-MuiAppBar-root"[39m
            [33mstyle[39m=[32m"--Paper-shadow: 0px 2px 4px -1px rgba(0,0,0,0.2),0px 4px 5px 0px rgba(0,0,0,0.14),0px 1px 10px 0px rgba(0,0,0,0.12);"[39m
          [36m>[39m
            [36m<div[39m
              [33mclass[39m=[32m"MuiToolbar-root MuiToolbar-gutters MuiToolbar-regular css-yg49xf-MuiToolbar-root"[39m
            [36m>[39m
              [36m<div[39m
                [33mclass[39m=[32m"MuiBox-root css-70qvj9"[39m
              [36m>[39m
                [36m<button[39m
                  [33maria-label[39m=[32m"abrir menú"[39m
                  [33mclass[39m=[32m"MuiButtonBase-root MuiIconButton-root MuiIconButton-colorInherit MuiIconButton-edgeStart MuiIconButton-sizeMedium css-kiawdm-MuiButtonBase-root-MuiIconButton-root"[39m
                  [33mtabindex[39m=[32m"0"[39m
                  [33mtype[39m=[32m"button"[39m
                [36m>[39m
                  [36m<svg[39m
                    [33maria-hidden[39m=[32m"true"[39m
                    [33mclass[39m=[32m"MuiSvgIcon-root MuiSvgIcon-fontSizeMedium css-1umw9bq-MuiSvgIcon-root"[39m
                    [33mdata-testid[39m=[32m"MenuIcon"[39m
                    [33mfocusable[39m=[32m"false"[39m
                    [33mviewBox[39m=[32m"0 0 24 24"[39m
                  [36m>[39m
                    [36m<path[39m
                      [33md[39m=[32m"M3 18h18v-2H3zm0-5h18v-2H3zm0-7v2h18V6z"[39m
                    [36m/>[39m
                  [36m</svg>[39m
                [36m</button>[39m
                [36m<h6[39m
                  [33mclass[39m=[32m"MuiTypography-root MuiTypography-h6 MuiTypography-noWrap css-5lnhk4-MuiTypography-root"[39m
                [36m>[39m
                  [0mSistema de Inventario de Usuarios[0m
                [36m</h6>[39m
              [36m</div>[39m
              [36m<div[39m
                [33mclass[39m=[32m"MuiBox-root css-axw7ok"[39m
              [36m>[39m
                [36m<div[39m
                  [33mclass[39m=[32m"MuiAvatar-root MuiAvatar-circular MuiAvatar-colorDefault css-1l53gx1-MuiAvatar-root"[39m
                [36m>[39m
                  [0mA[0m
                [36m</div>[39m
                [36m<button[39m
                  [33maria-label[39m=[32m"Cerrar sesión"[39m
                  [33mclass[39m=[32m"MuiButtonBase-root MuiIconButton-root MuiIconButton-colorInherit MuiIconButton-sizeMedium css-h7cjts-MuiButtonBase-root-MuiIconButton-root"[39m
                  [33mdata-mui-internal-clone-element[39m=[32m"true"[39m
                  [33mtabindex[39m=[32m"0"[39m
                  [33mtype[39m=[32m"button"[39m
                [36m>[39m
                  [36m<svg[39m
                    [33maria-hidden[39m=[32m"true"[39m
                    [33mclass[39m=[32m"MuiSvgIcon-root MuiSvgIcon-fontSizeMedium css-1umw9bq-MuiSvgIcon-root"[39m
                    [33mdata-testid[39m=[32m"LogoutIcon"[39m
                    [33mfocusable[39m=[32m"false"[39m
                    [33mviewBox[39m=[32m"0 0 24 24"[39m
                  [36m>[39m
                    [36m<path[39m
                      [33md[39m=[32m"m17 7-1.41 1.41L18.17 11H8v2h10.17l-2.58 2.58L17 17l5-5zM4 5h8V3H4c-1.1 0-2 .9-2 2v14c0 1.1.9 2 2 2h8v-2H4z"[39m
                    [36m/>[39m
                  [36m</svg>[39m
                [36m</button>[39m
              [36m</div>[39m
            [36m</div>[39m
          [36m</header>[39m
          [36m<nav[39m
            [33mclass[39m=[32m"MuiBox-root css-1at9qkq"[39m
          [36m>[39m
            [36m<div[39m
              [33mclass[39m=[32m"MuiDrawer-root MuiDrawer-anchorLeft MuiDrawer-docked css-17h82c3-MuiDrawer-docked"[39m
            [36m>[39m
              [36m<div[39m
                [33mclass[39m=[32m"MuiPaper-root MuiPaper-elevation MuiPaper-elevation0 MuiDrawer-paper MuiDrawer-paperAnchorLeft MuiDrawer-paperAnchorDockedLeft css-1lwhjos-MuiPaper-root-MuiDrawer-paper"[39m
                [33mstyle[39m=[32m"--Paper-shadow: none;"[39m
              [36m>[39m
                [36m<div[39m
                  [33mclass[39m=[32m"MuiToolbar-root MuiToolbar-gutters MuiToolbar-regular css-1ygil4i-MuiToolbar-root"[39m
                [36m/>[39m
                [36m<div[39m
                  [33mclass[39m=[32m"MuiBox-root css-1v8x7dw"[39m
                [36m>[39m
                  [36m<ul[39m
                    [33mclass[39m=[32m"MuiList-root MuiList-padding css-b7dj7n-MuiList-root"[39m
                  [36m>[39m
                    [36m<li[39m
                      [33mclass[39m=[32m"MuiListItem-root MuiListItem-gutters css-19f6boz-MuiListItem-root"[39m
                    [36m>[39m
                      [36m<a[39m
                        [33mclass[39m=[32m"MuiButtonBase-root MuiListItemButton-root MuiListItemButton-gutters MuiListItemButton-root MuiListItemButton-gutters css-gvnq3k-MuiButtonBase-root-MuiListItemButton-root"[39m
                        [33mhref[39m=[32m"/"[39m
                        [33mtabindex[39m=[32m"0"[39m
                      [36m>[39m
                        [36m<div[39m
                          [33mclass[39m=[32m"MuiListItemIcon-root css-ro2zky-MuiListItemIcon-root"[39m
                        [36m>[39m
                          [36m<svg[39m
                            [33maria-hidden[39m=[32m"true"[39m
                            [33mclass[39m=[32m"MuiSvgIcon-root MuiSvgIcon-fontSizeMedium css-1umw9bq-MuiSvgIcon-root"[39m
                            [33mdata-testid[39m=[32m"DashboardIcon"[39m
                            [33mfocusable[39m=[32m"false"[39m
                            [33mviewBox[39m=[32m"0 0 24 24"[39m
                          [36m>[39m
                            [36m<path[39m
                              [33md[39m=[32m"M3 13h8V3H3zm0 8h8v-6H3zm10 0h8V11h-8zm0-18v6h8V3z"[39m
                            [36m/>[39m
                          [36m</svg>[39m
                        [36m</div>[39m
                        [36m<div[39m
                          [33mclass[39m=[32m"MuiListItemText-root css-bmeq68-MuiListItemText-root"[39m
                        [36m>[39m
                          [36m<span[39m
                            [33mclass[39m=[32m"MuiTypography-root MuiTypography-body1 MuiListItemText-primary css-rizt0-MuiTypography-root"[39m
                          [36m>[39m
                            [0mDashboard[0m
                          [36m</span>[39m
                        [36m</div>[39m
                      [36m</a>[39m
                    [36m</li>[39m
                    [36m<li[39m
                      [33mclass[39m=[32m"MuiListItem-root MuiListItem-gutters css-19f6boz-MuiListItem-root"[39m
                    [36m>[39m
                      [36m<a[39m
                        [33mclass[39m=[32m"MuiButtonBase-root MuiListItemButton-root MuiListItemButton-gutters MuiListItemButton-...

       95 |       // Verificar que se muestran los usuarios mock
       96 |       expect(screen.getByText('Juan Pérez')).toBeInTheDocument();
    >  97 |       expect(screen.getByText('María García')).toBeInTheDocument();
          |                     ^
       98 |     });
       99 |
      100 |     it('debe mostrar estadísticas', () => {

      at Object.getElementError (node_modules/@testing-library/dom/dist/config.js:37:19)
      at node_modules/@testing-library/dom/dist/query-helpers.js:76:38
      at node_modules/@testing-library/dom/dist/query-helpers.js:52:17
      at node_modules/@testing-library/dom/dist/query-helpers.js:95:19
      at Object.getByText (src/app/users/__tests__/page.test.tsx:97:21)

  ● UsersPage › Renderizado › debe mostrar estadísticas

    TestingLibraryElementError: Unable to find an element with the text: Total de Usuarios. This could be because the text is broken up by multiple elements. In this case, you can provide a function for your text matcher to make your matcher more flexible.

    Ignored nodes: comments, script, style
    [36m<body>[39m
      [36m<div>[39m
        [36m<div[39m
          [33mclass[39m=[32m"MuiBox-root css-k008qs"[39m
        [36m>[39m
          [36m<header[39m
            [33mclass[39m=[32m"MuiPaper-root MuiPaper-elevation MuiPaper-elevation4 MuiAppBar-root MuiAppBar-colorPrimary MuiAppBar-positionFixed mui-fixed css-1l6cx5b-MuiPaper-root-MuiAppBar-root"[39m
            [33mstyle[39m=[32m"--Paper-shadow: 0px 2px 4px -1px rgba(0,0,0,0.2),0px 4px 5px 0px rgba(0,0,0,0.14),0px 1px 10px 0px rgba(0,0,0,0.12);"[39m
          [36m>[39m
            [36m<div[39m
              [33mclass[39m=[32m"MuiToolbar-root MuiToolbar-gutters MuiToolbar-regular css-yg49xf-MuiToolbar-root"[39m
            [36m>[39m
              [36m<div[39m
                [33mclass[39m=[32m"MuiBox-root css-70qvj9"[39m
              [36m>[39m
                [36m<button[39m
                  [33maria-label[39m=[32m"abrir menú"[39m
                  [33mclass[39m=[32m"MuiButtonBase-root MuiIconButton-root MuiIconButton-colorInherit MuiIconButton-edgeStart MuiIconButton-sizeMedium css-kiawdm-MuiButtonBase-root-MuiIconButton-root"[39m
                  [33mtabindex[39m=[32m"0"[39m
                  [33mtype[39m=[32m"button"[39m
                [36m>[39m
                  [36m<svg[39m
                    [33maria-hidden[39m=[32m"true"[39m
                    [33mclass[39m=[32m"MuiSvgIcon-root MuiSvgIcon-fontSizeMedium css-1umw9bq-MuiSvgIcon-root"[39m
                    [33mdata-testid[39m=[32m"MenuIcon"[39m
                    [33mfocusable[39m=[32m"false"[39m
                    [33mviewBox[39m=[32m"0 0 24 24"[39m
                  [36m>[39m
                    [36m<path[39m
                      [33md[39m=[32m"M3 18h18v-2H3zm0-5h18v-2H3zm0-7v2h18V6z"[39m
                    [36m/>[39m
                  [36m</svg>[39m
                [36m</button>[39m
                [36m<h6[39m
                  [33mclass[39m=[32m"MuiTypography-root MuiTypography-h6 MuiTypography-noWrap css-5lnhk4-MuiTypography-root"[39m
                [36m>[39m
                  [0mSistema de Inventario de Usuarios[0m
                [36m</h6>[39m
              [36m</div>[39m
              [36m<div[39m
                [33mclass[39m=[32m"MuiBox-root css-axw7ok"[39m
              [36m>[39m
                [36m<div[39m
                  [33mclass[39m=[32m"MuiAvatar-root MuiAvatar-circular MuiAvatar-colorDefault css-1l53gx1-MuiAvatar-root"[39m
                [36m>[39m
                  [0mA[0m
                [36m</div>[39m
                [36m<button[39m
                  [33maria-label[39m=[32m"Cerrar sesión"[39m
                  [33mclass[39m=[32m"MuiButtonBase-root MuiIconButton-root MuiIconButton-colorInherit MuiIconButton-sizeMedium css-h7cjts-MuiButtonBase-root-MuiIconButton-root"[39m
                  [33mdata-mui-internal-clone-element[39m=[32m"true"[39m
                  [33mtabindex[39m=[32m"0"[39m
                  [33mtype[39m=[32m"button"[39m
                [36m>[39m
                  [36m<svg[39m
                    [33maria-hidden[39m=[32m"true"[39m
                    [33mclass[39m=[32m"MuiSvgIcon-root MuiSvgIcon-fontSizeMedium css-1umw9bq-MuiSvgIcon-root"[39m
                    [33mdata-testid[39m=[32m"LogoutIcon"[39m
                    [33mfocusable[39m=[32m"false"[39m
                    [33mviewBox[39m=[32m"0 0 24 24"[39m
                  [36m>[39m
                    [36m<path[39m
                      [33md[39m=[32m"m17 7-1.41 1.41L18.17 11H8v2h10.17l-2.58 2.58L17 17l5-5zM4 5h8V3H4c-1.1 0-2 .9-2 2v14c0 1.1.9 2 2 2h8v-2H4z"[39m
                    [36m/>[39m
                  [36m</svg>[39m
                [36m</button>[39m
              [36m</div>[39m
            [36m</div>[39m
          [36m</header>[39m
          [36m<nav[39m
            [33mclass[39m=[32m"MuiBox-root css-1at9qkq"[39m
          [36m>[39m
            [36m<div[39m
              [33mclass[39m=[32m"MuiDrawer-root MuiDrawer-anchorLeft MuiDrawer-docked css-17h82c3-MuiDrawer-docked"[39m
            [36m>[39m
              [36m<div[39m
                [33mclass[39m=[32m"MuiPaper-root MuiPaper-elevation MuiPaper-elevation0 MuiDrawer-paper MuiDrawer-paperAnchorLeft MuiDrawer-paperAnchorDockedLeft css-1lwhjos-MuiPaper-root-MuiDrawer-paper"[39m
                [33mstyle[39m=[32m"--Paper-shadow: none;"[39m
              [36m>[39m
                [36m<div[39m
                  [33mclass[39m=[32m"MuiToolbar-root MuiToolbar-gutters MuiToolbar-regular css-1ygil4i-MuiToolbar-root"[39m
                [36m/>[39m
                [36m<div[39m
                  [33mclass[39m=[32m"MuiBox-root css-1v8x7dw"[39m
                [36m>[39m
                  [36m<ul[39m
                    [33mclass[39m=[32m"MuiList-root MuiList-padding css-b7dj7n-MuiList-root"[39m
                  [36m>[39m
                    [36m<li[39m
                      [33mclass[39m=[32m"MuiListItem-root MuiListItem-gutters css-19f6boz-MuiListItem-root"[39m
                    [36m>[39m
                      [36m<a[39m
                        [33mclass[39m=[32m"MuiButtonBase-root MuiListItemButton-root MuiListItemButton-gutters MuiListItemButton-root MuiListItemButton-gutters css-gvnq3k-MuiButtonBase-root-MuiListItemButton-root"[39m
                        [33mhref[39m=[32m"/"[39m
                        [33mtabindex[39m=[32m"0"[39m
                      [36m>[39m
                        [36m<div[39m
                          [33mclass[39m=[32m"MuiListItemIcon-root css-ro2zky-MuiListItemIcon-root"[39m
                        [36m>[39m
                          [36m<svg[39m
                            [33maria-hidden[39m=[32m"true"[39m
                            [33mclass[39m=[32m"MuiSvgIcon-root MuiSvgIcon-fontSizeMedium css-1umw9bq-MuiSvgIcon-root"[39m
                            [33mdata-testid[39m=[32m"DashboardIcon"[39m
                            [33mfocusable[39m=[32m"false"[39m
                            [33mviewBox[39m=[32m"0 0 24 24"[39m
                          [36m>[39m
                            [36m<path[39m
                              [33md[39m=[32m"M3 13h8V3H3zm0 8h8v-6H3zm10 0h8V11h-8zm0-18v6h8V3z"[39m
                            [36m/>[39m
                          [36m</svg>[39m
                        [36m</div>[39m
                        [36m<div[39m
                          [33mclass[39m=[32m"MuiListItemText-root css-bmeq68-MuiListItemText-root"[39m
                        [36m>[39m
                          [36m<span[39m
                            [33mclass[39m=[32m"MuiTypography-root MuiTypography-body1 MuiListItemText-primary css-rizt0-MuiTypography-root"[39m
                          [36m>[39m
                            [0mDashboard[0m
                          [36m</span>[39m
                        [36m</div>[39m
                      [36m</a>[39m
                    [36m</li>[39m
                    [36m<li[39m
                      [33mclass[39m=[32m"MuiListItem-root MuiListItem-gutters css-19f6boz-MuiListItem-root"[39m
                    [36m>[39m
                      [36m<a[39m
                        [33mclass[39m=[32m"MuiButtonBase-root MuiListItemButton-root MuiListItemButton-gutters MuiListItemButton-...

      101 |       render(<UsersPage />);
      102 |
    > 103 |       expect(screen.getByText('Total de Usuarios')).toBeInTheDocument();
          |                     ^
      104 |       expect(screen.getByText('Usuarios Activos')).toBeInTheDocument();
      105 |       expect(screen.getByText('Equipos Activos')).toBeInTheDocument();
      106 |     });

      at Object.getElementError (node_modules/@testing-library/dom/dist/config.js:37:19)
      at node_modules/@testing-library/dom/dist/query-helpers.js:76:38
      at node_modules/@testing-library/dom/dist/query-helpers.js:52:17
      at node_modules/@testing-library/dom/dist/query-helpers.js:95:19
      at Object.getByText (src/app/users/__tests__/page.test.tsx:103:21)

  ● UsersPage › Funcionalidad de Búsqueda › debe filtrar usuarios por nombre

    TestingLibraryElementError: Unable to find an element with the placeholder text of: Buscar usuarios...

    Ignored nodes: comments, script, style
    [36m<body>[39m
      [36m<div>[39m
        [36m<div[39m
          [33mclass[39m=[32m"MuiBox-root css-k008qs"[39m
        [36m>[39m
          [36m<header[39m
            [33mclass[39m=[32m"MuiPaper-root MuiPaper-elevation MuiPaper-elevation4 MuiAppBar-root MuiAppBar-colorPrimary MuiAppBar-positionFixed mui-fixed css-1l6cx5b-MuiPaper-root-MuiAppBar-root"[39m
            [33mstyle[39m=[32m"--Paper-shadow: 0px 2px 4px -1px rgba(0,0,0,0.2),0px 4px 5px 0px rgba(0,0,0,0.14),0px 1px 10px 0px rgba(0,0,0,0.12);"[39m
          [36m>[39m
            [36m<div[39m
              [33mclass[39m=[32m"MuiToolbar-root MuiToolbar-gutters MuiToolbar-regular css-yg49xf-MuiToolbar-root"[39m
            [36m>[39m
              [36m<div[39m
                [33mclass[39m=[32m"MuiBox-root css-70qvj9"[39m
              [36m>[39m
                [36m<button[39m
                  [33maria-label[39m=[32m"abrir menú"[39m
                  [33mclass[39m=[32m"MuiButtonBase-root MuiIconButton-root MuiIconButton-colorInherit MuiIconButton-edgeStart MuiIconButton-sizeMedium css-kiawdm-MuiButtonBase-root-MuiIconButton-root"[39m
                  [33mtabindex[39m=[32m"0"[39m
                  [33mtype[39m=[32m"button"[39m
                [36m>[39m
                  [36m<svg[39m
                    [33maria-hidden[39m=[32m"true"[39m
                    [33mclass[39m=[32m"MuiSvgIcon-root MuiSvgIcon-fontSizeMedium css-1umw9bq-MuiSvgIcon-root"[39m
                    [33mdata-testid[39m=[32m"MenuIcon"[39m
                    [33mfocusable[39m=[32m"false"[39m
                    [33mviewBox[39m=[32m"0 0 24 24"[39m
                  [36m>[39m
                    [36m<path[39m
                      [33md[39m=[32m"M3 18h18v-2H3zm0-5h18v-2H3zm0-7v2h18V6z"[39m
                    [36m/>[39m
                  [36m</svg>[39m
                [36m</button>[39m
                [36m<h6[39m
                  [33mclass[39m=[32m"MuiTypography-root MuiTypography-h6 MuiTypography-noWrap css-5lnhk4-MuiTypography-root"[39m
                [36m>[39m
                  [0mSistema de Inventario de Usuarios[0m
                [36m</h6>[39m
              [36m</div>[39m
              [36m<div[39m
                [33mclass[39m=[32m"MuiBox-root css-axw7ok"[39m
              [36m>[39m
                [36m<div[39m
                  [33mclass[39m=[32m"MuiAvatar-root MuiAvatar-circular MuiAvatar-colorDefault css-1l53gx1-MuiAvatar-root"[39m
                [36m>[39m
                  [0mA[0m
                [36m</div>[39m
                [36m<button[39m
                  [33maria-label[39m=[32m"Cerrar sesión"[39m
                  [33mclass[39m=[32m"MuiButtonBase-root MuiIconButton-root MuiIconButton-colorInherit MuiIconButton-sizeMedium css-h7cjts-MuiButtonBase-root-MuiIconButton-root"[39m
                  [33mdata-mui-internal-clone-element[39m=[32m"true"[39m
                  [33mtabindex[39m=[32m"0"[39m
                  [33mtype[39m=[32m"button"[39m
                [36m>[39m
                  [36m<svg[39m
                    [33maria-hidden[39m=[32m"true"[39m
                    [33mclass[39m=[32m"MuiSvgIcon-root MuiSvgIcon-fontSizeMedium css-1umw9bq-MuiSvgIcon-root"[39m
                    [33mdata-testid[39m=[32m"LogoutIcon"[39m
                    [33mfocusable[39m=[32m"false"[39m
                    [33mviewBox[39m=[32m"0 0 24 24"[39m
                  [36m>[39m
                    [36m<path[39m
                      [33md[39m=[32m"m17 7-1.41 1.41L18.17 11H8v2h10.17l-2.58 2.58L17 17l5-5zM4 5h8V3H4c-1.1 0-2 .9-2 2v14c0 1.1.9 2 2 2h8v-2H4z"[39m
                    [36m/>[39m
                  [36m</svg>[39m
                [36m</button>[39m
              [36m</div>[39m
            [36m</div>[39m
          [36m</header>[39m
          [36m<nav[39m
            [33mclass[39m=[32m"MuiBox-root css-1at9qkq"[39m
          [36m>[39m
            [36m<div[39m
              [33mclass[39m=[32m"MuiDrawer-root MuiDrawer-anchorLeft MuiDrawer-docked css-17h82c3-MuiDrawer-docked"[39m
            [36m>[39m
              [36m<div[39m
                [33mclass[39m=[32m"MuiPaper-root MuiPaper-elevation MuiPaper-elevation0 MuiDrawer-paper MuiDrawer-paperAnchorLeft MuiDrawer-paperAnchorDockedLeft css-1lwhjos-MuiPaper-root-MuiDrawer-paper"[39m
                [33mstyle[39m=[32m"--Paper-shadow: none;"[39m
              [36m>[39m
                [36m<div[39m
                  [33mclass[39m=[32m"MuiToolbar-root MuiToolbar-gutters MuiToolbar-regular css-1ygil4i-MuiToolbar-root"[39m
                [36m/>[39m
                [36m<div[39m
                  [33mclass[39m=[32m"MuiBox-root css-1v8x7dw"[39m
                [36m>[39m
                  [36m<ul[39m
                    [33mclass[39m=[32m"MuiList-root MuiList-padding css-b7dj7n-MuiList-root"[39m
                  [36m>[39m
                    [36m<li[39m
                      [33mclass[39m=[32m"MuiListItem-root MuiListItem-gutters css-19f6boz-MuiListItem-root"[39m
                    [36m>[39m
                      [36m<a[39m
                        [33mclass[39m=[32m"MuiButtonBase-root MuiListItemButton-root MuiListItemButton-gutters MuiListItemButton-root MuiListItemButton-gutters css-gvnq3k-MuiButtonBase-root-MuiListItemButton-root"[39m
                        [33mhref[39m=[32m"/"[39m
                        [33mtabindex[39m=[32m"0"[39m
                      [36m>[39m
                        [36m<div[39m
                          [33mclass[39m=[32m"MuiListItemIcon-root css-ro2zky-MuiListItemIcon-root"[39m
                        [36m>[39m
                          [36m<svg[39m
                            [33maria-hidden[39m=[32m"true"[39m
                            [33mclass[39m=[32m"MuiSvgIcon-root MuiSvgIcon-fontSizeMedium css-1umw9bq-MuiSvgIcon-root"[39m
                            [33mdata-testid[39m=[32m"DashboardIcon"[39m
                            [33mfocusable[39m=[32m"false"[39m
                            [33mviewBox[39m=[32m"0 0 24 24"[39m
                          [36m>[39m
                            [36m<path[39m
                              [33md[39m=[32m"M3 13h8V3H3zm0 8h8v-6H3zm10 0h8V11h-8zm0-18v6h8V3z"[39m
                            [36m/>[39m
                          [36m</svg>[39m
                        [36m</div>[39m
                        [36m<div[39m
                          [33mclass[39m=[32m"MuiListItemText-root css-bmeq68-MuiListItemText-root"[39m
                        [36m>[39m
                          [36m<span[39m
                            [33mclass[39m=[32m"MuiTypography-root MuiTypography-body1 MuiListItemText-primary css-rizt0-MuiTypography-root"[39m
                          [36m>[39m
                            [0mDashboard[0m
                          [36m</span>[39m
                        [36m</div>[39m
                      [36m</a>[39m
                    [36m</li>[39m
                    [36m<li[39m
                      [33mclass[39m=[32m"MuiListItem-root MuiListItem-gutters css-19f6boz-MuiListItem-root"[39m
                    [36m>[39m
                      [36m<a[39m
                        [33mclass[39m=[32m"MuiButtonBase-root MuiListItemButton-root MuiListItemButton-gutters MuiListItemButton-...

      111 |       render(<UsersPage />);
      112 |
    > 113 |       const searchInput = screen.getByPlaceholderText('Buscar usuarios...');
          |                                  ^
      114 |       await userEvent.type(searchInput, 'Juan');
      115 |
      116 |       expect(screen.getByText('Juan Pérez')).toBeInTheDocument();

      at Object.getElementError (node_modules/@testing-library/dom/dist/config.js:37:19)
      at node_modules/@testing-library/dom/dist/query-helpers.js:76:38
      at node_modules/@testing-library/dom/dist/query-helpers.js:52:17
      at node_modules/@testing-library/dom/dist/query-helpers.js:95:19
      at Object.getByPlaceholderText (src/app/users/__tests__/page.test.tsx:113:34)

  ● UsersPage › Funcionalidad de Búsqueda › debe filtrar usuarios por número de empleado

    TestingLibraryElementError: Unable to find an element with the placeholder text of: Buscar usuarios...

    Ignored nodes: comments, script, style
    [36m<body>[39m
      [36m<div>[39m
        [36m<div[39m
          [33mclass[39m=[32m"MuiBox-root css-k008qs"[39m
        [36m>[39m
          [36m<header[39m
            [33mclass[39m=[32m"MuiPaper-root MuiPaper-elevation MuiPaper-elevation4 MuiAppBar-root MuiAppBar-colorPrimary MuiAppBar-positionFixed mui-fixed css-1l6cx5b-MuiPaper-root-MuiAppBar-root"[39m
            [33mstyle[39m=[32m"--Paper-shadow: 0px 2px 4px -1px rgba(0,0,0,0.2),0px 4px 5px 0px rgba(0,0,0,0.14),0px 1px 10px 0px rgba(0,0,0,0.12);"[39m
          [36m>[39m
            [36m<div[39m
              [33mclass[39m=[32m"MuiToolbar-root MuiToolbar-gutters MuiToolbar-regular css-yg49xf-MuiToolbar-root"[39m
            [36m>[39m
              [36m<div[39m
                [33mclass[39m=[32m"MuiBox-root css-70qvj9"[39m
              [36m>[39m
                [36m<button[39m
                  [33maria-label[39m=[32m"abrir menú"[39m
                  [33mclass[39m=[32m"MuiButtonBase-root MuiIconButton-root MuiIconButton-colorInherit MuiIconButton-edgeStart MuiIconButton-sizeMedium css-kiawdm-MuiButtonBase-root-MuiIconButton-root"[39m
                  [33mtabindex[39m=[32m"0"[39m
                  [33mtype[39m=[32m"button"[39m
                [36m>[39m
                  [36m<svg[39m
                    [33maria-hidden[39m=[32m"true"[39m
                    [33mclass[39m=[32m"MuiSvgIcon-root MuiSvgIcon-fontSizeMedium css-1umw9bq-MuiSvgIcon-root"[39m
                    [33mdata-testid[39m=[32m"MenuIcon"[39m
                    [33mfocusable[39m=[32m"false"[39m
                    [33mviewBox[39m=[32m"0 0 24 24"[39m
                  [36m>[39m
                    [36m<path[39m
                      [33md[39m=[32m"M3 18h18v-2H3zm0-5h18v-2H3zm0-7v2h18V6z"[39m
                    [36m/>[39m
                  [36m</svg>[39m
                [36m</button>[39m
                [36m<h6[39m
                  [33mclass[39m=[32m"MuiTypography-root MuiTypography-h6 MuiTypography-noWrap css-5lnhk4-MuiTypography-root"[39m
                [36m>[39m
                  [0mSistema de Inventario de Usuarios[0m
                [36m</h6>[39m
              [36m</div>[39m
              [36m<div[39m
                [33mclass[39m=[32m"MuiBox-root css-axw7ok"[39m
              [36m>[39m
                [36m<div[39m
                  [33mclass[39m=[32m"MuiAvatar-root MuiAvatar-circular MuiAvatar-colorDefault css-1l53gx1-MuiAvatar-root"[39m
                [36m>[39m
                  [0mA[0m
                [36m</div>[39m
                [36m<button[39m
                  [33maria-label[39m=[32m"Cerrar sesión"[39m
                  [33mclass[39m=[32m"MuiButtonBase-root MuiIconButton-root MuiIconButton-colorInherit MuiIconButton-sizeMedium css-h7cjts-MuiButtonBase-root-MuiIconButton-root"[39m
                  [33mdata-mui-internal-clone-element[39m=[32m"true"[39m
                  [33mtabindex[39m=[32m"0"[39m
                  [33mtype[39m=[32m"button"[39m
                [36m>[39m
                  [36m<svg[39m
                    [33maria-hidden[39m=[32m"true"[39m
                    [33mclass[39m=[32m"MuiSvgIcon-root MuiSvgIcon-fontSizeMedium css-1umw9bq-MuiSvgIcon-root"[39m
                    [33mdata-testid[39m=[32m"LogoutIcon"[39m
                    [33mfocusable[39m=[32m"false"[39m
                    [33mviewBox[39m=[32m"0 0 24 24"[39m
                  [36m>[39m
                    [36m<path[39m
                      [33md[39m=[32m"m17 7-1.41 1.41L18.17 11H8v2h10.17l-2.58 2.58L17 17l5-5zM4 5h8V3H4c-1.1 0-2 .9-2 2v14c0 1.1.9 2 2 2h8v-2H4z"[39m
                    [36m/>[39m
                  [36m</svg>[39m
                [36m</button>[39m
              [36m</div>[39m
            [36m</div>[39m
          [36m</header>[39m
          [36m<nav[39m
            [33mclass[39m=[32m"MuiBox-root css-1at9qkq"[39m
          [36m>[39m
            [36m<div[39m
              [33mclass[39m=[32m"MuiDrawer-root MuiDrawer-anchorLeft MuiDrawer-docked css-17h82c3-MuiDrawer-docked"[39m
            [36m>[39m
              [36m<div[39m
                [33mclass[39m=[32m"MuiPaper-root MuiPaper-elevation MuiPaper-elevation0 MuiDrawer-paper MuiDrawer-paperAnchorLeft MuiDrawer-paperAnchorDockedLeft css-1lwhjos-MuiPaper-root-MuiDrawer-paper"[39m
                [33mstyle[39m=[32m"--Paper-shadow: none;"[39m
              [36m>[39m
                [36m<div[39m
                  [33mclass[39m=[32m"MuiToolbar-root MuiToolbar-gutters MuiToolbar-regular css-1ygil4i-MuiToolbar-root"[39m
                [36m/>[39m
                [36m<div[39m
                  [33mclass[39m=[32m"MuiBox-root css-1v8x7dw"[39m
                [36m>[39m
                  [36m<ul[39m
                    [33mclass[39m=[32m"MuiList-root MuiList-padding css-b7dj7n-MuiList-root"[39m
                  [36m>[39m
                    [36m<li[39m
                      [33mclass[39m=[32m"MuiListItem-root MuiListItem-gutters css-19f6boz-MuiListItem-root"[39m
                    [36m>[39m
                      [36m<a[39m
                        [33mclass[39m=[32m"MuiButtonBase-root MuiListItemButton-root MuiListItemButton-gutters MuiListItemButton-root MuiListItemButton-gutters css-gvnq3k-MuiButtonBase-root-MuiListItemButton-root"[39m
                        [33mhref[39m=[32m"/"[39m
                        [33mtabindex[39m=[32m"0"[39m
                      [36m>[39m
                        [36m<div[39m
                          [33mclass[39m=[32m"MuiListItemIcon-root css-ro2zky-MuiListItemIcon-root"[39m
                        [36m>[39m
                          [36m<svg[39m
                            [33maria-hidden[39m=[32m"true"[39m
                            [33mclass[39m=[32m"MuiSvgIcon-root MuiSvgIcon-fontSizeMedium css-1umw9bq-MuiSvgIcon-root"[39m
                            [33mdata-testid[39m=[32m"DashboardIcon"[39m
                            [33mfocusable[39m=[32m"false"[39m
                            [33mviewBox[39m=[32m"0 0 24 24"[39m
                          [36m>[39m
                            [36m<path[39m
                              [33md[39m=[32m"M3 13h8V3H3zm0 8h8v-6H3zm10 0h8V11h-8zm0-18v6h8V3z"[39m
                            [36m/>[39m
                          [36m</svg>[39m
                        [36m</div>[39m
                        [36m<div[39m
                          [33mclass[39m=[32m"MuiListItemText-root css-bmeq68-MuiListItemText-root"[39m
                        [36m>[39m
                          [36m<span[39m
                            [33mclass[39m=[32m"MuiTypography-root MuiTypography-body1 MuiListItemText-primary css-rizt0-MuiTypography-root"[39m
                          [36m>[39m
                            [0mDashboard[0m
                          [36m</span>[39m
                        [36m</div>[39m
                      [36m</a>[39m
                    [36m</li>[39m
                    [36m<li[39m
                      [33mclass[39m=[32m"MuiListItem-root MuiListItem-gutters css-19f6boz-MuiListItem-root"[39m
                    [36m>[39m
                      [36m<a[39m
                        [33mclass[39m=[32m"MuiButtonBase-root MuiListItemButton-root MuiListItemButton-gutters MuiListItemButton-...

      121 |       render(<UsersPage />);
      122 |
    > 123 |       const searchInput = screen.getByPlaceholderText('Buscar usuarios...');
          |                                  ^
      124 |       await userEvent.type(searchInput, 'EMP001');
      125 |
      126 |       expect(screen.getByText('Juan Pérez')).toBeInTheDocument();

      at Object.getElementError (node_modules/@testing-library/dom/dist/config.js:37:19)
      at node_modules/@testing-library/dom/dist/query-helpers.js:76:38
      at node_modules/@testing-library/dom/dist/query-helpers.js:52:17
      at node_modules/@testing-library/dom/dist/query-helpers.js:95:19
      at Object.getByPlaceholderText (src/app/users/__tests__/page.test.tsx:123:34)

  ● UsersPage › Funcionalidad de Búsqueda › debe mostrar todos los usuarios cuando la búsqueda está vacía

    TestingLibraryElementError: Unable to find an element with the placeholder text of: Buscar usuarios...

    Ignored nodes: comments, script, style
    [36m<body>[39m
      [36m<div>[39m
        [36m<div[39m
          [33mclass[39m=[32m"MuiBox-root css-k008qs"[39m
        [36m>[39m
          [36m<header[39m
            [33mclass[39m=[32m"MuiPaper-root MuiPaper-elevation MuiPaper-elevation4 MuiAppBar-root MuiAppBar-colorPrimary MuiAppBar-positionFixed mui-fixed css-1l6cx5b-MuiPaper-root-MuiAppBar-root"[39m
            [33mstyle[39m=[32m"--Paper-shadow: 0px 2px 4px -1px rgba(0,0,0,0.2),0px 4px 5px 0px rgba(0,0,0,0.14),0px 1px 10px 0px rgba(0,0,0,0.12);"[39m
          [36m>[39m
            [36m<div[39m
              [33mclass[39m=[32m"MuiToolbar-root MuiToolbar-gutters MuiToolbar-regular css-yg49xf-MuiToolbar-root"[39m
            [36m>[39m
              [36m<div[39m
                [33mclass[39m=[32m"MuiBox-root css-70qvj9"[39m
              [36m>[39m
                [36m<button[39m
                  [33maria-label[39m=[32m"abrir menú"[39m
                  [33mclass[39m=[32m"MuiButtonBase-root MuiIconButton-root MuiIconButton-colorInherit MuiIconButton-edgeStart MuiIconButton-sizeMedium css-kiawdm-MuiButtonBase-root-MuiIconButton-root"[39m
                  [33mtabindex[39m=[32m"0"[39m
                  [33mtype[39m=[32m"button"[39m
                [36m>[39m
                  [36m<svg[39m
                    [33maria-hidden[39m=[32m"true"[39m
                    [33mclass[39m=[32m"MuiSvgIcon-root MuiSvgIcon-fontSizeMedium css-1umw9bq-MuiSvgIcon-root"[39m
                    [33mdata-testid[39m=[32m"MenuIcon"[39m
                    [33mfocusable[39m=[32m"false"[39m
                    [33mviewBox[39m=[32m"0 0 24 24"[39m
                  [36m>[39m
                    [36m<path[39m
                      [33md[39m=[32m"M3 18h18v-2H3zm0-5h18v-2H3zm0-7v2h18V6z"[39m
                    [36m/>[39m
                  [36m</svg>[39m
                [36m</button>[39m
                [36m<h6[39m
                  [33mclass[39m=[32m"MuiTypography-root MuiTypography-h6 MuiTypography-noWrap css-5lnhk4-MuiTypography-root"[39m
                [36m>[39m
                  [0mSistema de Inventario de Usuarios[0m
                [36m</h6>[39m
              [36m</div>[39m
              [36m<div[39m
                [33mclass[39m=[32m"MuiBox-root css-axw7ok"[39m
              [36m>[39m
                [36m<div[39m
                  [33mclass[39m=[32m"MuiAvatar-root MuiAvatar-circular MuiAvatar-colorDefault css-1l53gx1-MuiAvatar-root"[39m
                [36m>[39m
                  [0mA[0m
                [36m</div>[39m
                [36m<button[39m
                  [33maria-label[39m=[32m"Cerrar sesión"[39m
                  [33mclass[39m=[32m"MuiButtonBase-root MuiIconButton-root MuiIconButton-colorInherit MuiIconButton-sizeMedium css-h7cjts-MuiButtonBase-root-MuiIconButton-root"[39m
                  [33mdata-mui-internal-clone-element[39m=[32m"true"[39m
                  [33mtabindex[39m=[32m"0"[39m
                  [33mtype[39m=[32m"button"[39m
                [36m>[39m
                  [36m<svg[39m
                    [33maria-hidden[39m=[32m"true"[39m
                    [33mclass[39m=[32m"MuiSvgIcon-root MuiSvgIcon-fontSizeMedium css-1umw9bq-MuiSvgIcon-root"[39m
                    [33mdata-testid[39m=[32m"LogoutIcon"[39m
                    [33mfocusable[39m=[32m"false"[39m
                    [33mviewBox[39m=[32m"0 0 24 24"[39m
                  [36m>[39m
                    [36m<path[39m
                      [33md[39m=[32m"m17 7-1.41 1.41L18.17 11H8v2h10.17l-2.58 2.58L17 17l5-5zM4 5h8V3H4c-1.1 0-2 .9-2 2v14c0 1.1.9 2 2 2h8v-2H4z"[39m
                    [36m/>[39m
                  [36m</svg>[39m
                [36m</button>[39m
              [36m</div>[39m
            [36m</div>[39m
          [36m</header>[39m
          [36m<nav[39m
            [33mclass[39m=[32m"MuiBox-root css-1at9qkq"[39m
          [36m>[39m
            [36m<div[39m
              [33mclass[39m=[32m"MuiDrawer-root MuiDrawer-anchorLeft MuiDrawer-docked css-17h82c3-MuiDrawer-docked"[39m
            [36m>[39m
              [36m<div[39m
                [33mclass[39m=[32m"MuiPaper-root MuiPaper-elevation MuiPaper-elevation0 MuiDrawer-paper MuiDrawer-paperAnchorLeft MuiDrawer-paperAnchorDockedLeft css-1lwhjos-MuiPaper-root-MuiDrawer-paper"[39m
                [33mstyle[39m=[32m"--Paper-shadow: none;"[39m
              [36m>[39m
                [36m<div[39m
                  [33mclass[39m=[32m"MuiToolbar-root MuiToolbar-gutters MuiToolbar-regular css-1ygil4i-MuiToolbar-root"[39m
                [36m/>[39m
                [36m<div[39m
                  [33mclass[39m=[32m"MuiBox-root css-1v8x7dw"[39m
                [36m>[39m
                  [36m<ul[39m
                    [33mclass[39m=[32m"MuiList-root MuiList-padding css-b7dj7n-MuiList-root"[39m
                  [36m>[39m
                    [36m<li[39m
                      [33mclass[39m=[32m"MuiListItem-root MuiListItem-gutters css-19f6boz-MuiListItem-root"[39m
                    [36m>[39m
                      [36m<a[39m
                        [33mclass[39m=[32m"MuiButtonBase-root MuiListItemButton-root MuiListItemButton-gutters MuiListItemButton-root MuiListItemButton-gutters css-gvnq3k-MuiButtonBase-root-MuiListItemButton-root"[39m
                        [33mhref[39m=[32m"/"[39m
                        [33mtabindex[39m=[32m"0"[39m
                      [36m>[39m
                        [36m<div[39m
                          [33mclass[39m=[32m"MuiListItemIcon-root css-ro2zky-MuiListItemIcon-root"[39m
                        [36m>[39m
                          [36m<svg[39m
                            [33maria-hidden[39m=[32m"true"[39m
                            [33mclass[39m=[32m"MuiSvgIcon-root MuiSvgIcon-fontSizeMedium css-1umw9bq-MuiSvgIcon-root"[39m
                            [33mdata-testid[39m=[32m"DashboardIcon"[39m
                            [33mfocusable[39m=[32m"false"[39m
                            [33mviewBox[39m=[32m"0 0 24 24"[39m
                          [36m>[39m
                            [36m<path[39m
                              [33md[39m=[32m"M3 13h8V3H3zm0 8h8v-6H3zm10 0h8V11h-8zm0-18v6h8V3z"[39m
                            [36m/>[39m
                          [36m</svg>[39m
                        [36m</div>[39m
                        [36m<div[39m
                          [33mclass[39m=[32m"MuiListItemText-root css-bmeq68-MuiListItemText-root"[39m
                        [36m>[39m
                          [36m<span[39m
                            [33mclass[39m=[32m"MuiTypography-root MuiTypography-body1 MuiListItemText-primary css-rizt0-MuiTypography-root"[39m
                          [36m>[39m
                            [0mDashboard[0m
                          [36m</span>[39m
                        [36m</div>[39m
                      [36m</a>[39m
                    [36m</li>[39m
                    [36m<li[39m
                      [33mclass[39m=[32m"MuiListItem-root MuiListItem-gutters css-19f6boz-MuiListItem-root"[39m
                    [36m>[39m
                      [36m<a[39m
                        [33mclass[39m=[32m"MuiButtonBase-root MuiListItemButton-root MuiListItemButton-gutters MuiListItemButton-...

      131 |       render(<UsersPage />);
      132 |
    > 133 |       const searchInput = screen.getByPlaceholderText('Buscar usuarios...');
          |                                  ^
      134 |       await userEvent.type(searchInput, 'Juan');
      135 |       await userEvent.clear(searchInput);
      136 |

      at Object.getElementError (node_modules/@testing-library/dom/dist/config.js:37:19)
      at node_modules/@testing-library/dom/dist/query-helpers.js:76:38
      at node_modules/@testing-library/dom/dist/query-helpers.js:52:17
      at node_modules/@testing-library/dom/dist/query-helpers.js:95:19
      at Object.getByPlaceholderText (src/app/users/__tests__/page.test.tsx:133:34)

  ● UsersPage › Funcionalidad de Búsqueda › debe mostrar mensaje cuando no hay resultados

    TestingLibraryElementError: Unable to find an element with the placeholder text of: Buscar usuarios...

    Ignored nodes: comments, script, style
    [36m<body>[39m
      [36m<div>[39m
        [36m<div[39m
          [33mclass[39m=[32m"MuiBox-root css-k008qs"[39m
        [36m>[39m
          [36m<header[39m
            [33mclass[39m=[32m"MuiPaper-root MuiPaper-elevation MuiPaper-elevation4 MuiAppBar-root MuiAppBar-colorPrimary MuiAppBar-positionFixed mui-fixed css-1l6cx5b-MuiPaper-root-MuiAppBar-root"[39m
            [33mstyle[39m=[32m"--Paper-shadow: 0px 2px 4px -1px rgba(0,0,0,0.2),0px 4px 5px 0px rgba(0,0,0,0.14),0px 1px 10px 0px rgba(0,0,0,0.12);"[39m
          [36m>[39m
            [36m<div[39m
              [33mclass[39m=[32m"MuiToolbar-root MuiToolbar-gutters MuiToolbar-regular css-yg49xf-MuiToolbar-root"[39m
            [36m>[39m
              [36m<div[39m
                [33mclass[39m=[32m"MuiBox-root css-70qvj9"[39m
              [36m>[39m
                [36m<button[39m
                  [33maria-label[39m=[32m"abrir menú"[39m
                  [33mclass[39m=[32m"MuiButtonBase-root MuiIconButton-root MuiIconButton-colorInherit MuiIconButton-edgeStart MuiIconButton-sizeMedium css-kiawdm-MuiButtonBase-root-MuiIconButton-root"[39m
                  [33mtabindex[39m=[32m"0"[39m
                  [33mtype[39m=[32m"button"[39m
                [36m>[39m
                  [36m<svg[39m
                    [33maria-hidden[39m=[32m"true"[39m
                    [33mclass[39m=[32m"MuiSvgIcon-root MuiSvgIcon-fontSizeMedium css-1umw9bq-MuiSvgIcon-root"[39m
                    [33mdata-testid[39m=[32m"MenuIcon"[39m
                    [33mfocusable[39m=[32m"false"[39m
                    [33mviewBox[39m=[32m"0 0 24 24"[39m
                  [36m>[39m
                    [36m<path[39m
                      [33md[39m=[32m"M3 18h18v-2H3zm0-5h18v-2H3zm0-7v2h18V6z"[39m
                    [36m/>[39m
                  [36m</svg>[39m
                [36m</button>[39m
                [36m<h6[39m
                  [33mclass[39m=[32m"MuiTypography-root MuiTypography-h6 MuiTypography-noWrap css-5lnhk4-MuiTypography-root"[39m
                [36m>[39m
                  [0mSistema de Inventario de Usuarios[0m
                [36m</h6>[39m
              [36m</div>[39m
              [36m<div[39m
                [33mclass[39m=[32m"MuiBox-root css-axw7ok"[39m
              [36m>[39m
                [36m<div[39m
                  [33mclass[39m=[32m"MuiAvatar-root MuiAvatar-circular MuiAvatar-colorDefault css-1l53gx1-MuiAvatar-root"[39m
                [36m>[39m
                  [0mA[0m
                [36m</div>[39m
                [36m<button[39m
                  [33maria-label[39m=[32m"Cerrar sesión"[39m
                  [33mclass[39m=[32m"MuiButtonBase-root MuiIconButton-root MuiIconButton-colorInherit MuiIconButton-sizeMedium css-h7cjts-MuiButtonBase-root-MuiIconButton-root"[39m
                  [33mdata-mui-internal-clone-element[39m=[32m"true"[39m
                  [33mtabindex[39m=[32m"0"[39m
                  [33mtype[39m=[32m"button"[39m
                [36m>[39m
                  [36m<svg[39m
                    [33maria-hidden[39m=[32m"true"[39m
                    [33mclass[39m=[32m"MuiSvgIcon-root MuiSvgIcon-fontSizeMedium css-1umw9bq-MuiSvgIcon-root"[39m
                    [33mdata-testid[39m=[32m"LogoutIcon"[39m
                    [33mfocusable[39m=[32m"false"[39m
                    [33mviewBox[39m=[32m"0 0 24 24"[39m
                  [36m>[39m
                    [36m<path[39m
                      [33md[39m=[32m"m17 7-1.41 1.41L18.17 11H8v2h10.17l-2.58 2.58L17 17l5-5zM4 5h8V3H4c-1.1 0-2 .9-2 2v14c0 1.1.9 2 2 2h8v-2H4z"[39m
                    [36m/>[39m
                  [36m</svg>[39m
                [36m</button>[39m
              [36m</div>[39m
            [36m</div>[39m
          [36m</header>[39m
          [36m<nav[39m
            [33mclass[39m=[32m"MuiBox-root css-1at9qkq"[39m
          [36m>[39m
            [36m<div[39m
              [33mclass[39m=[32m"MuiDrawer-root MuiDrawer-anchorLeft MuiDrawer-docked css-17h82c3-MuiDrawer-docked"[39m
            [36m>[39m
              [36m<div[39m
                [33mclass[39m=[32m"MuiPaper-root MuiPaper-elevation MuiPaper-elevation0 MuiDrawer-paper MuiDrawer-paperAnchorLeft MuiDrawer-paperAnchorDockedLeft css-1lwhjos-MuiPaper-root-MuiDrawer-paper"[39m
                [33mstyle[39m=[32m"--Paper-shadow: none;"[39m
              [36m>[39m
                [36m<div[39m
                  [33mclass[39m=[32m"MuiToolbar-root MuiToolbar-gutters MuiToolbar-regular css-1ygil4i-MuiToolbar-root"[39m
                [36m/>[39m
                [36m<div[39m
                  [33mclass[39m=[32m"MuiBox-root css-1v8x7dw"[39m
                [36m>[39m
                  [36m<ul[39m
                    [33mclass[39m=[32m"MuiList-root MuiList-padding css-b7dj7n-MuiList-root"[39m
                  [36m>[39m
                    [36m<li[39m
                      [33mclass[39m=[32m"MuiListItem-root MuiListItem-gutters css-19f6boz-MuiListItem-root"[39m
                    [36m>[39m
                      [36m<a[39m
                        [33mclass[39m=[32m"MuiButtonBase-root MuiListItemButton-root MuiListItemButton-gutters MuiListItemButton-root MuiListItemButton-gutters css-gvnq3k-MuiButtonBase-root-MuiListItemButton-root"[39m
                        [33mhref[39m=[32m"/"[39m
                        [33mtabindex[39m=[32m"0"[39m
                      [36m>[39m
                        [36m<div[39m
                          [33mclass[39m=[32m"MuiListItemIcon-root css-ro2zky-MuiListItemIcon-root"[39m
                        [36m>[39m
                          [36m<svg[39m
                            [33maria-hidden[39m=[32m"true"[39m
                            [33mclass[39m=[32m"MuiSvgIcon-root MuiSvgIcon-fontSizeMedium css-1umw9bq-MuiSvgIcon-root"[39m
                            [33mdata-testid[39m=[32m"DashboardIcon"[39m
                            [33mfocusable[39m=[32m"false"[39m
                            [33mviewBox[39m=[32m"0 0 24 24"[39m
                          [36m>[39m
                            [36m<path[39m
                              [33md[39m=[32m"M3 13h8V3H3zm0 8h8v-6H3zm10 0h8V11h-8zm0-18v6h8V3z"[39m
                            [36m/>[39m
                          [36m</svg>[39m
                        [36m</div>[39m
                        [36m<div[39m
                          [33mclass[39m=[32m"MuiListItemText-root css-bmeq68-MuiListItemText-root"[39m
                        [36m>[39m
                          [36m<span[39m
                            [33mclass[39m=[32m"MuiTypography-root MuiTypography-body1 MuiListItemText-primary css-rizt0-MuiTypography-root"[39m
                          [36m>[39m
                            [0mDashboard[0m
                          [36m</span>[39m
                        [36m</div>[39m
                      [36m</a>[39m
                    [36m</li>[39m
                    [36m<li[39m
                      [33mclass[39m=[32m"MuiListItem-root MuiListItem-gutters css-19f6boz-MuiListItem-root"[39m
                    [36m>[39m
                      [36m<a[39m
                        [33mclass[39m=[32m"MuiButtonBase-root MuiListItemButton-root MuiListItemButton-gutters MuiListItemButton-...

      142 |       render(<UsersPage />);
      143 |
    > 144 |       const searchInput = screen.getByPlaceholderText('Buscar usuarios...');
          |                                  ^
      145 |       await userEvent.type(searchInput, 'UsuarioInexistente');
      146 |
      147 |       expect(screen.getByText('No se encontraron usuarios')).toBeInTheDocument();

      at Object.getElementError (node_modules/@testing-library/dom/dist/config.js:37:19)
      at node_modules/@testing-library/dom/dist/query-helpers.js:76:38
      at node_modules/@testing-library/dom/dist/query-helpers.js:52:17
      at node_modules/@testing-library/dom/dist/query-helpers.js:95:19
      at Object.getByPlaceholderText (src/app/users/__tests__/page.test.tsx:144:34)

  ● UsersPage › Funcionalidad de Crear Usuario › debe abrir el modal de crear usuario

    TestingLibraryElementError: Unable to find an element with the text: Crear Usuario. This could be because the text is broken up by multiple elements. In this case, you can provide a function for your text matcher to make your matcher more flexible.

    Ignored nodes: comments, script, style
    [36m<body>[39m
      [36m<div>[39m
        [36m<div[39m
          [33mclass[39m=[32m"MuiBox-root css-k008qs"[39m
        [36m>[39m
          [36m<header[39m
            [33mclass[39m=[32m"MuiPaper-root MuiPaper-elevation MuiPaper-elevation4 MuiAppBar-root MuiAppBar-colorPrimary MuiAppBar-positionFixed mui-fixed css-1l6cx5b-MuiPaper-root-MuiAppBar-root"[39m
            [33mstyle[39m=[32m"--Paper-shadow: 0px 2px 4px -1px rgba(0,0,0,0.2),0px 4px 5px 0px rgba(0,0,0,0.14),0px 1px 10px 0px rgba(0,0,0,0.12);"[39m
          [36m>[39m
            [36m<div[39m
              [33mclass[39m=[32m"MuiToolbar-root MuiToolbar-gutters MuiToolbar-regular css-yg49xf-MuiToolbar-root"[39m
            [36m>[39m
              [36m<div[39m
                [33mclass[39m=[32m"MuiBox-root css-70qvj9"[39m
              [36m>[39m
                [36m<button[39m
                  [33maria-label[39m=[32m"abrir menú"[39m
                  [33mclass[39m=[32m"MuiButtonBase-root MuiIconButton-root MuiIconButton-colorInherit MuiIconButton-edgeStart MuiIconButton-sizeMedium css-kiawdm-MuiButtonBase-root-MuiIconButton-root"[39m
                  [33mtabindex[39m=[32m"0"[39m
                  [33mtype[39m=[32m"button"[39m
                [36m>[39m
                  [36m<svg[39m
                    [33maria-hidden[39m=[32m"true"[39m
                    [33mclass[39m=[32m"MuiSvgIcon-root MuiSvgIcon-fontSizeMedium css-1umw9bq-MuiSvgIcon-root"[39m
                    [33mdata-testid[39m=[32m"MenuIcon"[39m
                    [33mfocusable[39m=[32m"false"[39m
                    [33mviewBox[39m=[32m"0 0 24 24"[39m
                  [36m>[39m
                    [36m<path[39m
                      [33md[39m=[32m"M3 18h18v-2H3zm0-5h18v-2H3zm0-7v2h18V6z"[39m
                    [36m/>[39m
                  [36m</svg>[39m
                [36m</button>[39m
                [36m<h6[39m
                  [33mclass[39m=[32m"MuiTypography-root MuiTypography-h6 MuiTypography-noWrap css-5lnhk4-MuiTypography-root"[39m
                [36m>[39m
                  [0mSistema de Inventario de Usuarios[0m
                [36m</h6>[39m
              [36m</div>[39m
              [36m<div[39m
                [33mclass[39m=[32m"MuiBox-root css-axw7ok"[39m
              [36m>[39m
                [36m<div[39m
                  [33mclass[39m=[32m"MuiAvatar-root MuiAvatar-circular MuiAvatar-colorDefault css-1l53gx1-MuiAvatar-root"[39m
                [36m>[39m
                  [0mA[0m
                [36m</div>[39m
                [36m<button[39m
                  [33maria-label[39m=[32m"Cerrar sesión"[39m
                  [33mclass[39m=[32m"MuiButtonBase-root MuiIconButton-root MuiIconButton-colorInherit MuiIconButton-sizeMedium css-h7cjts-MuiButtonBase-root-MuiIconButton-root"[39m
                  [33mdata-mui-internal-clone-element[39m=[32m"true"[39m
                  [33mtabindex[39m=[32m"0"[39m
                  [33mtype[39m=[32m"button"[39m
                [36m>[39m
                  [36m<svg[39m
                    [33maria-hidden[39m=[32m"true"[39m
                    [33mclass[39m=[32m"MuiSvgIcon-root MuiSvgIcon-fontSizeMedium css-1umw9bq-MuiSvgIcon-root"[39m
                    [33mdata-testid[39m=[32m"LogoutIcon"[39m
                    [33mfocusable[39m=[32m"false"[39m
                    [33mviewBox[39m=[32m"0 0 24 24"[39m
                  [36m>[39m
                    [36m<path[39m
                      [33md[39m=[32m"m17 7-1.41 1.41L18.17 11H8v2h10.17l-2.58 2.58L17 17l5-5zM4 5h8V3H4c-1.1 0-2 .9-2 2v14c0 1.1.9 2 2 2h8v-2H4z"[39m
                    [36m/>[39m
                  [36m</svg>[39m
                [36m</button>[39m
              [36m</div>[39m
            [36m</div>[39m
          [36m</header>[39m
          [36m<nav[39m
            [33mclass[39m=[32m"MuiBox-root css-1at9qkq"[39m
          [36m>[39m
            [36m<div[39m
              [33mclass[39m=[32m"MuiDrawer-root MuiDrawer-anchorLeft MuiDrawer-docked css-17h82c3-MuiDrawer-docked"[39m
            [36m>[39m
              [36m<div[39m
                [33mclass[39m=[32m"MuiPaper-root MuiPaper-elevation MuiPaper-elevation0 MuiDrawer-paper MuiDrawer-paperAnchorLeft MuiDrawer-paperAnchorDockedLeft css-1lwhjos-MuiPaper-root-MuiDrawer-paper"[39m
                [33mstyle[39m=[32m"--Paper-shadow: none;"[39m
              [36m>[39m
                [36m<div[39m
                  [33mclass[39m=[32m"MuiToolbar-root MuiToolbar-gutters MuiToolbar-regular css-1ygil4i-MuiToolbar-root"[39m
                [36m/>[39m
                [36m<div[39m
                  [33mclass[39m=[32m"MuiBox-root css-1v8x7dw"[39m
                [36m>[39m
                  [36m<ul[39m
                    [33mclass[39m=[32m"MuiList-root MuiList-padding css-b7dj7n-MuiList-root"[39m
                  [36m>[39m
                    [36m<li[39m
                      [33mclass[39m=[32m"MuiListItem-root MuiListItem-gutters css-19f6boz-MuiListItem-root"[39m
                    [36m>[39m
                      [36m<a[39m
                        [33mclass[39m=[32m"MuiButtonBase-root MuiListItemButton-root MuiListItemButton-gutters MuiListItemButton-root MuiListItemButton-gutters css-gvnq3k-MuiButtonBase-root-MuiListItemButton-root"[39m
                        [33mhref[39m=[32m"/"[39m
                        [33mtabindex[39m=[32m"0"[39m
                      [36m>[39m
                        [36m<div[39m
                          [33mclass[39m=[32m"MuiListItemIcon-root css-ro2zky-MuiListItemIcon-root"[39m
                        [36m>[39m
                          [36m<svg[39m
                            [33maria-hidden[39m=[32m"true"[39m
                            [33mclass[39m=[32m"MuiSvgIcon-root MuiSvgIcon-fontSizeMedium css-1umw9bq-MuiSvgIcon-root"[39m
                            [33mdata-testid[39m=[32m"DashboardIcon"[39m
                            [33mfocusable[39m=[32m"false"[39m
                            [33mviewBox[39m=[32m"0 0 24 24"[39m
                          [36m>[39m
                            [36m<path[39m
                              [33md[39m=[32m"M3 13h8V3H3zm0 8h8v-6H3zm10 0h8V11h-8zm0-18v6h8V3z"[39m
                            [36m/>[39m
                          [36m</svg>[39m
                        [36m</div>[39m
                        [36m<div[39m
                          [33mclass[39m=[32m"MuiListItemText-root css-bmeq68-MuiListItemText-root"[39m
                        [36m>[39m
                          [36m<span[39m
                            [33mclass[39m=[32m"MuiTypography-root MuiTypography-body1 MuiListItemText-primary css-rizt0-MuiTypography-root"[39m
                          [36m>[39m
                            [0mDashboard[0m
                          [36m</span>[39m
                        [36m</div>[39m
                      [36m</a>[39m
                    [36m</li>[39m
                    [36m<li[39m
                      [33mclass[39m=[32m"MuiListItem-root MuiListItem-gutters css-19f6boz-MuiListItem-root"[39m
                    [36m>[39m
                      [36m<a[39m
                        [33mclass[39m=[32m"MuiButtonBase-root MuiListItemButton-root MuiListItemButton-gutters MuiListItemButton-...

      153 |       render(<UsersPage />);
      154 |
    > 155 |       const createButton = screen.getByText('Crear Usuario');
          |                                   ^
      156 |       await userEvent.click(createButton);
      157 |
      158 |       expect(screen.getByTestId('user-modal')).toBeInTheDocument();

      at Object.getElementError (node_modules/@testing-library/dom/dist/config.js:37:19)
      at node_modules/@testing-library/dom/dist/query-helpers.js:76:38
      at node_modules/@testing-library/dom/dist/query-helpers.js:52:17
      at node_modules/@testing-library/dom/dist/query-helpers.js:95:19
      at Object.getByText (src/app/users/__tests__/page.test.tsx:155:35)

  ● UsersPage › Funcionalidad de Crear Usuario › debe cerrar el modal al cancelar

    TestingLibraryElementError: Unable to find an element with the text: Crear Usuario. This could be because the text is broken up by multiple elements. In this case, you can provide a function for your text matcher to make your matcher more flexible.

    Ignored nodes: comments, script, style
    [36m<body>[39m
      [36m<div>[39m
        [36m<div[39m
          [33mclass[39m=[32m"MuiBox-root css-k008qs"[39m
        [36m>[39m
          [36m<header[39m
            [33mclass[39m=[32m"MuiPaper-root MuiPaper-elevation MuiPaper-elevation4 MuiAppBar-root MuiAppBar-colorPrimary MuiAppBar-positionFixed mui-fixed css-1l6cx5b-MuiPaper-root-MuiAppBar-root"[39m
            [33mstyle[39m=[32m"--Paper-shadow: 0px 2px 4px -1px rgba(0,0,0,0.2),0px 4px 5px 0px rgba(0,0,0,0.14),0px 1px 10px 0px rgba(0,0,0,0.12);"[39m
          [36m>[39m
            [36m<div[39m
              [33mclass[39m=[32m"MuiToolbar-root MuiToolbar-gutters MuiToolbar-regular css-yg49xf-MuiToolbar-root"[39m
            [36m>[39m
              [36m<div[39m
                [33mclass[39m=[32m"MuiBox-root css-70qvj9"[39m
              [36m>[39m
                [36m<button[39m
                  [33maria-label[39m=[32m"abrir menú"[39m
                  [33mclass[39m=[32m"MuiButtonBase-root MuiIconButton-root MuiIconButton-colorInherit MuiIconButton-edgeStart MuiIconButton-sizeMedium css-kiawdm-MuiButtonBase-root-MuiIconButton-root"[39m
                  [33mtabindex[39m=[32m"0"[39m
                  [33mtype[39m=[32m"button"[39m
                [36m>[39m
                  [36m<svg[39m
                    [33maria-hidden[39m=[32m"true"[39m
                    [33mclass[39m=[32m"MuiSvgIcon-root MuiSvgIcon-fontSizeMedium css-1umw9bq-MuiSvgIcon-root"[39m
                    [33mdata-testid[39m=[32m"MenuIcon"[39m
                    [33mfocusable[39m=[32m"false"[39m
                    [33mviewBox[39m=[32m"0 0 24 24"[39m
                  [36m>[39m
                    [36m<path[39m
                      [33md[39m=[32m"M3 18h18v-2H3zm0-5h18v-2H3zm0-7v2h18V6z"[39m
                    [36m/>[39m
                  [36m</svg>[39m
                [36m</button>[39m
                [36m<h6[39m
                  [33mclass[39m=[32m"MuiTypography-root MuiTypography-h6 MuiTypography-noWrap css-5lnhk4-MuiTypography-root"[39m
                [36m>[39m
                  [0mSistema de Inventario de Usuarios[0m
                [36m</h6>[39m
              [36m</div>[39m
              [36m<div[39m
                [33mclass[39m=[32m"MuiBox-root css-axw7ok"[39m
              [36m>[39m
                [36m<div[39m
                  [33mclass[39m=[32m"MuiAvatar-root MuiAvatar-circular MuiAvatar-colorDefault css-1l53gx1-MuiAvatar-root"[39m
                [36m>[39m
                  [0mA[0m
                [36m</div>[39m
                [36m<button[39m
                  [33maria-label[39m=[32m"Cerrar sesión"[39m
                  [33mclass[39m=[32m"MuiButtonBase-root MuiIconButton-root MuiIconButton-colorInherit MuiIconButton-sizeMedium css-h7cjts-MuiButtonBase-root-MuiIconButton-root"[39m
                  [33mdata-mui-internal-clone-element[39m=[32m"true"[39m
                  [33mtabindex[39m=[32m"0"[39m
                  [33mtype[39m=[32m"button"[39m
                [36m>[39m
                  [36m<svg[39m
                    [33maria-hidden[39m=[32m"true"[39m
                    [33mclass[39m=[32m"MuiSvgIcon-root MuiSvgIcon-fontSizeMedium css-1umw9bq-MuiSvgIcon-root"[39m
                    [33mdata-testid[39m=[32m"LogoutIcon"[39m
                    [33mfocusable[39m=[32m"false"[39m
                    [33mviewBox[39m=[32m"0 0 24 24"[39m
                  [36m>[39m
                    [36m<path[39m
                      [33md[39m=[32m"m17 7-1.41 1.41L18.17 11H8v2h10.17l-2.58 2.58L17 17l5-5zM4 5h8V3H4c-1.1 0-2 .9-2 2v14c0 1.1.9 2 2 2h8v-2H4z"[39m
                    [36m/>[39m
                  [36m</svg>[39m
                [36m</button>[39m
              [36m</div>[39m
            [36m</div>[39m
          [36m</header>[39m
          [36m<nav[39m
            [33mclass[39m=[32m"MuiBox-root css-1at9qkq"[39m
          [36m>[39m
            [36m<div[39m
              [33mclass[39m=[32m"MuiDrawer-root MuiDrawer-anchorLeft MuiDrawer-docked css-17h82c3-MuiDrawer-docked"[39m
            [36m>[39m
              [36m<div[39m
                [33mclass[39m=[32m"MuiPaper-root MuiPaper-elevation MuiPaper-elevation0 MuiDrawer-paper MuiDrawer-paperAnchorLeft MuiDrawer-paperAnchorDockedLeft css-1lwhjos-MuiPaper-root-MuiDrawer-paper"[39m
                [33mstyle[39m=[32m"--Paper-shadow: none;"[39m
              [36m>[39m
                [36m<div[39m
                  [33mclass[39m=[32m"MuiToolbar-root MuiToolbar-gutters MuiToolbar-regular css-1ygil4i-MuiToolbar-root"[39m
                [36m/>[39m
                [36m<div[39m
                  [33mclass[39m=[32m"MuiBox-root css-1v8x7dw"[39m
                [36m>[39m
                  [36m<ul[39m
                    [33mclass[39m=[32m"MuiList-root MuiList-padding css-b7dj7n-MuiList-root"[39m
                  [36m>[39m
                    [36m<li[39m
                      [33mclass[39m=[32m"MuiListItem-root MuiListItem-gutters css-19f6boz-MuiListItem-root"[39m
                    [36m>[39m
                      [36m<a[39m
                        [33mclass[39m=[32m"MuiButtonBase-root MuiListItemButton-root MuiListItemButton-gutters MuiListItemButton-root MuiListItemButton-gutters css-gvnq3k-MuiButtonBase-root-MuiListItemButton-root"[39m
                        [33mhref[39m=[32m"/"[39m
                        [33mtabindex[39m=[32m"0"[39m
                      [36m>[39m
                        [36m<div[39m
                          [33mclass[39m=[32m"MuiListItemIcon-root css-ro2zky-MuiListItemIcon-root"[39m
                        [36m>[39m
                          [36m<svg[39m
                            [33maria-hidden[39m=[32m"true"[39m
                            [33mclass[39m=[32m"MuiSvgIcon-root MuiSvgIcon-fontSizeMedium css-1umw9bq-MuiSvgIcon-root"[39m
                            [33mdata-testid[39m=[32m"DashboardIcon"[39m
                            [33mfocusable[39m=[32m"false"[39m
                            [33mviewBox[39m=[32m"0 0 24 24"[39m
                          [36m>[39m
                            [36m<path[39m
                              [33md[39m=[32m"M3 13h8V3H3zm0 8h8v-6H3zm10 0h8V11h-8zm0-18v6h8V3z"[39m
                            [36m/>[39m
                          [36m</svg>[39m
                        [36m</div>[39m
                        [36m<div[39m
                          [33mclass[39m=[32m"MuiListItemText-root css-bmeq68-MuiListItemText-root"[39m
                        [36m>[39m
                          [36m<span[39m
                            [33mclass[39m=[32m"MuiTypography-root MuiTypography-body1 MuiListItemText-primary css-rizt0-MuiTypography-root"[39m
                          [36m>[39m
                            [0mDashboard[0m
                          [36m</span>[39m
                        [36m</div>[39m
                      [36m</a>[39m
                    [36m</li>[39m
                    [36m<li[39m
                      [33mclass[39m=[32m"MuiListItem-root MuiListItem-gutters css-19f6boz-MuiListItem-root"[39m
                    [36m>[39m
                      [36m<a[39m
                        [33mclass[39m=[32m"MuiButtonBase-root MuiListItemButton-root MuiListItemButton-gutters MuiListItemButton-...

      163 |       render(<UsersPage />);
      164 |
    > 165 |       const createButton = screen.getByText('Crear Usuario');
          |                                   ^
      166 |       await userEvent.click(createButton);
      167 |
      168 |       const cancelButton = screen.getByText('Cancelar');

      at Object.getElementError (node_modules/@testing-library/dom/dist/config.js:37:19)
      at node_modules/@testing-library/dom/dist/query-helpers.js:76:38
      at node_modules/@testing-library/dom/dist/query-helpers.js:52:17
      at node_modules/@testing-library/dom/dist/query-helpers.js:95:19
      at Object.getByText (src/app/users/__tests__/page.test.tsx:165:35)

  ● UsersPage › Funcionalidad de Crear Usuario › debe agregar nuevo usuario al guardar

    TestingLibraryElementError: Unable to find an element with the text: Crear Usuario. This could be because the text is broken up by multiple elements. In this case, you can provide a function for your text matcher to make your matcher more flexible.

    Ignored nodes: comments, script, style
    [36m<body>[39m
      [36m<div>[39m
        [36m<div[39m
          [33mclass[39m=[32m"MuiBox-root css-k008qs"[39m
        [36m>[39m
          [36m<header[39m
            [33mclass[39m=[32m"MuiPaper-root MuiPaper-elevation MuiPaper-elevation4 MuiAppBar-root MuiAppBar-colorPrimary MuiAppBar-positionFixed mui-fixed css-1l6cx5b-MuiPaper-root-MuiAppBar-root"[39m
            [33mstyle[39m=[32m"--Paper-shadow: 0px 2px 4px -1px rgba(0,0,0,0.2),0px 4px 5px 0px rgba(0,0,0,0.14),0px 1px 10px 0px rgba(0,0,0,0.12);"[39m
          [36m>[39m
            [36m<div[39m
              [33mclass[39m=[32m"MuiToolbar-root MuiToolbar-gutters MuiToolbar-regular css-yg49xf-MuiToolbar-root"[39m
            [36m>[39m
              [36m<div[39m
                [33mclass[39m=[32m"MuiBox-root css-70qvj9"[39m
              [36m>[39m
                [36m<button[39m
                  [33maria-label[39m=[32m"abrir menú"[39m
                  [33mclass[39m=[32m"MuiButtonBase-root MuiIconButton-root MuiIconButton-colorInherit MuiIconButton-edgeStart MuiIconButton-sizeMedium css-kiawdm-MuiButtonBase-root-MuiIconButton-root"[39m
                  [33mtabindex[39m=[32m"0"[39m
                  [33mtype[39m=[32m"button"[39m
                [36m>[39m
                  [36m<svg[39m
                    [33maria-hidden[39m=[32m"true"[39m
                    [33mclass[39m=[32m"MuiSvgIcon-root MuiSvgIcon-fontSizeMedium css-1umw9bq-MuiSvgIcon-root"[39m
                    [33mdata-testid[39m=[32m"MenuIcon"[39m
                    [33mfocusable[39m=[32m"false"[39m
                    [33mviewBox[39m=[32m"0 0 24 24"[39m
                  [36m>[39m
                    [36m<path[39m
                      [33md[39m=[32m"M3 18h18v-2H3zm0-5h18v-2H3zm0-7v2h18V6z"[39m
                    [36m/>[39m
                  [36m</svg>[39m
                [36m</button>[39m
                [36m<h6[39m
                  [33mclass[39m=[32m"MuiTypography-root MuiTypography-h6 MuiTypography-noWrap css-5lnhk4-MuiTypography-root"[39m
                [36m>[39m
                  [0mSistema de Inventario de Usuarios[0m
                [36m</h6>[39m
              [36m</div>[39m
              [36m<div[39m
                [33mclass[39m=[32m"MuiBox-root css-axw7ok"[39m
              [36m>[39m
                [36m<div[39m
                  [33mclass[39m=[32m"MuiAvatar-root MuiAvatar-circular MuiAvatar-colorDefault css-1l53gx1-MuiAvatar-root"[39m
                [36m>[39m
                  [0mA[0m
                [36m</div>[39m
                [36m<button[39m
                  [33maria-label[39m=[32m"Cerrar sesión"[39m
                  [33mclass[39m=[32m"MuiButtonBase-root MuiIconButton-root MuiIconButton-colorInherit MuiIconButton-sizeMedium css-h7cjts-MuiButtonBase-root-MuiIconButton-root"[39m
                  [33mdata-mui-internal-clone-element[39m=[32m"true"[39m
                  [33mtabindex[39m=[32m"0"[39m
                  [33mtype[39m=[32m"button"[39m
                [36m>[39m
                  [36m<svg[39m
                    [33maria-hidden[39m=[32m"true"[39m
                    [33mclass[39m=[32m"MuiSvgIcon-root MuiSvgIcon-fontSizeMedium css-1umw9bq-MuiSvgIcon-root"[39m
                    [33mdata-testid[39m=[32m"LogoutIcon"[39m
                    [33mfocusable[39m=[32m"false"[39m
                    [33mviewBox[39m=[32m"0 0 24 24"[39m
                  [36m>[39m
                    [36m<path[39m
                      [33md[39m=[32m"m17 7-1.41 1.41L18.17 11H8v2h10.17l-2.58 2.58L17 17l5-5zM4 5h8V3H4c-1.1 0-2 .9-2 2v14c0 1.1.9 2 2 2h8v-2H4z"[39m
                    [36m/>[39m
                  [36m</svg>[39m
                [36m</button>[39m
              [36m</div>[39m
            [36m</div>[39m
          [36m</header>[39m
          [36m<nav[39m
            [33mclass[39m=[32m"MuiBox-root css-1at9qkq"[39m
          [36m>[39m
            [36m<div[39m
              [33mclass[39m=[32m"MuiDrawer-root MuiDrawer-anchorLeft MuiDrawer-docked css-17h82c3-MuiDrawer-docked"[39m
            [36m>[39m
              [36m<div[39m
                [33mclass[39m=[32m"MuiPaper-root MuiPaper-elevation MuiPaper-elevation0 MuiDrawer-paper MuiDrawer-paperAnchorLeft MuiDrawer-paperAnchorDockedLeft css-1lwhjos-MuiPaper-root-MuiDrawer-paper"[39m
                [33mstyle[39m=[32m"--Paper-shadow: none;"[39m
              [36m>[39m
                [36m<div[39m
                  [33mclass[39m=[32m"MuiToolbar-root MuiToolbar-gutters MuiToolbar-regular css-1ygil4i-MuiToolbar-root"[39m
                [36m/>[39m
                [36m<div[39m
                  [33mclass[39m=[32m"MuiBox-root css-1v8x7dw"[39m
                [36m>[39m
                  [36m<ul[39m
                    [33mclass[39m=[32m"MuiList-root MuiList-padding css-b7dj7n-MuiList-root"[39m
                  [36m>[39m
                    [36m<li[39m
                      [33mclass[39m=[32m"MuiListItem-root MuiListItem-gutters css-19f6boz-MuiListItem-root"[39m
                    [36m>[39m
                      [36m<a[39m
                        [33mclass[39m=[32m"MuiButtonBase-root MuiListItemButton-root MuiListItemButton-gutters MuiListItemButton-root MuiListItemButton-gutters css-gvnq3k-MuiButtonBase-root-MuiListItemButton-root"[39m
                        [33mhref[39m=[32m"/"[39m
                        [33mtabindex[39m=[32m"0"[39m
                      [36m>[39m
                        [36m<div[39m
                          [33mclass[39m=[32m"MuiListItemIcon-root css-ro2zky-MuiListItemIcon-root"[39m
                        [36m>[39m
                          [36m<svg[39m
                            [33maria-hidden[39m=[32m"true"[39m
                            [33mclass[39m=[32m"MuiSvgIcon-root MuiSvgIcon-fontSizeMedium css-1umw9bq-MuiSvgIcon-root"[39m
                            [33mdata-testid[39m=[32m"DashboardIcon"[39m
                            [33mfocusable[39m=[32m"false"[39m
                            [33mviewBox[39m=[32m"0 0 24 24"[39m
                          [36m>[39m
                            [36m<path[39m
                              [33md[39m=[32m"M3 13h8V3H3zm0 8h8v-6H3zm10 0h8V11h-8zm0-18v6h8V3z"[39m
                            [36m/>[39m
                          [36m</svg>[39m
                        [36m</div>[39m
                        [36m<div[39m
                          [33mclass[39m=[32m"MuiListItemText-root css-bmeq68-MuiListItemText-root"[39m
                        [36m>[39m
                          [36m<span[39m
                            [33mclass[39m=[32m"MuiTypography-root MuiTypography-body1 MuiListItemText-primary css-rizt0-MuiTypography-root"[39m
                          [36m>[39m
                            [0mDashboard[0m
                          [36m</span>[39m
                        [36m</div>[39m
                      [36m</a>[39m
                    [36m</li>[39m
                    [36m<li[39m
                      [33mclass[39m=[32m"MuiListItem-root MuiListItem-gutters css-19f6boz-MuiListItem-root"[39m
                    [36m>[39m
                      [36m<a[39m
                        [33mclass[39m=[32m"MuiButtonBase-root MuiListItemButton-root MuiListItemButton-gutters MuiListItemButton-...

      175 |       render(<UsersPage />);
      176 |
    > 177 |       const createButton = screen.getByText('Crear Usuario');
          |                                   ^
      178 |       await userEvent.click(createButton);
      179 |
      180 |       const saveButton = screen.getByText('Guardar');

      at Object.getElementError (node_modules/@testing-library/dom/dist/config.js:37:19)
      at node_modules/@testing-library/dom/dist/query-helpers.js:76:38
      at node_modules/@testing-library/dom/dist/query-helpers.js:52:17
      at node_modules/@testing-library/dom/dist/query-helpers.js:95:19
      at Object.getByText (src/app/users/__tests__/page.test.tsx:177:35)

  ● UsersPage › Funcionalidad de Eliminar Usuario › debe mostrar confirmación al eliminar

    TestingLibraryElementError: Unable to find an element with the text: Confirmar Eliminación. This could be because the text is broken up by multiple elements. In this case, you can provide a function for your text matcher to make your matcher more flexible.

    Ignored nodes: comments, script, style
    [36m<body>[39m
      [36m<div>[39m
        [36m<div[39m
          [33mclass[39m=[32m"MuiBox-root css-k008qs"[39m
        [36m>[39m
          [36m<header[39m
            [33mclass[39m=[32m"MuiPaper-root MuiPaper-elevation MuiPaper-elevation4 MuiAppBar-root MuiAppBar-colorPrimary MuiAppBar-positionFixed mui-fixed css-1l6cx5b-MuiPaper-root-MuiAppBar-root"[39m
            [33mstyle[39m=[32m"--Paper-shadow: 0px 2px 4px -1px rgba(0,0,0,0.2),0px 4px 5px 0px rgba(0,0,0,0.14),0px 1px 10px 0px rgba(0,0,0,0.12);"[39m
          [36m>[39m
            [36m<div[39m
              [33mclass[39m=[32m"MuiToolbar-root MuiToolbar-gutters MuiToolbar-regular css-yg49xf-MuiToolbar-root"[39m
            [36m>[39m
              [36m<div[39m
                [33mclass[39m=[32m"MuiBox-root css-70qvj9"[39m
              [36m>[39m
                [36m<button[39m
                  [33maria-label[39m=[32m"abrir menú"[39m
                  [33mclass[39m=[32m"MuiButtonBase-root MuiIconButton-root MuiIconButton-colorInherit MuiIconButton-edgeStart MuiIconButton-sizeMedium css-kiawdm-MuiButtonBase-root-MuiIconButton-root"[39m
                  [33mtabindex[39m=[32m"0"[39m
                  [33mtype[39m=[32m"button"[39m
                [36m>[39m
                  [36m<svg[39m
                    [33maria-hidden[39m=[32m"true"[39m
                    [33mclass[39m=[32m"MuiSvgIcon-root MuiSvgIcon-fontSizeMedium css-1umw9bq-MuiSvgIcon-root"[39m
                    [33mdata-testid[39m=[32m"MenuIcon"[39m
                    [33mfocusable[39m=[32m"false"[39m
                    [33mviewBox[39m=[32m"0 0 24 24"[39m
                  [36m>[39m
                    [36m<path[39m
                      [33md[39m=[32m"M3 18h18v-2H3zm0-5h18v-2H3zm0-7v2h18V6z"[39m
                    [36m/>[39m
                  [36m</svg>[39m
                [36m</button>[39m
                [36m<h6[39m
                  [33mclass[39m=[32m"MuiTypography-root MuiTypography-h6 MuiTypography-noWrap css-5lnhk4-MuiTypography-root"[39m
                [36m>[39m
                  [0mSistema de Inventario de Usuarios[0m
                [36m</h6>[39m
              [36m</div>[39m
              [36m<div[39m
                [33mclass[39m=[32m"MuiBox-root css-axw7ok"[39m
              [36m>[39m
                [36m<div[39m
                  [33mclass[39m=[32m"MuiAvatar-root MuiAvatar-circular MuiAvatar-colorDefault css-1l53gx1-MuiAvatar-root"[39m
                [36m>[39m
                  [0mA[0m
                [36m</div>[39m
                [36m<button[39m
                  [33maria-label[39m=[32m"Cerrar sesión"[39m
                  [33mclass[39m=[32m"MuiButtonBase-root MuiIconButton-root MuiIconButton-colorInherit MuiIconButton-sizeMedium css-h7cjts-MuiButtonBase-root-MuiIconButton-root"[39m
                  [33mdata-mui-internal-clone-element[39m=[32m"true"[39m
                  [33mtabindex[39m=[32m"0"[39m
                  [33mtype[39m=[32m"button"[39m
                [36m>[39m
                  [36m<svg[39m
                    [33maria-hidden[39m=[32m"true"[39m
                    [33mclass[39m=[32m"MuiSvgIcon-root MuiSvgIcon-fontSizeMedium css-1umw9bq-MuiSvgIcon-root"[39m
                    [33mdata-testid[39m=[32m"LogoutIcon"[39m
                    [33mfocusable[39m=[32m"false"[39m
                    [33mviewBox[39m=[32m"0 0 24 24"[39m
                  [36m>[39m
                    [36m<path[39m
                      [33md[39m=[32m"m17 7-1.41 1.41L18.17 11H8v2h10.17l-2.58 2.58L17 17l5-5zM4 5h8V3H4c-1.1 0-2 .9-2 2v14c0 1.1.9 2 2 2h8v-2H4z"[39m
                    [36m/>[39m
                  [36m</svg>[39m
                [36m</button>[39m
              [36m</div>[39m
            [36m</div>[39m
          [36m</header>[39m
          [36m<nav[39m
            [33mclass[39m=[32m"MuiBox-root css-1at9qkq"[39m
          [36m>[39m
            [36m<div[39m
              [33mclass[39m=[32m"MuiDrawer-root MuiDrawer-anchorLeft MuiDrawer-docked css-17h82c3-MuiDrawer-docked"[39m
            [36m>[39m
              [36m<div[39m
                [33mclass[39m=[32m"MuiPaper-root MuiPaper-elevation MuiPaper-elevation0 MuiDrawer-paper MuiDrawer-paperAnchorLeft MuiDrawer-paperAnchorDockedLeft css-1lwhjos-MuiPaper-root-MuiDrawer-paper"[39m
                [33mstyle[39m=[32m"--Paper-shadow: none;"[39m
              [36m>[39m
                [36m<div[39m
                  [33mclass[39m=[32m"MuiToolbar-root MuiToolbar-gutters MuiToolbar-regular css-1ygil4i-MuiToolbar-root"[39m
                [36m/>[39m
                [36m<div[39m
                  [33mclass[39m=[32m"MuiBox-root css-1v8x7dw"[39m
                [36m>[39m
                  [36m<ul[39m
                    [33mclass[39m=[32m"MuiList-root MuiList-padding css-b7dj7n-MuiList-root"[39m
                  [36m>[39m
                    [36m<li[39m
                      [33mclass[39m=[32m"MuiListItem-root MuiListItem-gutters css-19f6boz-MuiListItem-root"[39m
                    [36m>[39m
                      [36m<a[39m
                        [33mclass[39m=[32m"MuiButtonBase-root MuiListItemButton-root MuiListItemButton-gutters MuiListItemButton-root MuiListItemButton-gutters css-gvnq3k-MuiButtonBase-root-MuiListItemButton-root"[39m
                        [33mhref[39m=[32m"/"[39m
                        [33mtabindex[39m=[32m"0"[39m
                      [36m>[39m
                        [36m<div[39m
                          [33mclass[39m=[32m"MuiListItemIcon-root css-ro2zky-MuiListItemIcon-root"[39m
                        [36m>[39m
                          [36m<svg[39m
                            [33maria-hidden[39m=[32m"true"[39m
                            [33mclass[39m=[32m"MuiSvgIcon-root MuiSvgIcon-fontSizeMedium css-1umw9bq-MuiSvgIcon-root"[39m
                            [33mdata-testid[39m=[32m"DashboardIcon"[39m
                            [33mfocusable[39m=[32m"false"[39m
                            [33mviewBox[39m=[32m"0 0 24 24"[39m
                          [36m>[39m
                            [36m<path[39m
                              [33md[39m=[32m"M3 13h8V3H3zm0 8h8v-6H3zm10 0h8V11h-8zm0-18v6h8V3z"[39m
                            [36m/>[39m
                          [36m</svg>[39m
                        [36m</div>[39m
                        [36m<div[39m
                          [33mclass[39m=[32m"MuiListItemText-root css-bmeq68-MuiListItemText-root"[39m
                        [36m>[39m
                          [36m<span[39m
                            [33mclass[39m=[32m"MuiTypography-root MuiTypography-body1 MuiListItemText-primary css-rizt0-MuiTypography-root"[39m
                          [36m>[39m
                            [0mDashboard[0m
                          [36m</span>[39m
                        [36m</div>[39m
                      [36m</a>[39m
                    [36m</li>[39m
                    [36m<li[39m
                      [33mclass[39m=[32m"MuiListItem-root MuiListItem-gutters css-19f6boz-MuiListItem-root"[39m
                    [36m>[39m
                      [36m<a[39m
                        [33mclass[39m=[32m"MuiButtonBase-root MuiListItemButton-root MuiListItemButton-gutters MuiListItemButton-...

      217 |       await userEvent.click(deleteButtons[0]);
      218 |
    > 219 |       expect(screen.getByText('Confirmar Eliminación')).toBeInTheDocument();
          |                     ^
      220 |       expect(screen.getByText(/¿Estás seguro de que deseas eliminar al usuario/)).toBeInTheDocument();
      221 |     });
      222 |

      at Object.getElementError (node_modules/@testing-library/dom/dist/config.js:37:19)
      at node_modules/@testing-library/dom/dist/query-helpers.js:76:38
      at node_modules/@testing-library/dom/dist/query-helpers.js:52:17
      at node_modules/@testing-library/dom/dist/query-helpers.js:95:19
      at Object.getByText (src/app/users/__tests__/page.test.tsx:219:21)

  ● UsersPage › Funcionalidad de Eliminar Usuario › debe eliminar usuario al confirmar

    TestingLibraryElementError: Found multiple elements with the text: Eliminar

    Here are the matching elements:

    Ignored nodes: comments, script, style
    [36m<button>[39m
      [0mEliminar[0m
    [36m</button>[39m

    Ignored nodes: comments, script, style
    [36m<button>[39m
      [0mEliminar[0m
    [36m</button>[39m

    Ignored nodes: comments, script, style
    [36m<button>[39m
      [0mEliminar[0m
    [36m</button>[39m

    (If this is intentional, then use the `*AllBy*` variant of the query (like `queryAllByText`, `getAllByText`, or `findAllByText`)).

    Ignored nodes: comments, script, style
    [36m<body>[39m
      [36m<div>[39m
        [36m<div[39m
          [33mclass[39m=[32m"MuiBox-root css-k008qs"[39m
        [36m>[39m
          [36m<header[39m
            [33mclass[39m=[32m"MuiPaper-root MuiPaper-elevation MuiPaper-elevation4 MuiAppBar-root MuiAppBar-colorPrimary MuiAppBar-positionFixed mui-fixed css-1l6cx5b-MuiPaper-root-MuiAppBar-root"[39m
            [33mstyle[39m=[32m"--Paper-shadow: 0px 2px 4px -1px rgba(0,0,0,0.2),0px 4px 5px 0px rgba(0,0,0,0.14),0px 1px 10px 0px rgba(0,0,0,0.12);"[39m
          [36m>[39m
            [36m<div[39m
              [33mclass[39m=[32m"MuiToolbar-root MuiToolbar-gutters MuiToolbar-regular css-yg49xf-MuiToolbar-root"[39m
            [36m>[39m
              [36m<div[39m
                [33mclass[39m=[32m"MuiBox-root css-70qvj9"[39m
              [36m>[39m
                [36m<button[39m
                  [33maria-label[39m=[32m"abrir menú"[39m
                  [33mclass[39m=[32m"MuiButtonBase-root MuiIconButton-root MuiIconButton-colorInherit MuiIconButton-edgeStart MuiIconButton-sizeMedium css-kiawdm-MuiButtonBase-root-MuiIconButton-root"[39m
                  [33mtabindex[39m=[32m"0"[39m
                  [33mtype[39m=[32m"button"[39m
                [36m>[39m
                  [36m<svg[39m
                    [33maria-hidden[39m=[32m"true"[39m
                    [33mclass[39m=[32m"MuiSvgIcon-root MuiSvgIcon-fontSizeMedium css-1umw9bq-MuiSvgIcon-root"[39m
                    [33mdata-testid[39m=[32m"MenuIcon"[39m
                    [33mfocusable[39m=[32m"false"[39m
                    [33mviewBox[39m=[32m"0 0 24 24"[39m
                  [36m>[39m
                    [36m<path[39m
                      [33md[39m=[32m"M3 18h18v-2H3zm0-5h18v-2H3zm0-7v2h18V6z"[39m
                    [36m/>[39m
                  [36m</svg>[39m
                [36m</button>[39m
                [36m<h6[39m
                  [33mclass[39m=[32m"MuiTypography-root MuiTypography-h6 MuiTypography-noWrap css-5lnhk4-MuiTypography-root"[39m
                [36m>[39m
                  [0mSistema de Inventario de Usuarios[0m
                [36m</h6>[39m
              [36m</div>[39m
              [36m<div[39m
                [33mclass[39m=[32m"MuiBox-root css-axw7ok"[39m
              [36m>[39m
                [36m<div[39m
                  [33mclass[39m=[32m"MuiAvatar-root MuiAvatar-circular MuiAvatar-colorDefault css-1l53gx1-MuiAvatar-root"[39m
                [36m>[39m
                  [0mA[0m
                [36m</div>[39m
                [36m<button[39m
                  [33maria-label[39m=[32m"Cerrar sesión"[39m
                  [33mclass[39m=[32m"MuiButtonBase-root MuiIconButton-root MuiIconButton-colorInherit MuiIconButton-sizeMedium css-h7cjts-MuiButtonBase-root-MuiIconButton-root"[39m
                  [33mdata-mui-internal-clone-element[39m=[32m"true"[39m
                  [33mtabindex[39m=[32m"0"[39m
                  [33mtype[39m=[32m"button"[39m
                [36m>[39m
                  [36m<svg[39m
                    [33maria-hidden[39m=[32m"true"[39m
                    [33mclass[39m=[32m"MuiSvgIcon-root MuiSvgIcon-fontSizeMedium css-1umw9bq-MuiSvgIcon-root"[39m
                    [33mdata-testid[39m=[32m"LogoutIcon"[39m
                    [33mfocusable[39m=[32m"false"[39m
                    [33mviewBox[39m=[32m"0 0 24 24"[39m
                  [36m>[39m
                    [36m<path[39m
                      [33md[39m=[32m"m17 7-1.41 1.41L18.17 11H8v2h10.17l-2.58 2.58L17 17l5-5zM4 5h8V3H4c-1.1 0-2 .9-2 2v14c0 1.1.9 2 2 2h8v-2H4z"[39m
                    [36m/>[39m
                  [36m</svg>[39m
                [36m</button>[39m
              [36m</div>[39m
            [36m</div>[39m
          [36m</header>[39m
          [36m<nav[39m
            [33mclass[39m=[32m"MuiBox-root css-1at9qkq"[39m
          [36m>[39m
            [36m<div[39m
              [33mclass[39m=[32m"MuiDrawer-root MuiDrawer-anchorLeft MuiDrawer-docked css-17h82c3-MuiDrawer-docked"[39m
            [36m>[39m
              [36m<div[39m
                [33mclass[39m=[32m"MuiPaper-root MuiPaper-elevation MuiPaper-elevation0 MuiDrawer-paper MuiDrawer-paperAnchorLeft MuiDrawer-paperAnchorDockedLeft css-1lwhjos-MuiPaper-root-MuiDrawer-paper"[39m
                [33mstyle[39m=[32m"--Paper-shadow: none;"[39m
              [36m>[39m
                [36m<div[39m
                  [33mclass[39m=[32m"MuiToolbar-root MuiToolbar-gutters MuiToolbar-regular css-1ygil4i-MuiToolbar-root"[39m
                [36m/>[39m
                [36m<div[39m
                  [33mclass[39m=[32m"MuiBox-root css-1v8x7dw"[39m
                [36m>[39m
                  [36m<ul[39m
                    [33mclass[39m=[32m"MuiList-root MuiList-padding css-b7dj7n-MuiList-root"[39m
                  [36m>[39m
                    [36m<li[39m
                      [33mclass[39m=[32m"MuiListItem-root MuiListItem-gutters css-19f6boz-MuiListItem-root"[39m
                    [36m>[39m
                      [36m<a[39m
                        [33mclass[39m=[32m"MuiButtonBase-root MuiListItemButton-root MuiListItemButton-gutters MuiListItemButton-root MuiListItemButton-gutters css-gvnq3k-MuiButtonBase-root-MuiListItemButton-root"[39m
                        [33mhref[39m=[32m"/"[39m
                        [33mtabindex[39m=[32m"0"[39m
                      [36m>[39m
                        [36m<div[39m
                          [33mclass[39m=[32m"MuiListItemIcon-root css-ro2zky-MuiListItemIcon-root"[39m
                        [36m>[39m
                          [36m<svg[39m
                            [33maria-hidden[39m=[32m"true"[39m
                            [33mclass[39m=[32m"MuiSvgIcon-root MuiSvgIcon-fontSizeMedium css-1umw9bq-MuiSvgIcon-root"[39m
                            [33mdata-testid[39m=[32m"DashboardIcon"[39m
                            [33mfocusable[39m=[32m"false"[39m
                            [33mviewBox[39m=[32m"0 0 24 24"[39m
                          [36m>[39m
                            [36m<path[39m
                              [33md[39m=[32m"M3 13h8V3H3zm0 8h8v-6H3zm10 0h8V11h-8zm0-18v6h8V3z"[39m
                            [36m/>[39m
                          [36m</svg>[39m
                        [36m</div>[39m
                        [36m<div[39m
                          [33mclass[39m=[32m"MuiListItemText-root css-bmeq68-MuiListItemText-root"[39m
                        [36m>[39m
                          [36m<span[39m
                            [33mclass[39m=[32m"MuiTypography-root MuiTypography-body1 MuiListItemText-primary css-rizt0-MuiTypography-root"[39m
                          [36m>[39m
                            [0mDashboard[0m
                          [36m</span>[39m
                        [36m</div>[39m
                      [36m</a>[39m
                    [36m</li>[39m
                    [36m<li[39m
                      [33mclass[39m=[32m"MuiListItem-root MuiListItem-gutters css-19f6boz-MuiListItem-root"[39m
                    [36m>[39m
                      [36m<a[39m
                        [33mclass[39m=[32m"MuiButtonBase-root MuiListItemButton-root MuiListItemButton-gutters MuiListItemButton-...

      227 |       await userEvent.click(deleteButtons[0]);
      228 |
    > 229 |       const confirmButton = screen.getByText('Eliminar');
          |                                    ^
      230 |       await userEvent.click(confirmButton);
      231 |
      232 |       expect(screen.getByText('Usuario eliminado exitosamente')).toBeInTheDocument();

      at Object.getElementError (node_modules/@testing-library/dom/dist/config.js:37:19)
      at getElementError (node_modules/@testing-library/dom/dist/query-helpers.js:20:35)
      at getMultipleElementsFoundError (node_modules/@testing-library/dom/dist/query-helpers.js:23:10)
      at node_modules/@testing-library/dom/dist/query-helpers.js:55:13
      at node_modules/@testing-library/dom/dist/query-helpers.js:95:19
      at Object.getByText (src/app/users/__tests__/page.test.tsx:229:36)

  ● UsersPage › Funcionalidad de Eliminar Usuario › debe cancelar eliminación

    TestingLibraryElementError: Unable to find an element with the text: Cancelar. This could be because the text is broken up by multiple elements. In this case, you can provide a function for your text matcher to make your matcher more flexible.

    Ignored nodes: comments, script, style
    [36m<body>[39m
      [36m<div>[39m
        [36m<div[39m
          [33mclass[39m=[32m"MuiBox-root css-k008qs"[39m
        [36m>[39m
          [36m<header[39m
            [33mclass[39m=[32m"MuiPaper-root MuiPaper-elevation MuiPaper-elevation4 MuiAppBar-root MuiAppBar-colorPrimary MuiAppBar-positionFixed mui-fixed css-1l6cx5b-MuiPaper-root-MuiAppBar-root"[39m
            [33mstyle[39m=[32m"--Paper-shadow: 0px 2px 4px -1px rgba(0,0,0,0.2),0px 4px 5px 0px rgba(0,0,0,0.14),0px 1px 10px 0px rgba(0,0,0,0.12);"[39m
          [36m>[39m
            [36m<div[39m
              [33mclass[39m=[32m"MuiToolbar-root MuiToolbar-gutters MuiToolbar-regular css-yg49xf-MuiToolbar-root"[39m
            [36m>[39m
              [36m<div[39m
                [33mclass[39m=[32m"MuiBox-root css-70qvj9"[39m
              [36m>[39m
                [36m<button[39m
                  [33maria-label[39m=[32m"abrir menú"[39m
                  [33mclass[39m=[32m"MuiButtonBase-root MuiIconButton-root MuiIconButton-colorInherit MuiIconButton-edgeStart MuiIconButton-sizeMedium css-kiawdm-MuiButtonBase-root-MuiIconButton-root"[39m
                  [33mtabindex[39m=[32m"0"[39m
                  [33mtype[39m=[32m"button"[39m
                [36m>[39m
                  [36m<svg[39m
                    [33maria-hidden[39m=[32m"true"[39m
                    [33mclass[39m=[32m"MuiSvgIcon-root MuiSvgIcon-fontSizeMedium css-1umw9bq-MuiSvgIcon-root"[39m
                    [33mdata-testid[39m=[32m"MenuIcon"[39m
                    [33mfocusable[39m=[32m"false"[39m
                    [33mviewBox[39m=[32m"0 0 24 24"[39m
                  [36m>[39m
                    [36m<path[39m
                      [33md[39m=[32m"M3 18h18v-2H3zm0-5h18v-2H3zm0-7v2h18V6z"[39m
                    [36m/>[39m
                  [36m</svg>[39m
                [36m</button>[39m
                [36m<h6[39m
                  [33mclass[39m=[32m"MuiTypography-root MuiTypography-h6 MuiTypography-noWrap css-5lnhk4-MuiTypography-root"[39m
                [36m>[39m
                  [0mSistema de Inventario de Usuarios[0m
                [36m</h6>[39m
              [36m</div>[39m
              [36m<div[39m
                [33mclass[39m=[32m"MuiBox-root css-axw7ok"[39m
              [36m>[39m
                [36m<div[39m
                  [33mclass[39m=[32m"MuiAvatar-root MuiAvatar-circular MuiAvatar-colorDefault css-1l53gx1-MuiAvatar-root"[39m
                [36m>[39m
                  [0mA[0m
                [36m</div>[39m
                [36m<button[39m
                  [33maria-label[39m=[32m"Cerrar sesión"[39m
                  [33mclass[39m=[32m"MuiButtonBase-root MuiIconButton-root MuiIconButton-colorInherit MuiIconButton-sizeMedium css-h7cjts-MuiButtonBase-root-MuiIconButton-root"[39m
                  [33mdata-mui-internal-clone-element[39m=[32m"true"[39m
                  [33mtabindex[39m=[32m"0"[39m
                  [33mtype[39m=[32m"button"[39m
                [36m>[39m
                  [36m<svg[39m
                    [33maria-hidden[39m=[32m"true"[39m
                    [33mclass[39m=[32m"MuiSvgIcon-root MuiSvgIcon-fontSizeMedium css-1umw9bq-MuiSvgIcon-root"[39m
                    [33mdata-testid[39m=[32m"LogoutIcon"[39m
                    [33mfocusable[39m=[32m"false"[39m
                    [33mviewBox[39m=[32m"0 0 24 24"[39m
                  [36m>[39m
                    [36m<path[39m
                      [33md[39m=[32m"m17 7-1.41 1.41L18.17 11H8v2h10.17l-2.58 2.58L17 17l5-5zM4 5h8V3H4c-1.1 0-2 .9-2 2v14c0 1.1.9 2 2 2h8v-2H4z"[39m
                    [36m/>[39m
                  [36m</svg>[39m
                [36m</button>[39m
              [36m</div>[39m
            [36m</div>[39m
          [36m</header>[39m
          [36m<nav[39m
            [33mclass[39m=[32m"MuiBox-root css-1at9qkq"[39m
          [36m>[39m
            [36m<div[39m
              [33mclass[39m=[32m"MuiDrawer-root MuiDrawer-anchorLeft MuiDrawer-docked css-17h82c3-MuiDrawer-docked"[39m
            [36m>[39m
              [36m<div[39m
                [33mclass[39m=[32m"MuiPaper-root MuiPaper-elevation MuiPaper-elevation0 MuiDrawer-paper MuiDrawer-paperAnchorLeft MuiDrawer-paperAnchorDockedLeft css-1lwhjos-MuiPaper-root-MuiDrawer-paper"[39m
                [33mstyle[39m=[32m"--Paper-shadow: none;"[39m
              [36m>[39m
                [36m<div[39m
                  [33mclass[39m=[32m"MuiToolbar-root MuiToolbar-gutters MuiToolbar-regular css-1ygil4i-MuiToolbar-root"[39m
                [36m/>[39m
                [36m<div[39m
                  [33mclass[39m=[32m"MuiBox-root css-1v8x7dw"[39m
                [36m>[39m
                  [36m<ul[39m
                    [33mclass[39m=[32m"MuiList-root MuiList-padding css-b7dj7n-MuiList-root"[39m
                  [36m>[39m
                    [36m<li[39m
                      [33mclass[39m=[32m"MuiListItem-root MuiListItem-gutters css-19f6boz-MuiListItem-root"[39m
                    [36m>[39m
                      [36m<a[39m
                        [33mclass[39m=[32m"MuiButtonBase-root MuiListItemButton-root MuiListItemButton-gutters MuiListItemButton-root MuiListItemButton-gutters css-gvnq3k-MuiButtonBase-root-MuiListItemButton-root"[39m
                        [33mhref[39m=[32m"/"[39m
                        [33mtabindex[39m=[32m"0"[39m
                      [36m>[39m
                        [36m<div[39m
                          [33mclass[39m=[32m"MuiListItemIcon-root css-ro2zky-MuiListItemIcon-root"[39m
                        [36m>[39m
                          [36m<svg[39m
                            [33maria-hidden[39m=[32m"true"[39m
                            [33mclass[39m=[32m"MuiSvgIcon-root MuiSvgIcon-fontSizeMedium css-1umw9bq-MuiSvgIcon-root"[39m
                            [33mdata-testid[39m=[32m"DashboardIcon"[39m
                            [33mfocusable[39m=[32m"false"[39m
                            [33mviewBox[39m=[32m"0 0 24 24"[39m
                          [36m>[39m
                            [36m<path[39m
                              [33md[39m=[32m"M3 13h8V3H3zm0 8h8v-6H3zm10 0h8V11h-8zm0-18v6h8V3z"[39m
                            [36m/>[39m
                          [36m</svg>[39m
                        [36m</div>[39m
                        [36m<div[39m
                          [33mclass[39m=[32m"MuiListItemText-root css-bmeq68-MuiListItemText-root"[39m
                        [36m>[39m
                          [36m<span[39m
                            [33mclass[39m=[32m"MuiTypography-root MuiTypography-body1 MuiListItemText-primary css-rizt0-MuiTypography-root"[39m
                          [36m>[39m
                            [0mDashboard[0m
                          [36m</span>[39m
                        [36m</div>[39m
                      [36m</a>[39m
                    [36m</li>[39m
                    [36m<li[39m
                      [33mclass[39m=[32m"MuiListItem-root MuiListItem-gutters css-19f6boz-MuiListItem-root"[39m
                    [36m>[39m
                      [36m<a[39m
                        [33mclass[39m=[32m"MuiButtonBase-root MuiListItemButton-root MuiListItemButton-gutters MuiListItemButton-...

      239 |       await userEvent.click(deleteButtons[0]);
      240 |
    > 241 |       const cancelButton = screen.getByText('Cancelar');
          |                                   ^
      242 |       await userEvent.click(cancelButton);
      243 |
      244 |       expect(screen.queryByText('Confirmar Eliminación')).not.toBeInTheDocument();

      at Object.getElementError (node_modules/@testing-library/dom/dist/config.js:37:19)
      at node_modules/@testing-library/dom/dist/query-helpers.js:76:38
      at node_modules/@testing-library/dom/dist/query-helpers.js:52:17
      at node_modules/@testing-library/dom/dist/query-helpers.js:95:19
      at Object.getByText (src/app/users/__tests__/page.test.tsx:241:35)

  ● UsersPage › Estadísticas › debe calcular estadísticas correctamente

    TestingLibraryElementError: Unable to find an element with the text: Total de Usuarios. This could be because the text is broken up by multiple elements. In this case, you can provide a function for your text matcher to make your matcher more flexible.

    Ignored nodes: comments, script, style
    [36m<body>[39m
      [36m<div>[39m
        [36m<div[39m
          [33mclass[39m=[32m"MuiBox-root css-k008qs"[39m
        [36m>[39m
          [36m<header[39m
            [33mclass[39m=[32m"MuiPaper-root MuiPaper-elevation MuiPaper-elevation4 MuiAppBar-root MuiAppBar-colorPrimary MuiAppBar-positionFixed mui-fixed css-1l6cx5b-MuiPaper-root-MuiAppBar-root"[39m
            [33mstyle[39m=[32m"--Paper-shadow: 0px 2px 4px -1px rgba(0,0,0,0.2),0px 4px 5px 0px rgba(0,0,0,0.14),0px 1px 10px 0px rgba(0,0,0,0.12);"[39m
          [36m>[39m
            [36m<div[39m
              [33mclass[39m=[32m"MuiToolbar-root MuiToolbar-gutters MuiToolbar-regular css-yg49xf-MuiToolbar-root"[39m
            [36m>[39m
              [36m<div[39m
                [33mclass[39m=[32m"MuiBox-root css-70qvj9"[39m
              [36m>[39m
                [36m<button[39m
                  [33maria-label[39m=[32m"abrir menú"[39m
                  [33mclass[39m=[32m"MuiButtonBase-root MuiIconButton-root MuiIconButton-colorInherit MuiIconButton-edgeStart MuiIconButton-sizeMedium css-kiawdm-MuiButtonBase-root-MuiIconButton-root"[39m
                  [33mtabindex[39m=[32m"0"[39m
                  [33mtype[39m=[32m"button"[39m
                [36m>[39m
                  [36m<svg[39m
                    [33maria-hidden[39m=[32m"true"[39m
                    [33mclass[39m=[32m"MuiSvgIcon-root MuiSvgIcon-fontSizeMedium css-1umw9bq-MuiSvgIcon-root"[39m
                    [33mdata-testid[39m=[32m"MenuIcon"[39m
                    [33mfocusable[39m=[32m"false"[39m
                    [33mviewBox[39m=[32m"0 0 24 24"[39m
                  [36m>[39m
                    [36m<path[39m
                      [33md[39m=[32m"M3 18h18v-2H3zm0-5h18v-2H3zm0-7v2h18V6z"[39m
                    [36m/>[39m
                  [36m</svg>[39m
                [36m</button>[39m
                [36m<h6[39m
                  [33mclass[39m=[32m"MuiTypography-root MuiTypography-h6 MuiTypography-noWrap css-5lnhk4-MuiTypography-root"[39m
                [36m>[39m
                  [0mSistema de Inventario de Usuarios[0m
                [36m</h6>[39m
              [36m</div>[39m
              [36m<div[39m
                [33mclass[39m=[32m"MuiBox-root css-axw7ok"[39m
              [36m>[39m
                [36m<div[39m
                  [33mclass[39m=[32m"MuiAvatar-root MuiAvatar-circular MuiAvatar-colorDefault css-1l53gx1-MuiAvatar-root"[39m
                [36m>[39m
                  [0mA[0m
                [36m</div>[39m
                [36m<button[39m
                  [33maria-label[39m=[32m"Cerrar sesión"[39m
                  [33mclass[39m=[32m"MuiButtonBase-root MuiIconButton-root MuiIconButton-colorInherit MuiIconButton-sizeMedium css-h7cjts-MuiButtonBase-root-MuiIconButton-root"[39m
                  [33mdata-mui-internal-clone-element[39m=[32m"true"[39m
                  [33mtabindex[39m=[32m"0"[39m
                  [33mtype[39m=[32m"button"[39m
                [36m>[39m
                  [36m<svg[39m
                    [33maria-hidden[39m=[32m"true"[39m
                    [33mclass[39m=[32m"MuiSvgIcon-root MuiSvgIcon-fontSizeMedium css-1umw9bq-MuiSvgIcon-root"[39m
                    [33mdata-testid[39m=[32m"LogoutIcon"[39m
                    [33mfocusable[39m=[32m"false"[39m
                    [33mviewBox[39m=[32m"0 0 24 24"[39m
                  [36m>[39m
                    [36m<path[39m
                      [33md[39m=[32m"m17 7-1.41 1.41L18.17 11H8v2h10.17l-2.58 2.58L17 17l5-5zM4 5h8V3H4c-1.1 0-2 .9-2 2v14c0 1.1.9 2 2 2h8v-2H4z"[39m
                    [36m/>[39m
                  [36m</svg>[39m
                [36m</button>[39m
              [36m</div>[39m
            [36m</div>[39m
          [36m</header>[39m
          [36m<nav[39m
            [33mclass[39m=[32m"MuiBox-root css-1at9qkq"[39m
          [36m>[39m
            [36m<div[39m
              [33mclass[39m=[32m"MuiDrawer-root MuiDrawer-anchorLeft MuiDrawer-docked css-17h82c3-MuiDrawer-docked"[39m
            [36m>[39m
              [36m<div[39m
                [33mclass[39m=[32m"MuiPaper-root MuiPaper-elevation MuiPaper-elevation0 MuiDrawer-paper MuiDrawer-paperAnchorLeft MuiDrawer-paperAnchorDockedLeft css-1lwhjos-MuiPaper-root-MuiDrawer-paper"[39m
                [33mstyle[39m=[32m"--Paper-shadow: none;"[39m
              [36m>[39m
                [36m<div[39m
                  [33mclass[39m=[32m"MuiToolbar-root MuiToolbar-gutters MuiToolbar-regular css-1ygil4i-MuiToolbar-root"[39m
                [36m/>[39m
                [36m<div[39m
                  [33mclass[39m=[32m"MuiBox-root css-1v8x7dw"[39m
                [36m>[39m
                  [36m<ul[39m
                    [33mclass[39m=[32m"MuiList-root MuiList-padding css-b7dj7n-MuiList-root"[39m
                  [36m>[39m
                    [36m<li[39m
                      [33mclass[39m=[32m"MuiListItem-root MuiListItem-gutters css-19f6boz-MuiListItem-root"[39m
                    [36m>[39m
                      [36m<a[39m
                        [33mclass[39m=[32m"MuiButtonBase-root MuiListItemButton-root MuiListItemButton-gutters MuiListItemButton-root MuiListItemButton-gutters css-gvnq3k-MuiButtonBase-root-MuiListItemButton-root"[39m
                        [33mhref[39m=[32m"/"[39m
                        [33mtabindex[39m=[32m"0"[39m
                      [36m>[39m
                        [36m<div[39m
                          [33mclass[39m=[32m"MuiListItemIcon-root css-ro2zky-MuiListItemIcon-root"[39m
                        [36m>[39m
                          [36m<svg[39m
                            [33maria-hidden[39m=[32m"true"[39m
                            [33mclass[39m=[32m"MuiSvgIcon-root MuiSvgIcon-fontSizeMedium css-1umw9bq-MuiSvgIcon-root"[39m
                            [33mdata-testid[39m=[32m"DashboardIcon"[39m
                            [33mfocusable[39m=[32m"false"[39m
                            [33mviewBox[39m=[32m"0 0 24 24"[39m
                          [36m>[39m
                            [36m<path[39m
                              [33md[39m=[32m"M3 13h8V3H3zm0 8h8v-6H3zm10 0h8V11h-8zm0-18v6h8V3z"[39m
                            [36m/>[39m
                          [36m</svg>[39m
                        [36m</div>[39m
                        [36m<div[39m
                          [33mclass[39m=[32m"MuiListItemText-root css-bmeq68-MuiListItemText-root"[39m
                        [36m>[39m
                          [36m<span[39m
                            [33mclass[39m=[32m"MuiTypography-root MuiTypography-body1 MuiListItemText-primary css-rizt0-MuiTypography-root"[39m
                          [36m>[39m
                            [0mDashboard[0m
                          [36m</span>[39m
                        [36m</div>[39m
                      [36m</a>[39m
                    [36m</li>[39m
                    [36m<li[39m
                      [33mclass[39m=[32m"MuiListItem-root MuiListItem-gutters css-19f6boz-MuiListItem-root"[39m
                    [36m>[39m
                      [36m<a[39m
                        [33mclass[39m=[32m"MuiButtonBase-root MuiListItemButton-root MuiListItemButton-gutters MuiListItemButton-...

      251 |
      252 |       // Verificar que las estadísticas se muestran
    > 253 |       expect(screen.getByText('Total de Usuarios')).toBeInTheDocument();
          |                     ^
      254 |       expect(screen.getByText('Usuarios Activos')).toBeInTheDocument();
      255 |       expect(screen.getByText('Equipos Activos')).toBeInTheDocument();
      256 |     });

      at Object.getElementError (node_modules/@testing-library/dom/dist/config.js:37:19)
      at node_modules/@testing-library/dom/dist/query-helpers.js:76:38
      at node_modules/@testing-library/dom/dist/query-helpers.js:52:17
      at node_modules/@testing-library/dom/dist/query-helpers.js:95:19
      at Object.getByText (src/app/users/__tests__/page.test.tsx:253:21)

  ● UsersPage › Estadísticas › debe actualizar estadísticas al agregar usuario

    TestingLibraryElementError: Unable to find an element with the text: Crear Usuario. This could be because the text is broken up by multiple elements. In this case, you can provide a function for your text matcher to make your matcher more flexible.

    Ignored nodes: comments, script, style
    [36m<body>[39m
      [36m<div>[39m
        [36m<div[39m
          [33mclass[39m=[32m"MuiBox-root css-k008qs"[39m
        [36m>[39m
          [36m<header[39m
            [33mclass[39m=[32m"MuiPaper-root MuiPaper-elevation MuiPaper-elevation4 MuiAppBar-root MuiAppBar-colorPrimary MuiAppBar-positionFixed mui-fixed css-1l6cx5b-MuiPaper-root-MuiAppBar-root"[39m
            [33mstyle[39m=[32m"--Paper-shadow: 0px 2px 4px -1px rgba(0,0,0,0.2),0px 4px 5px 0px rgba(0,0,0,0.14),0px 1px 10px 0px rgba(0,0,0,0.12);"[39m
          [36m>[39m
            [36m<div[39m
              [33mclass[39m=[32m"MuiToolbar-root MuiToolbar-gutters MuiToolbar-regular css-yg49xf-MuiToolbar-root"[39m
            [36m>[39m
              [36m<div[39m
                [33mclass[39m=[32m"MuiBox-root css-70qvj9"[39m
              [36m>[39m
                [36m<button[39m
                  [33maria-label[39m=[32m"abrir menú"[39m
                  [33mclass[39m=[32m"MuiButtonBase-root MuiIconButton-root MuiIconButton-colorInherit MuiIconButton-edgeStart MuiIconButton-sizeMedium css-kiawdm-MuiButtonBase-root-MuiIconButton-root"[39m
                  [33mtabindex[39m=[32m"0"[39m
                  [33mtype[39m=[32m"button"[39m
                [36m>[39m
                  [36m<svg[39m
                    [33maria-hidden[39m=[32m"true"[39m
                    [33mclass[39m=[32m"MuiSvgIcon-root MuiSvgIcon-fontSizeMedium css-1umw9bq-MuiSvgIcon-root"[39m
                    [33mdata-testid[39m=[32m"MenuIcon"[39m
                    [33mfocusable[39m=[32m"false"[39m
                    [33mviewBox[39m=[32m"0 0 24 24"[39m
                  [36m>[39m
                    [36m<path[39m
                      [33md[39m=[32m"M3 18h18v-2H3zm0-5h18v-2H3zm0-7v2h18V6z"[39m
                    [36m/>[39m
                  [36m</svg>[39m
                [36m</button>[39m
                [36m<h6[39m
                  [33mclass[39m=[32m"MuiTypography-root MuiTypography-h6 MuiTypography-noWrap css-5lnhk4-MuiTypography-root"[39m
                [36m>[39m
                  [0mSistema de Inventario de Usuarios[0m
                [36m</h6>[39m
              [36m</div>[39m
              [36m<div[39m
                [33mclass[39m=[32m"MuiBox-root css-axw7ok"[39m
              [36m>[39m
                [36m<div[39m
                  [33mclass[39m=[32m"MuiAvatar-root MuiAvatar-circular MuiAvatar-colorDefault css-1l53gx1-MuiAvatar-root"[39m
                [36m>[39m
                  [0mA[0m
                [36m</div>[39m
                [36m<button[39m
                  [33maria-label[39m=[32m"Cerrar sesión"[39m
                  [33mclass[39m=[32m"MuiButtonBase-root MuiIconButton-root MuiIconButton-colorInherit MuiIconButton-sizeMedium css-h7cjts-MuiButtonBase-root-MuiIconButton-root"[39m
                  [33mdata-mui-internal-clone-element[39m=[32m"true"[39m
                  [33mtabindex[39m=[32m"0"[39m
                  [33mtype[39m=[32m"button"[39m
                [36m>[39m
                  [36m<svg[39m
                    [33maria-hidden[39m=[32m"true"[39m
                    [33mclass[39m=[32m"MuiSvgIcon-root MuiSvgIcon-fontSizeMedium css-1umw9bq-MuiSvgIcon-root"[39m
                    [33mdata-testid[39m=[32m"LogoutIcon"[39m
                    [33mfocusable[39m=[32m"false"[39m
                    [33mviewBox[39m=[32m"0 0 24 24"[39m
                  [36m>[39m
                    [36m<path[39m
                      [33md[39m=[32m"m17 7-1.41 1.41L18.17 11H8v2h10.17l-2.58 2.58L17 17l5-5zM4 5h8V3H4c-1.1 0-2 .9-2 2v14c0 1.1.9 2 2 2h8v-2H4z"[39m
                    [36m/>[39m
                  [36m</svg>[39m
                [36m</button>[39m
              [36m</div>[39m
            [36m</div>[39m
          [36m</header>[39m
          [36m<nav[39m
            [33mclass[39m=[32m"MuiBox-root css-1at9qkq"[39m
          [36m>[39m
            [36m<div[39m
              [33mclass[39m=[32m"MuiDrawer-root MuiDrawer-anchorLeft MuiDrawer-docked css-17h82c3-MuiDrawer-docked"[39m
            [36m>[39m
              [36m<div[39m
                [33mclass[39m=[32m"MuiPaper-root MuiPaper-elevation MuiPaper-elevation0 MuiDrawer-paper MuiDrawer-paperAnchorLeft MuiDrawer-paperAnchorDockedLeft css-1lwhjos-MuiPaper-root-MuiDrawer-paper"[39m
                [33mstyle[39m=[32m"--Paper-shadow: none;"[39m
              [36m>[39m
                [36m<div[39m
                  [33mclass[39m=[32m"MuiToolbar-root MuiToolbar-gutters MuiToolbar-regular css-1ygil4i-MuiToolbar-root"[39m
                [36m/>[39m
                [36m<div[39m
                  [33mclass[39m=[32m"MuiBox-root css-1v8x7dw"[39m
                [36m>[39m
                  [36m<ul[39m
                    [33mclass[39m=[32m"MuiList-root MuiList-padding css-b7dj7n-MuiList-root"[39m
                  [36m>[39m
                    [36m<li[39m
                      [33mclass[39m=[32m"MuiListItem-root MuiListItem-gutters css-19f6boz-MuiListItem-root"[39m
                    [36m>[39m
                      [36m<a[39m
                        [33mclass[39m=[32m"MuiButtonBase-root MuiListItemButton-root MuiListItemButton-gutters MuiListItemButton-root MuiListItemButton-gutters css-gvnq3k-MuiButtonBase-root-MuiListItemButton-root"[39m
                        [33mhref[39m=[32m"/"[39m
                        [33mtabindex[39m=[32m"0"[39m
                      [36m>[39m
                        [36m<div[39m
                          [33mclass[39m=[32m"MuiListItemIcon-root css-ro2zky-MuiListItemIcon-root"[39m
                        [36m>[39m
                          [36m<svg[39m
                            [33maria-hidden[39m=[32m"true"[39m
                            [33mclass[39m=[32m"MuiSvgIcon-root MuiSvgIcon-fontSizeMedium css-1umw9bq-MuiSvgIcon-root"[39m
                            [33mdata-testid[39m=[32m"DashboardIcon"[39m
                            [33mfocusable[39m=[32m"false"[39m
                            [33mviewBox[39m=[32m"0 0 24 24"[39m
                          [36m>[39m
                            [36m<path[39m
                              [33md[39m=[32m"M3 13h8V3H3zm0 8h8v-6H3zm10 0h8V11h-8zm0-18v6h8V3z"[39m
                            [36m/>[39m
                          [36m</svg>[39m
                        [36m</div>[39m
                        [36m<div[39m
                          [33mclass[39m=[32m"MuiListItemText-root css-bmeq68-MuiListItemText-root"[39m
                        [36m>[39m
                          [36m<span[39m
                            [33mclass[39m=[32m"MuiTypography-root MuiTypography-body1 MuiListItemText-primary css-rizt0-MuiTypography-root"[39m
                          [36m>[39m
                            [0mDashboard[0m
                          [36m</span>[39m
                        [36m</div>[39m
                      [36m</a>[39m
                    [36m</li>[39m
                    [36m<li[39m
                      [33mclass[39m=[32m"MuiListItem-root MuiListItem-gutters css-19f6boz-MuiListItem-root"[39m
                    [36m>[39m
                      [36m<a[39m
                        [33mclass[39m=[32m"MuiButtonBase-root MuiListItemButton-root MuiListItemButton-gutters MuiListItemButton-...

      259 |       render(<UsersPage />);
      260 |
    > 261 |       const createButton = screen.getByText('Crear Usuario');
          |                                   ^
      262 |       await userEvent.click(createButton);
      263 |
      264 |       const saveButton = screen.getByText('Guardar');

      at Object.getElementError (node_modules/@testing-library/dom/dist/config.js:37:19)
      at node_modules/@testing-library/dom/dist/query-helpers.js:76:38
      at node_modules/@testing-library/dom/dist/query-helpers.js:52:17
      at node_modules/@testing-library/dom/dist/query-helpers.js:95:19
      at Object.getByText (src/app/users/__tests__/page.test.tsx:261:35)

  ● UsersPage › Snackbar › debe mostrar snackbar de éxito al crear usuario

    TestingLibraryElementError: Unable to find an element with the text: Crear Usuario. This could be because the text is broken up by multiple elements. In this case, you can provide a function for your text matcher to make your matcher more flexible.

    Ignored nodes: comments, script, style
    [36m<body>[39m
      [36m<div>[39m
        [36m<div[39m
          [33mclass[39m=[32m"MuiBox-root css-k008qs"[39m
        [36m>[39m
          [36m<header[39m
            [33mclass[39m=[32m"MuiPaper-root MuiPaper-elevation MuiPaper-elevation4 MuiAppBar-root MuiAppBar-colorPrimary MuiAppBar-positionFixed mui-fixed css-1l6cx5b-MuiPaper-root-MuiAppBar-root"[39m
            [33mstyle[39m=[32m"--Paper-shadow: 0px 2px 4px -1px rgba(0,0,0,0.2),0px 4px 5px 0px rgba(0,0,0,0.14),0px 1px 10px 0px rgba(0,0,0,0.12);"[39m
          [36m>[39m
            [36m<div[39m
              [33mclass[39m=[32m"MuiToolbar-root MuiToolbar-gutters MuiToolbar-regular css-yg49xf-MuiToolbar-root"[39m
            [36m>[39m
              [36m<div[39m
                [33mclass[39m=[32m"MuiBox-root css-70qvj9"[39m
              [36m>[39m
                [36m<button[39m
                  [33maria-label[39m=[32m"abrir menú"[39m
                  [33mclass[39m=[32m"MuiButtonBase-root MuiIconButton-root MuiIconButton-colorInherit MuiIconButton-edgeStart MuiIconButton-sizeMedium css-kiawdm-MuiButtonBase-root-MuiIconButton-root"[39m
                  [33mtabindex[39m=[32m"0"[39m
                  [33mtype[39m=[32m"button"[39m
                [36m>[39m
                  [36m<svg[39m
                    [33maria-hidden[39m=[32m"true"[39m
                    [33mclass[39m=[32m"MuiSvgIcon-root MuiSvgIcon-fontSizeMedium css-1umw9bq-MuiSvgIcon-root"[39m
                    [33mdata-testid[39m=[32m"MenuIcon"[39m
                    [33mfocusable[39m=[32m"false"[39m
                    [33mviewBox[39m=[32m"0 0 24 24"[39m
                  [36m>[39m
                    [36m<path[39m
                      [33md[39m=[32m"M3 18h18v-2H3zm0-5h18v-2H3zm0-7v2h18V6z"[39m
                    [36m/>[39m
                  [36m</svg>[39m
                [36m</button>[39m
                [36m<h6[39m
                  [33mclass[39m=[32m"MuiTypography-root MuiTypography-h6 MuiTypography-noWrap css-5lnhk4-MuiTypography-root"[39m
                [36m>[39m
                  [0mSistema de Inventario de Usuarios[0m
                [36m</h6>[39m
              [36m</div>[39m
              [36m<div[39m
                [33mclass[39m=[32m"MuiBox-root css-axw7ok"[39m
              [36m>[39m
                [36m<div[39m
                  [33mclass[39m=[32m"MuiAvatar-root MuiAvatar-circular MuiAvatar-colorDefault css-1l53gx1-MuiAvatar-root"[39m
                [36m>[39m
                  [0mA[0m
                [36m</div>[39m
                [36m<button[39m
                  [33maria-label[39m=[32m"Cerrar sesión"[39m
                  [33mclass[39m=[32m"MuiButtonBase-root MuiIconButton-root MuiIconButton-colorInherit MuiIconButton-sizeMedium css-h7cjts-MuiButtonBase-root-MuiIconButton-root"[39m
                  [33mdata-mui-internal-clone-element[39m=[32m"true"[39m
                  [33mtabindex[39m=[32m"0"[39m
                  [33mtype[39m=[32m"button"[39m
                [36m>[39m
                  [36m<svg[39m
                    [33maria-hidden[39m=[32m"true"[39m
                    [33mclass[39m=[32m"MuiSvgIcon-root MuiSvgIcon-fontSizeMedium css-1umw9bq-MuiSvgIcon-root"[39m
                    [33mdata-testid[39m=[32m"LogoutIcon"[39m
                    [33mfocusable[39m=[32m"false"[39m
                    [33mviewBox[39m=[32m"0 0 24 24"[39m
                  [36m>[39m
                    [36m<path[39m
                      [33md[39m=[32m"m17 7-1.41 1.41L18.17 11H8v2h10.17l-2.58 2.58L17 17l5-5zM4 5h8V3H4c-1.1 0-2 .9-2 2v14c0 1.1.9 2 2 2h8v-2H4z"[39m
                    [36m/>[39m
                  [36m</svg>[39m
                [36m</button>[39m
              [36m</div>[39m
            [36m</div>[39m
          [36m</header>[39m
          [36m<nav[39m
            [33mclass[39m=[32m"MuiBox-root css-1at9qkq"[39m
          [36m>[39m
            [36m<div[39m
              [33mclass[39m=[32m"MuiDrawer-root MuiDrawer-anchorLeft MuiDrawer-docked css-17h82c3-MuiDrawer-docked"[39m
            [36m>[39m
              [36m<div[39m
                [33mclass[39m=[32m"MuiPaper-root MuiPaper-elevation MuiPaper-elevation0 MuiDrawer-paper MuiDrawer-paperAnchorLeft MuiDrawer-paperAnchorDockedLeft css-1lwhjos-MuiPaper-root-MuiDrawer-paper"[39m
                [33mstyle[39m=[32m"--Paper-shadow: none;"[39m
              [36m>[39m
                [36m<div[39m
                  [33mclass[39m=[32m"MuiToolbar-root MuiToolbar-gutters MuiToolbar-regular css-1ygil4i-MuiToolbar-root"[39m
                [36m/>[39m
                [36m<div[39m
                  [33mclass[39m=[32m"MuiBox-root css-1v8x7dw"[39m
                [36m>[39m
                  [36m<ul[39m
                    [33mclass[39m=[32m"MuiList-root MuiList-padding css-b7dj7n-MuiList-root"[39m
                  [36m>[39m
                    [36m<li[39m
                      [33mclass[39m=[32m"MuiListItem-root MuiListItem-gutters css-19f6boz-MuiListItem-root"[39m
                    [36m>[39m
                      [36m<a[39m
                        [33mclass[39m=[32m"MuiButtonBase-root MuiListItemButton-root MuiListItemButton-gutters MuiListItemButton-root MuiListItemButton-gutters css-gvnq3k-MuiButtonBase-root-MuiListItemButton-root"[39m
                        [33mhref[39m=[32m"/"[39m
                        [33mtabindex[39m=[32m"0"[39m
                      [36m>[39m
                        [36m<div[39m
                          [33mclass[39m=[32m"MuiListItemIcon-root css-ro2zky-MuiListItemIcon-root"[39m
                        [36m>[39m
                          [36m<svg[39m
                            [33maria-hidden[39m=[32m"true"[39m
                            [33mclass[39m=[32m"MuiSvgIcon-root MuiSvgIcon-fontSizeMedium css-1umw9bq-MuiSvgIcon-root"[39m
                            [33mdata-testid[39m=[32m"DashboardIcon"[39m
                            [33mfocusable[39m=[32m"false"[39m
                            [33mviewBox[39m=[32m"0 0 24 24"[39m
                          [36m>[39m
                            [36m<path[39m
                              [33md[39m=[32m"M3 13h8V3H3zm0 8h8v-6H3zm10 0h8V11h-8zm0-18v6h8V3z"[39m
                            [36m/>[39m
                          [36m</svg>[39m
                        [36m</div>[39m
                        [36m<div[39m
                          [33mclass[39m=[32m"MuiListItemText-root css-bmeq68-MuiListItemText-root"[39m
                        [36m>[39m
                          [36m<span[39m
                            [33mclass[39m=[32m"MuiTypography-root MuiTypography-body1 MuiListItemText-primary css-rizt0-MuiTypography-root"[39m
                          [36m>[39m
                            [0mDashboard[0m
                          [36m</span>[39m
                        [36m</div>[39m
                      [36m</a>[39m
                    [36m</li>[39m
                    [36m<li[39m
                      [33mclass[39m=[32m"MuiListItem-root MuiListItem-gutters css-19f6boz-MuiListItem-root"[39m
                    [36m>[39m
                      [36m<a[39m
                        [33mclass[39m=[32m"MuiButtonBase-root MuiListItemButton-root MuiListItemButton-gutters MuiListItemButton-...

      274 |       render(<UsersPage />);
      275 |
    > 276 |       const createButton = screen.getByText('Crear Usuario');
          |                                   ^
      277 |       await userEvent.click(createButton);
      278 |
      279 |       const saveButton = screen.getByText('Guardar');

      at Object.getElementError (node_modules/@testing-library/dom/dist/config.js:37:19)
      at node_modules/@testing-library/dom/dist/query-helpers.js:76:38
      at node_modules/@testing-library/dom/dist/query-helpers.js:52:17
      at node_modules/@testing-library/dom/dist/query-helpers.js:95:19
      at Object.getByText (src/app/users/__tests__/page.test.tsx:276:35)

  ● UsersPage › Snackbar › debe mostrar snackbar de éxito al eliminar usuario

    TestingLibraryElementError: Found multiple elements with the text: Eliminar

    Here are the matching elements:

    Ignored nodes: comments, script, style
    [36m<button>[39m
      [0mEliminar[0m
    [36m</button>[39m

    Ignored nodes: comments, script, style
    [36m<button>[39m
      [0mEliminar[0m
    [36m</button>[39m

    Ignored nodes: comments, script, style
    [36m<button>[39m
      [0mEliminar[0m
    [36m</button>[39m

    (If this is intentional, then use the `*AllBy*` variant of the query (like `queryAllByText`, `getAllByText`, or `findAllByText`)).

    Ignored nodes: comments, script, style
    [36m<body>[39m
      [36m<div>[39m
        [36m<div[39m
          [33mclass[39m=[32m"MuiBox-root css-k008qs"[39m
        [36m>[39m
          [36m<header[39m
            [33mclass[39m=[32m"MuiPaper-root MuiPaper-elevation MuiPaper-elevation4 MuiAppBar-root MuiAppBar-colorPrimary MuiAppBar-positionFixed mui-fixed css-1l6cx5b-MuiPaper-root-MuiAppBar-root"[39m
            [33mstyle[39m=[32m"--Paper-shadow: 0px 2px 4px -1px rgba(0,0,0,0.2),0px 4px 5px 0px rgba(0,0,0,0.14),0px 1px 10px 0px rgba(0,0,0,0.12);"[39m
          [36m>[39m
            [36m<div[39m
              [33mclass[39m=[32m"MuiToolbar-root MuiToolbar-gutters MuiToolbar-regular css-yg49xf-MuiToolbar-root"[39m
            [36m>[39m
              [36m<div[39m
                [33mclass[39m=[32m"MuiBox-root css-70qvj9"[39m
              [36m>[39m
                [36m<button[39m
                  [33maria-label[39m=[32m"abrir menú"[39m
                  [33mclass[39m=[32m"MuiButtonBase-root MuiIconButton-root MuiIconButton-colorInherit MuiIconButton-edgeStart MuiIconButton-sizeMedium css-kiawdm-MuiButtonBase-root-MuiIconButton-root"[39m
                  [33mtabindex[39m=[32m"0"[39m
                  [33mtype[39m=[32m"button"[39m
                [36m>[39m
                  [36m<svg[39m
                    [33maria-hidden[39m=[32m"true"[39m
                    [33mclass[39m=[32m"MuiSvgIcon-root MuiSvgIcon-fontSizeMedium css-1umw9bq-MuiSvgIcon-root"[39m
                    [33mdata-testid[39m=[32m"MenuIcon"[39m
                    [33mfocusable[39m=[32m"false"[39m
                    [33mviewBox[39m=[32m"0 0 24 24"[39m
                  [36m>[39m
                    [36m<path[39m
                      [33md[39m=[32m"M3 18h18v-2H3zm0-5h18v-2H3zm0-7v2h18V6z"[39m
                    [36m/>[39m
                  [36m</svg>[39m
                [36m</button>[39m
                [36m<h6[39m
                  [33mclass[39m=[32m"MuiTypography-root MuiTypography-h6 MuiTypography-noWrap css-5lnhk4-MuiTypography-root"[39m
                [36m>[39m
                  [0mSistema de Inventario de Usuarios[0m
                [36m</h6>[39m
              [36m</div>[39m
              [36m<div[39m
                [33mclass[39m=[32m"MuiBox-root css-axw7ok"[39m
              [36m>[39m
                [36m<div[39m
                  [33mclass[39m=[32m"MuiAvatar-root MuiAvatar-circular MuiAvatar-colorDefault css-1l53gx1-MuiAvatar-root"[39m
                [36m>[39m
                  [0mA[0m
                [36m</div>[39m
                [36m<button[39m
                  [33maria-label[39m=[32m"Cerrar sesión"[39m
                  [33mclass[39m=[32m"MuiButtonBase-root MuiIconButton-root MuiIconButton-colorInherit MuiIconButton-sizeMedium css-h7cjts-MuiButtonBase-root-MuiIconButton-root"[39m
                  [33mdata-mui-internal-clone-element[39m=[32m"true"[39m
                  [33mtabindex[39m=[32m"0"[39m
                  [33mtype[39m=[32m"button"[39m
                [36m>[39m
                  [36m<svg[39m
                    [33maria-hidden[39m=[32m"true"[39m
                    [33mclass[39m=[32m"MuiSvgIcon-root MuiSvgIcon-fontSizeMedium css-1umw9bq-MuiSvgIcon-root"[39m
                    [33mdata-testid[39m=[32m"LogoutIcon"[39m
                    [33mfocusable[39m=[32m"false"[39m
                    [33mviewBox[39m=[32m"0 0 24 24"[39m
                  [36m>[39m
                    [36m<path[39m
                      [33md[39m=[32m"m17 7-1.41 1.41L18.17 11H8v2h10.17l-2.58 2.58L17 17l5-5zM4 5h8V3H4c-1.1 0-2 .9-2 2v14c0 1.1.9 2 2 2h8v-2H4z"[39m
                    [36m/>[39m
                  [36m</svg>[39m
                [36m</button>[39m
              [36m</div>[39m
            [36m</div>[39m
          [36m</header>[39m
          [36m<nav[39m
            [33mclass[39m=[32m"MuiBox-root css-1at9qkq"[39m
          [36m>[39m
            [36m<div[39m
              [33mclass[39m=[32m"MuiDrawer-root MuiDrawer-anchorLeft MuiDrawer-docked css-17h82c3-MuiDrawer-docked"[39m
            [36m>[39m
              [36m<div[39m
                [33mclass[39m=[32m"MuiPaper-root MuiPaper-elevation MuiPaper-elevation0 MuiDrawer-paper MuiDrawer-paperAnchorLeft MuiDrawer-paperAnchorDockedLeft css-1lwhjos-MuiPaper-root-MuiDrawer-paper"[39m
                [33mstyle[39m=[32m"--Paper-shadow: none;"[39m
              [36m>[39m
                [36m<div[39m
                  [33mclass[39m=[32m"MuiToolbar-root MuiToolbar-gutters MuiToolbar-regular css-1ygil4i-MuiToolbar-root"[39m
                [36m/>[39m
                [36m<div[39m
                  [33mclass[39m=[32m"MuiBox-root css-1v8x7dw"[39m
                [36m>[39m
                  [36m<ul[39m
                    [33mclass[39m=[32m"MuiList-root MuiList-padding css-b7dj7n-MuiList-root"[39m
                  [36m>[39m
                    [36m<li[39m
                      [33mclass[39m=[32m"MuiListItem-root MuiListItem-gutters css-19f6boz-MuiListItem-root"[39m
                    [36m>[39m
                      [36m<a[39m
                        [33mclass[39m=[32m"MuiButtonBase-root MuiListItemButton-root MuiListItemButton-gutters MuiListItemButton-root MuiListItemButton-gutters css-gvnq3k-MuiButtonBase-root-MuiListItemButton-root"[39m
                        [33mhref[39m=[32m"/"[39m
                        [33mtabindex[39m=[32m"0"[39m
                      [36m>[39m
                        [36m<div[39m
                          [33mclass[39m=[32m"MuiListItemIcon-root css-ro2zky-MuiListItemIcon-root"[39m
                        [36m>[39m
                          [36m<svg[39m
                            [33maria-hidden[39m=[32m"true"[39m
                            [33mclass[39m=[32m"MuiSvgIcon-root MuiSvgIcon-fontSizeMedium css-1umw9bq-MuiSvgIcon-root"[39m
                            [33mdata-testid[39m=[32m"DashboardIcon"[39m
                            [33mfocusable[39m=[32m"false"[39m
                            [33mviewBox[39m=[32m"0 0 24 24"[39m
                          [36m>[39m
                            [36m<path[39m
                              [33md[39m=[32m"M3 13h8V3H3zm0 8h8v-6H3zm10 0h8V11h-8zm0-18v6h8V3z"[39m
                            [36m/>[39m
                          [36m</svg>[39m
                        [36m</div>[39m
                        [36m<div[39m
                          [33mclass[39m=[32m"MuiListItemText-root css-bmeq68-MuiListItemText-root"[39m
                        [36m>[39m
                          [36m<span[39m
                            [33mclass[39m=[32m"MuiTypography-root MuiTypography-body1 MuiListItemText-primary css-rizt0-MuiTypography-root"[39m
                          [36m>[39m
                            [0mDashboard[0m
                          [36m</span>[39m
                        [36m</div>[39m
                      [36m</a>[39m
                    [36m</li>[39m
                    [36m<li[39m
                      [33mclass[39m=[32m"MuiListItem-root MuiListItem-gutters css-19f6boz-MuiListItem-root"[39m
                    [36m>[39m
                      [36m<a[39m
                        [33mclass[39m=[32m"MuiButtonBase-root MuiListItemButton-root MuiListItemButton-gutters MuiListItemButton-...

      301 |       await userEvent.click(deleteButtons[0]);
      302 |
    > 303 |       const confirmButton = screen.getByText('Eliminar');
          |                                    ^
      304 |       await userEvent.click(confirmButton);
      305 |
      306 |       expect(screen.getByText('Usuario eliminado exitosamente')).toBeInTheDocument();

      at Object.getElementError (node_modules/@testing-library/dom/dist/config.js:37:19)
      at getElementError (node_modules/@testing-library/dom/dist/query-helpers.js:20:35)
      at getMultipleElementsFoundError (node_modules/@testing-library/dom/dist/query-helpers.js:23:10)
      at node_modules/@testing-library/dom/dist/query-helpers.js:55:13
      at node_modules/@testing-library/dom/dist/query-helpers.js:95:19
      at Object.getByText (src/app/users/__tests__/page.test.tsx:303:36)

  ● UsersPage › Accesibilidad › debe tener botones con texto descriptivo

    TestingLibraryElementError: Unable to find an accessible element with the role "button" and name `/crear usuario/i`

    Here are the accessible roles:

      banner:

      Name "":
      [36m<header[39m
        [33mclass[39m=[32m"MuiPaper-root MuiPaper-elevation MuiPaper-elevation4 MuiAppBar-root MuiAppBar-colorPrimary MuiAppBar-positionFixed mui-fixed css-1l6cx5b-MuiPaper-root-MuiAppBar-root"[39m
        [33mstyle[39m=[32m"--Paper-shadow: 0px 2px 4px -1px rgba(0,0,0,0.2),0px 4px 5px 0px rgba(0,0,0,0.14),0px 1px 10px 0px rgba(0,0,0,0.12);"[39m
      [36m/>[39m

      --------------------------------------------------
      button:

      Name "abrir menú":
      [36m<button[39m
        [33maria-label[39m=[32m"abrir menú"[39m
        [33mclass[39m=[32m"MuiButtonBase-root MuiIconButton-root MuiIconButton-colorInherit MuiIconButton-edgeStart MuiIconButton-sizeMedium css-kiawdm-MuiButtonBase-root-MuiIconButton-root"[39m
        [33mtabindex[39m=[32m"0"[39m
        [33mtype[39m=[32m"button"[39m
      [36m/>[39m

      Name "Cerrar sesión":
      [36m<button[39m
        [33maria-label[39m=[32m"Cerrar sesión"[39m
        [33mclass[39m=[32m"MuiButtonBase-root MuiIconButton-root MuiIconButton-colorInherit MuiIconButton-sizeMedium css-h7cjts-MuiButtonBase-root-MuiIconButton-root"[39m
        [33mdata-mui-internal-clone-element[39m=[32m"true"[39m
        [33mtabindex[39m=[32m"0"[39m
        [33mtype[39m=[32m"button"[39m
      [36m/>[39m

      Name "Agregar Usuario":
      [36m<button[39m
        [33mclass[39m=[32m"MuiButtonBase-root MuiButton-root MuiButton-contained MuiButton-containedPrimary MuiButton-sizeMedium MuiButton-containedSizeMedium MuiButton-colorPrimary MuiButton-root MuiButton-contained MuiButton-containedPrimary MuiButton-sizeMedium MuiButton-containedSizeMedium MuiButton-colorPrimary css-74d805-MuiButtonBase-root-MuiButton-root"[39m
        [33mtabindex[39m=[32m"0"[39m
        [33mtype[39m=[32m"button"[39m
      [36m/>[39m

      Name "Editar":
      [36m<button />[39m

      Name "Eliminar":
      [36m<button />[39m

      Name "Editar":
      [36m<button />[39m

      Name "Eliminar":
      [36m<button />[39m

      Name "Editar":
      [36m<button />[39m

      Name "Eliminar":
      [36m<button />[39m

      Name "Editar":
      [36m<button />[39m

      Name "Eliminar":
      [36m<button />[39m

      --------------------------------------------------
      heading:

      Name "Sistema de Inventario de Usuarios":
      [36m<h6[39m
        [33mclass[39m=[32m"MuiTypography-root MuiTypography-h6 MuiTypography-noWrap css-5lnhk4-MuiTypography-root"[39m
      [36m/>[39m

      Name "Gestión de Usuarios":
      [36m<h5[39m
        [33mclass[39m=[32m"MuiTypography-root MuiTypography-h5 css-ru24nk-MuiTypography-root"[39m
      [36m/>[39m

      Name "Ana García":
      [36m<h3 />[39m

      Name "Carlos Rodríguez":
      [36m<h3 />[39m

      Name "Luisa Martínez":
      [36m<h3 />[39m

      Name "Juan Pérez":
      [36m<h3 />[39m

      --------------------------------------------------
      navigation:

      Name "":
      [36m<nav[39m
        [33mclass[39m=[32m"MuiBox-root css-1at9qkq"[39m
      [36m/>[39m

      --------------------------------------------------
      list:

      Name "":
      [36m<ul[39m
        [33mclass[39m=[32m"MuiList-root MuiList-padding css-b7dj7n-MuiList-root"[39m
      [36m/>[39m

      --------------------------------------------------
      listitem:

      Name "":
      [36m<li[39m
        [33mclass[39m=[32m"MuiListItem-root MuiListItem-gutters css-19f6boz-MuiListItem-root"[39m
      [36m/>[39m

      Name "":
      [36m<li[39m
        [33mclass[39m=[32m"MuiListItem-root MuiListItem-gutters css-19f6boz-MuiListItem-root"[39m
      [36m/>[39m

      Name "":
      [36m<li[39m
        [33mclass[39m=[32m"MuiListItem-root MuiListItem-gutters css-19f6boz-MuiListItem-root"[39m
      [36m/>[39m

      --------------------------------------------------
      link:

      Name "Dashboard":
      [36m<a[39m
        [33mclass[39m=[32m"MuiButtonBase-root MuiListItemButton-root MuiListItemButton-gutters MuiListItemButton-root MuiListItemButton-gutters css-gvnq3k-MuiButtonBase-root-MuiListItemButton-root"[39m
        [33mhref[39m=[32m"/"[39m
        [33mtabindex[39m=[32m"0"[39m
      [36m/>[39m

      Name "Usuarios":
      [36m<a[39m
        [33mclass[39m=[32m"MuiButtonBase-root MuiListItemButton-root MuiListItemButton-gutters MuiListItemButton-root MuiListItemButton-gutters css-gvnq3k-MuiButtonBase-root-MuiListItemButton-root"[39m
        [33mhref[39m=[32m"/users"[39m
        [33mtabindex[39m=[32m"0"[39m
      [36m/>[39m

      Name "Configuración":
      [36m<a[39m
        [33mclass[39m=[32m"MuiButtonBase-root MuiListItemButton-root MuiListItemButton-gutters MuiListItemButton-root MuiListItemButton-gutters css-gvnq3k-MuiButtonBase-root-MuiListItemButton-root"[39m
        [33mhref[39m=[32m"/config"[39m
        [33mtabindex[39m=[32m"0"[39m
      [36m/>[39m

      --------------------------------------------------
      separator:

      Name "":
      [36m<hr[39m
        [33mclass[39m=[32m"MuiDivider-root MuiDivider-fullWidth css-1jpc804-MuiDivider-root"[39m
      [36m/>[39m

      --------------------------------------------------
      main:

      Name "":
      [36m<main[39m
        [33mclass[39m=[32m"MuiBox-root css-1ugbrec"[39m
      [36m/>[39m

      --------------------------------------------------
      textbox:

      Name "Buscar usuarios...":
      [36m<input[39m
        [33maria-invalid[39m=[32m"false"[39m
        [33mclass[39m=[32m"MuiInputBase-input MuiOutlinedInput-input MuiInputBase-inputSizeSmall css-1pzfmz2-MuiInputBase-input-MuiOutlinedInput-input"[39m
        [33mid[39m=[32m"«r3i»"[39m
        [33mtype[39m=[32m"text"[39m
        [33mvalue[39m=[32m""[39m
      [36m/>[39m

      --------------------------------------------------

    Ignored nodes: comments, script, style
    [36m<body>[39m
      [36m<div>[39m
        [36m<div[39m
          [33mclass[39m=[32m"MuiBox-root css-k008qs"[39m
        [36m>[39m
          [36m<header[39m
            [33mclass[39m=[32m"MuiPaper-root MuiPaper-elevation MuiPaper-elevation4 MuiAppBar-root MuiAppBar-colorPrimary MuiAppBar-positionFixed mui-fixed css-1l6cx5b-MuiPaper-root-MuiAppBar-root"[39m
            [33mstyle[39m=[32m"--Paper-shadow: 0px 2px 4px -1px rgba(0,0,0,0.2),0px 4px 5px 0px rgba(0,0,0,0.14),0px 1px 10px 0px rgba(0,0,0,0.12);"[39m
          [36m>[39m
            [36m<div[39m
              [33mclass[39m=[32m"MuiToolbar-root MuiToolbar-gutters MuiToolbar-regular css-yg49xf-MuiToolbar-root"[39m
            [36m>[39m
              [36m<div[39m
                [33mclass[39m=[32m"MuiBox-root css-70qvj9"[39m
              [36m>[39m
                [36m<button[39m
                  [33maria-label[39m=[32m"abrir menú"[39m
                  [33mclass[39m=[32m"MuiButtonBase-root MuiIconButton-root MuiIconButton-colorInherit MuiIconButton-edgeStart MuiIconButton-sizeMedium css-kiawdm-MuiButtonBase-root-MuiIconButton-root"[39m
                  [33mtabindex[39m=[32m"0"[39m
                  [33mtype[39m=[32m"button"[39m
                [36m>[39m
                  [36m<svg[39m
                    [33maria-hidden[39m=[32m"true"[39m
                    [33mclass[39m=[32m"MuiSvgIcon-root MuiSvgIcon-fontSizeMedium css-1umw9bq-MuiSvgIcon-root"[39m
                    [33mdata-testid[39m=[32m"MenuIcon"[39m
                    [33mfocusable[39m=[32m"false"[39m
                    [33mviewBox[39m=[32m"0 0 24 24"[39m
                  [36m>[39m
                    [36m<path[39m
                      [33md[39m=[32m"M3 18h18v-2H3zm0-5h18v-2H3zm0-7v2h18V6z"[39m
                    [36m/>[39m
                  [36m</svg>[39m
                [36m</button>[39m
                [36m<h6[39m
                  [33mclass[39m=[32m"MuiTypography-root MuiTypography-h6 MuiTypography-noWrap css-5lnhk4-MuiTypography-root"[39m
                [36m>[39m
                  [0mSistema de Inventario de Usuarios[0m
                [36m</h6>[39m
              [36m</div>[39m
              [36m<div[39m
                [33mclass[39m=[32m"MuiBox-root css-axw7ok"[39m
              [36m>[39m
                [36m<div[39m
                  [33mclass[39m=[32m"MuiAvatar-root MuiAvatar-circular MuiAvatar-colorDefault css-1l53gx1-MuiAvatar-root"[39m
                [36m>[39m
                  [0mA[0m
                [36m</div>[39m
                [36m<button[39m
                  [33maria-label[39m=[32m"Cerrar sesión"[39m
                  [33mclass[39m=[32m"MuiButtonBase-root MuiIconButton-root MuiIconButton-colorInherit MuiIconButton-sizeMedium css-h7cjts-MuiButtonBase-root-MuiIconButton-root"[39m
                  [33mdata-mui-internal-clone-element[39m=[32m"true"[39m
                  [33mtabindex[39m=[32m"0"[39m
                  [33mtype[39m=[32m"button"[39m
                [36m>[39m
                  [36m<svg[39m
                    [33maria-hidden[39m=[32m"true"[39m
                    [33mclass[39m=[32m"MuiSvgIcon-root MuiSvgIcon-fontSizeMedium css-1umw9bq-MuiSvgIcon-root"[39m
                    [33mdata-testid[39m=[32m"LogoutIcon"[39m
                    [33mfocusable[39m=[32m"false"[39m
                    [33mviewBox[39m=[32m"0 0 24 24"[39m
                  [36m>[39m
                    [36m<path[39m
                      [33md[39m=[32m"m17 7-1.41 1.41L18.17 11H8v2h10.17l-2.58 2.58L17 17l5-5zM4 5h8V3H4c-1.1 0-2 .9-2 2v14c0 1.1.9 2 2 2h8v-2H4z"[39m
                    [36m/>[39m
                  [36m</svg>[39m
                [36m</button>[39m
              [36m</div>[39m
            [36m</div>[39m
          [36m</header>[39m
          [36m<nav[39m
            [33mclass[39m=[32m"MuiBox-root css-1at9qkq"[39m
          [36m>[39m
            [36m<div[39m
              [33mclass[39m=[32m"MuiDrawer-root MuiDrawer-anchorLeft MuiDrawer-docked css-17h82c3-MuiDrawer-docked"[39m
            [36m>[39m
              [36m<div[39m
                [33mclass[39m=[32m"MuiPaper-root MuiPaper-elevation MuiPaper-elevation0 MuiDrawer-paper MuiDrawer-paperAnchorLeft MuiDrawer-paperAnchorDockedLeft css-1lwhjos-MuiPaper-root-MuiDrawer-paper"[39m
                [33mstyle[39m=[32m"--Paper-shadow: none;"[39m
              [36m>[39m
                [36m<div[39m
                  [33mclass[39m=[32m"MuiToolbar-root MuiToolbar-gutters MuiToolbar-regular css-1ygil4i-MuiToolbar-root"[39m
                [36m/>[39m
                [36m<div[39m
                  [33mclass[39m=[32m"MuiBox-root css-1v8x7dw"[39m
                [36m>[39m
                  [36m<ul[39m
                    [33mclass[39m=[32m"MuiList-root MuiList-padding css-b7dj7n-MuiList-root"[39m
                  [36m>[39m
                    [36m<li[39m
                      [33mclass[39m=[32m"MuiListItem-root MuiListItem-gutters css-19f6boz-MuiListItem-root"[39m
                    [36m>[39m
                      [36m<a[39m
                        [33mclass[39m=[32m"MuiButtonBase-root MuiListItemButton-root MuiListItemButton-gutters MuiListItemButton-root MuiListItemButton-gutters css-gvnq3k-MuiButtonBase-root-MuiListItemButton-root"[39m
                        [33mhref[39m=[32m"/"[39m
                        [33mtabindex[39m=[32m"0"[39m
                      [36m>[39m
                        [36m<div[39m
                          [33mclass[39m=[32m"MuiListItemIcon-root css-ro2zky-MuiListItemIcon-root"[39m
                        [36m>[39m
                          [36m<svg[39m
                            [33maria-hidden[39m=[32m"true"[39m
                            [33mclass[39m=[32m"MuiSvgIcon-root MuiSvgIcon-fontSizeMedium css-1umw9bq-MuiSvgIcon-root"[39m
                            [33mdata-testid[39m=[32m"DashboardIcon"[39m
                            [33mfocusable[39m=[32m"false"[39m
                            [33mviewBox[39m=[32m"0 0 24 24"[39m
                          [36m>[39m
                            [36m<path[39m
                              [33md[39m=[32m"M3 13h8V3H3zm0 8h8v-6H3zm10 0h8V11h-8zm0-18v6h8V3z"[39m
                            [36m/>[39m
                          [36m</svg>[39m
                        [36m</div>[39m
                        [36m<div[39m
                          [33mclass[39m=[32m"MuiListItemText-root css-bmeq68-MuiListItemText-root"[39m
                        [36m>[39m
                          [36m<span[39m
                            [33mclass[39m=[32m"MuiTypography-root MuiTypography-body1 MuiListItemText-primary css-rizt0-MuiTypography-root"[39m
                          [36m>[39m
                            [0mDashboard[0m
                          [36m</span>[39m
                        [36m</div>[39m
                      [36m</a>[39m
                    [36m</li>[39m
                    [36m<li[39m
                      [33mclass[39m=[32m"MuiListItem-root MuiListItem-gutters css-19f6boz-MuiListItem-root"[39m
                    [36m>[39m
                      [36m<a[39m
                        [33mclass[39m=[32m"MuiButtonBase-root MuiListItemButton-root MuiListItemButton-gutters MuiListItemButton-...

      318 |       render(<UsersPage />);
      319 |
    > 320 |       expect(screen.getByRole('button', { name: /crear usuario/i })).toBeInTheDocument();
          |                     ^
      321 |     });
      322 |   });
      323 |

      at Object.getElementError (node_modules/@testing-library/dom/dist/config.js:37:19)
      at node_modules/@testing-library/dom/dist/query-helpers.js:76:38
      at node_modules/@testing-library/dom/dist/query-helpers.js:52:17
      at node_modules/@testing-library/dom/dist/query-helpers.js:95:19
      at Object.getByRole (src/app/users/__tests__/page.test.tsx:320:21)

  ● UsersPage › Casos Edge › debe manejar lista vacía de usuarios

    TestingLibraryElementError: Unable to find an element with the text: No hay usuarios registrados. This could be because the text is broken up by multiple elements. In this case, you can provide a function for your text matcher to make your matcher more flexible.

    Ignored nodes: comments, script, style
    [36m<body>[39m
      [36m<div>[39m
        [36m<div[39m
          [33mclass[39m=[32m"MuiBox-root css-k008qs"[39m
        [36m>[39m
          [36m<header[39m
            [33mclass[39m=[32m"MuiPaper-root MuiPaper-elevation MuiPaper-elevation4 MuiAppBar-root MuiAppBar-colorPrimary MuiAppBar-positionFixed mui-fixed css-1l6cx5b-MuiPaper-root-MuiAppBar-root"[39m
            [33mstyle[39m=[32m"--Paper-shadow: 0px 2px 4px -1px rgba(0,0,0,0.2),0px 4px 5px 0px rgba(0,0,0,0.14),0px 1px 10px 0px rgba(0,0,0,0.12);"[39m
          [36m>[39m
            [36m<div[39m
              [33mclass[39m=[32m"MuiToolbar-root MuiToolbar-gutters MuiToolbar-regular css-yg49xf-MuiToolbar-root"[39m
            [36m>[39m
              [36m<div[39m
                [33mclass[39m=[32m"MuiBox-root css-70qvj9"[39m
              [36m>[39m
                [36m<button[39m
                  [33maria-label[39m=[32m"abrir menú"[39m
                  [33mclass[39m=[32m"MuiButtonBase-root MuiIconButton-root MuiIconButton-colorInherit MuiIconButton-edgeStart MuiIconButton-sizeMedium css-kiawdm-MuiButtonBase-root-MuiIconButton-root"[39m
                  [33mtabindex[39m=[32m"0"[39m
                  [33mtype[39m=[32m"button"[39m
                [36m>[39m
                  [36m<svg[39m
                    [33maria-hidden[39m=[32m"true"[39m
                    [33mclass[39m=[32m"MuiSvgIcon-root MuiSvgIcon-fontSizeMedium css-1umw9bq-MuiSvgIcon-root"[39m
                    [33mdata-testid[39m=[32m"MenuIcon"[39m
                    [33mfocusable[39m=[32m"false"[39m
                    [33mviewBox[39m=[32m"0 0 24 24"[39m
                  [36m>[39m
                    [36m<path[39m
                      [33md[39m=[32m"M3 18h18v-2H3zm0-5h18v-2H3zm0-7v2h18V6z"[39m
                    [36m/>[39m
                  [36m</svg>[39m
                [36m</button>[39m
                [36m<h6[39m
                  [33mclass[39m=[32m"MuiTypography-root MuiTypography-h6 MuiTypography-noWrap css-5lnhk4-MuiTypography-root"[39m
                [36m>[39m
                  [0mSistema de Inventario de Usuarios[0m
                [36m</h6>[39m
              [36m</div>[39m
              [36m<div[39m
                [33mclass[39m=[32m"MuiBox-root css-axw7ok"[39m
              [36m>[39m
                [36m<div[39m
                  [33mclass[39m=[32m"MuiAvatar-root MuiAvatar-circular MuiAvatar-colorDefault css-1l53gx1-MuiAvatar-root"[39m
                [36m>[39m
                  [0mA[0m
                [36m</div>[39m
                [36m<button[39m
                  [33maria-label[39m=[32m"Cerrar sesión"[39m
                  [33mclass[39m=[32m"MuiButtonBase-root MuiIconButton-root MuiIconButton-colorInherit MuiIconButton-sizeMedium css-h7cjts-MuiButtonBase-root-MuiIconButton-root"[39m
                  [33mdata-mui-internal-clone-element[39m=[32m"true"[39m
                  [33mtabindex[39m=[32m"0"[39m
                  [33mtype[39m=[32m"button"[39m
                [36m>[39m
                  [36m<svg[39m
                    [33maria-hidden[39m=[32m"true"[39m
                    [33mclass[39m=[32m"MuiSvgIcon-root MuiSvgIcon-fontSizeMedium css-1umw9bq-MuiSvgIcon-root"[39m
                    [33mdata-testid[39m=[32m"LogoutIcon"[39m
                    [33mfocusable[39m=[32m"false"[39m
                    [33mviewBox[39m=[32m"0 0 24 24"[39m
                  [36m>[39m
                    [36m<path[39m
                      [33md[39m=[32m"m17 7-1.41 1.41L18.17 11H8v2h10.17l-2.58 2.58L17 17l5-5zM4 5h8V3H4c-1.1 0-2 .9-2 2v14c0 1.1.9 2 2 2h8v-2H4z"[39m
                    [36m/>[39m
                  [36m</svg>[39m
                [36m</button>[39m
              [36m</div>[39m
            [36m</div>[39m
          [36m</header>[39m
          [36m<nav[39m
            [33mclass[39m=[32m"MuiBox-root css-1at9qkq"[39m
          [36m>[39m
            [36m<div[39m
              [33mclass[39m=[32m"MuiDrawer-root MuiDrawer-anchorLeft MuiDrawer-docked css-17h82c3-MuiDrawer-docked"[39m
            [36m>[39m
              [36m<div[39m
                [33mclass[39m=[32m"MuiPaper-root MuiPaper-elevation MuiPaper-elevation0 MuiDrawer-paper MuiDrawer-paperAnchorLeft MuiDrawer-paperAnchorDockedLeft css-1lwhjos-MuiPaper-root-MuiDrawer-paper"[39m
                [33mstyle[39m=[32m"--Paper-shadow: none;"[39m
              [36m>[39m
                [36m<div[39m
                  [33mclass[39m=[32m"MuiToolbar-root MuiToolbar-gutters MuiToolbar-regular css-1ygil4i-MuiToolbar-root"[39m
                [36m/>[39m
                [36m<div[39m
                  [33mclass[39m=[32m"MuiBox-root css-1v8x7dw"[39m
                [36m>[39m
                  [36m<ul[39m
                    [33mclass[39m=[32m"MuiList-root MuiList-padding css-b7dj7n-MuiList-root"[39m
                  [36m>[39m
                    [36m<li[39m
                      [33mclass[39m=[32m"MuiListItem-root MuiListItem-gutters css-19f6boz-MuiListItem-root"[39m
                    [36m>[39m
                      [36m<a[39m
                        [33mclass[39m=[32m"MuiButtonBase-root MuiListItemButton-root MuiListItemButton-gutters MuiListItemButton-root MuiListItemButton-gutters css-gvnq3k-MuiButtonBase-root-MuiListItemButton-root"[39m
                        [33mhref[39m=[32m"/"[39m
                        [33mtabindex[39m=[32m"0"[39m
                      [36m>[39m
                        [36m<div[39m
                          [33mclass[39m=[32m"MuiListItemIcon-root css-ro2zky-MuiListItemIcon-root"[39m
                        [36m>[39m
                          [36m<svg[39m
                            [33maria-hidden[39m=[32m"true"[39m
                            [33mclass[39m=[32m"MuiSvgIcon-root MuiSvgIcon-fontSizeMedium css-1umw9bq-MuiSvgIcon-root"[39m
                            [33mdata-testid[39m=[32m"DashboardIcon"[39m
                            [33mfocusable[39m=[32m"false"[39m
                            [33mviewBox[39m=[32m"0 0 24 24"[39m
                          [36m>[39m
                            [36m<path[39m
                              [33md[39m=[32m"M3 13h8V3H3zm0 8h8v-6H3zm10 0h8V11h-8zm0-18v6h8V3z"[39m
                            [36m/>[39m
                          [36m</svg>[39m
                        [36m</div>[39m
                        [36m<div[39m
                          [33mclass[39m=[32m"MuiListItemText-root css-bmeq68-MuiListItemText-root"[39m
                        [36m>[39m
                          [36m<span[39m
                            [33mclass[39m=[32m"MuiTypography-root MuiTypography-body1 MuiListItemText-primary css-rizt0-MuiTypography-root"[39m
                          [36m>[39m
                            [0mDashboard[0m
                          [36m</span>[39m
                        [36m</div>[39m
                      [36m</a>[39m
                    [36m</li>[39m
                    [36m<li[39m
                      [33mclass[39m=[32m"MuiListItem-root MuiListItem-gutters css-19f6boz-MuiListItem-root"[39m
                    [36m>[39m
                      [36m<a[39m
                        [33mclass[39m=[32m"MuiButtonBase-root MuiListItemButton-root MuiListItemButton-gutters MuiListItemButton-...

      331 |       render(<UsersPage />);
      332 |
    > 333 |       expect(screen.getByText('No hay usuarios registrados')).toBeInTheDocument();
          |                     ^
      334 |     });
      335 |
      336 |     it('debe manejar errores de localStorage', () => {

      at Object.getElementError (node_modules/@testing-library/dom/dist/config.js:37:19)
      at node_modules/@testing-library/dom/dist/query-helpers.js:76:38
      at node_modules/@testing-library/dom/dist/query-helpers.js:52:17
      at node_modules/@testing-library/dom/dist/query-helpers.js:95:19
      at Object.getByText (src/app/users/__tests__/page.test.tsx:333:21)

FAIL src/components/__tests__/UserModal.test.tsx
  ● UserModal › Renderizado › debe renderizar el modal de crear usuario correctamente

    TestingLibraryElementError: Unable to find a label with the text of: Número de Empleado

    Ignored nodes: comments, script, style
    [36m<body[39m
      [33mstyle[39m=[32m"padding-right: 1024px; overflow: hidden;"[39m
    [36m>[39m
      [36m<div[39m
        [33maria-hidden[39m=[32m"true"[39m
      [36m/>[39m
      [36m<div[39m
        [33mclass[39m=[32m"MuiDialog-root MuiModal-root css-1424xw8-MuiModal-root-MuiDialog-root"[39m
        [33mrole[39m=[32m"presentation"[39m
      [36m>[39m
        [36m<div[39m
          [33maria-hidden[39m=[32m"true"[39m
          [33mclass[39m=[32m"MuiBackdrop-root MuiModal-backdrop css-1cennmq-MuiBackdrop-root-MuiDialog-backdrop"[39m
          [33mstyle[39m=[32m"opacity: 1; webkit-transition: opacity 225ms cubic-bezier(0.4, 0, 0.2, 1) 0ms; transition: opacity 225ms cubic-bezier(0.4, 0, 0.2, 1) 0ms;"[39m
        [36m/>[39m
        [36m<div[39m
          [33mdata-testid[39m=[32m"sentinelStart"[39m
          [33mtabindex[39m=[32m"0"[39m
        [36m/>[39m
        [36m<div[39m
          [33mclass[39m=[32m"MuiDialog-container MuiDialog-scrollPaper css-19do60a-MuiDialog-container"[39m
          [33mrole[39m=[32m"presentation"[39m
          [33mstyle[39m=[32m"opacity: 1; webkit-transition: opacity 225ms cubic-bezier(0.4, 0, 0.2, 1) 0ms; transition: opacity 225ms cubic-bezier(0.4, 0, 0.2, 1) 0ms;"[39m
          [33mtabindex[39m=[32m"-1"[39m
        [36m>[39m
          [36m<div[39m
            [33maria-labelledby[39m=[32m"«r0»"[39m
            [33maria-modal[39m=[32m"true"[39m
            [33mclass[39m=[32m"MuiPaper-root MuiPaper-elevation MuiPaper-rounded MuiPaper-elevation24 MuiDialog-paper MuiDialog-paperScrollPaper MuiDialog-paperWidthMd MuiDialog-paperFullWidth css-1txc44p-MuiPaper-root-MuiDialog-paper"[39m
            [33mrole[39m=[32m"dialog"[39m
            [33mstyle[39m=[32m"--Paper-shadow: 0px 11px 15px -7px rgba(0,0,0,0.2),0px 24px 38px 3px rgba(0,0,0,0.14),0px 9px 46px 8px rgba(0,0,0,0.12);"[39m
          [36m>[39m
            [36m<h2[39m
              [33mclass[39m=[32m"MuiTypography-root MuiTypography-h6 MuiDialogTitle-root css-dewjw6-MuiTypography-root-MuiDialogTitle-root"[39m
              [33mid[39m=[32m"«r0»"[39m
            [36m>[39m
              [36m<h6[39m
                [33mclass[39m=[32m"MuiTypography-root MuiTypography-h6 css-1miy0lu-MuiTypography-root"[39m
              [36m>[39m
                [0mCrear Usuario[0m
              [36m</h6>[39m
              [36m<button[39m
                [33mclass[39m=[32m"MuiButtonBase-root MuiIconButton-root MuiIconButton-sizeMedium css-1yx79mc-MuiButtonBase-root-MuiIconButton-root"[39m
                [33mtabindex[39m=[32m"0"[39m
                [33mtype[39m=[32m"button"[39m
              [36m>[39m
                [36m<svg[39m
                  [33maria-hidden[39m=[32m"true"[39m
                  [33mclass[39m=[32m"MuiSvgIcon-root MuiSvgIcon-fontSizeMedium css-1umw9bq-MuiSvgIcon-root"[39m
                  [33mdata-testid[39m=[32m"CloseIcon"[39m
                  [33mfocusable[39m=[32m"false"[39m
                  [33mviewBox[39m=[32m"0 0 24 24"[39m
                [36m>[39m
                  [36m<path[39m
                    [33md[39m=[32m"M19 6.41 17.59 5 12 10.59 6.41 5 5 6.41 10.59 12 5 17.59 6.41 19 12 13.41 17.59 19 19 17.59 13.41 12z"[39m
                  [36m/>[39m
                [36m</svg>[39m
              [36m</button>[39m
            [36m</h2>[39m
            [36m<div[39m
              [33mclass[39m=[32m"MuiDialogContent-root css-1pykwul-MuiDialogContent-root"[39m
            [36m>[39m
              [36m<div[39m
                [33mclass[39m=[32m"MuiBox-root css-nakqfi"[39m
              [36m>[39m
                [36m<div[39m
                  [33mclass[39m=[32m"MuiFormControl-root MuiFormControl-fullWidth MuiTextField-root css-cmpglg-MuiFormControl-root-MuiTextField-root"[39m
                [36m>[39m
                  [36m<label[39m
                    [33mclass[39m=[32m"MuiFormLabel-root MuiInputLabel-root MuiInputLabel-formControl MuiInputLabel-animated MuiInputLabel-outlined MuiFormLabel-colorPrimary Mui-required MuiInputLabel-root MuiInputLabel-formControl MuiInputLabel-animated MuiInputLabel-outlined css-19qnlrw-MuiFormLabel-root-MuiInputLabel-root"[39m
                    [33mdata-shrink[39m=[32m"false"[39m
                    [33mfor[39m=[32m"«r2»"[39m
                    [33mid[39m=[32m"«r2»-label"[39m
                  [36m>[39m
                    [0mNúmero de Empleado[0m
                    [36m<span[39m
                      [33maria-hidden[39m=[32m"true"[39m
                      [33mclass[39m=[32m"MuiFormLabel-asterisk MuiInputLabel-asterisk css-1ljffdk-MuiFormLabel-asterisk"[39m
                    [36m>[39m
                      [0m [0m
                      [0m*[0m
                    [36m</span>[39m
                  [36m</label>[39m
                  [36m<div[39m
                    [33mclass[39m=[32m"MuiInputBase-root MuiOutlinedInput-root MuiInputBase-colorPrimary MuiInputBase-fullWidth MuiInputBase-formControl css-1blp12k-MuiInputBase-root-MuiOutlinedInput-root"[39m
                  [36m>[39m
                    [36m<input[39m
                      [33maria-invalid[39m=[32m"false"[39m
                      [33mclass[39m=[32m"MuiInputBase-input MuiOutlinedInput-input css-16wblaj-MuiInputBase-input-MuiOutlinedInput-input"[39m
                      [33mid[39m=[32m"«r2»"[39m
                      [33mrequired[39m=[32m""[39m
                      [33mtype[39m=[32m"text"[39m
                      [33mvalue[39m=[32m""[39m
                    [36m/>[39m
                    [36m<fieldset[39m
                      [33maria-hidden[39m=[32m"true"[39m
                      [33mclass[39m=[32m"MuiOutlinedInput-notchedOutline css-18p5xg2-MuiNotchedOutlined-root-MuiOutlinedInput-notchedOutline"[39m
                    [36m>[39m
                      [36m<legend[39m
                        [33mclass[39m=[32m"css-1n64csd-MuiNotchedOutlined-root"[39m
                      [36m>[39m
                        [36m<span>[39m
                          [0mNúmero de Empleado[0m
                          [0m [0m
                          [0m*[0m
                        [36m</span>[39m
                      [36m</legend>[39m
                    [36m</fieldset>[39m
                  [36m</div>[39m
                [36m</div>[39m
                [36m<div[39m
                  [33mclass[39m=[32m"MuiFormControl-root MuiFormControl-fullWidth MuiTextField-root css-cmpglg-MuiFormControl-root-MuiTextField-root"[39m
                [36m>[39m
                  [36m<label[39m
                    [33mclass[39m=[32m"MuiFormLabel-root MuiInputLabel-root MuiInputLabel-formControl MuiInputLabel-animated MuiInputLabel-outlined MuiFormLabel-colorPrimary Mui-required MuiInputLabel-root MuiInputLabel-formControl MuiInputLabel-animated MuiInputLabel-outlined css-19qnlrw-MuiFormLabel-root-MuiInputLabel-root"[39m
                    [33mdata-shrink[39m=[32m"false"[39m
                    [33mfor[39m=[32m"«r3»"[39m
                    [33mid[39m=[32m"«r3»-label"[39m
                  [36m>[39m
                    [0mNombre Completo[0m
                    [36m<span[39m
                      [33maria-hidden[39m=[32m"true"[39m
                      [33mclass[3...

      59 |
      60 |       expect(screen.getByText('Crear Usuario')).toBeInTheDocument();
    > 61 |       expect(screen.getByLabelText('Número de Empleado')).toBeInTheDocument();
         |                     ^
      62 |       expect(screen.getByLabelText('Nombre Completo')).toBeInTheDocument();
      63 |       expect(screen.getByLabelText('Usuario')).toBeInTheDocument();
      64 |       expect(screen.getByText('Guardar')).toBeInTheDocument();

      at Object.getElementError (node_modules/@testing-library/dom/dist/config.js:37:19)
      at getAllByLabelText (node_modules/@testing-library/dom/dist/queries/label-text.js:111:38)
      at node_modules/@testing-library/dom/dist/query-helpers.js:52:17
      at node_modules/@testing-library/dom/dist/query-helpers.js:95:19
      at Object.getByLabelText (src/components/__tests__/UserModal.test.tsx:61:21)

  ● UserModal › Interacciones del Usuario › debe cerrar el modal al hacer clic en el botón X

    TestingLibraryElementError: Unable to find an accessible element with the role "button" and name `/close/i`

    Here are the accessible roles:

      presentation:

      Name "":
      [36m<div[39m
        [33mclass[39m=[32m"MuiDialog-root MuiModal-root css-1424xw8-MuiModal-root-MuiDialog-root"[39m
        [33mrole[39m=[32m"presentation"[39m
      [36m/>[39m

      Name "":
      [36m<div[39m
        [33mclass[39m=[32m"MuiDialog-container MuiDialog-scrollPaper css-19do60a-MuiDialog-container"[39m
        [33mrole[39m=[32m"presentation"[39m
        [33mstyle[39m=[32m"opacity: 1; webkit-transition: opacity 225ms cubic-bezier(0.4, 0, 0.2, 1) 0ms; transition: opacity 225ms cubic-bezier(0.4, 0, 0.2, 1) 0ms;"[39m
        [33mtabindex[39m=[32m"-1"[39m
      [36m/>[39m

      --------------------------------------------------
      dialog:

      Name "Crear Usuario":
      [36m<div[39m
        [33maria-labelledby[39m=[32m"«r1n»"[39m
        [33maria-modal[39m=[32m"true"[39m
        [33mclass[39m=[32m"MuiPaper-root MuiPaper-elevation MuiPaper-rounded MuiPaper-elevation24 MuiDialog-paper MuiDialog-paperScrollPaper MuiDialog-paperWidthMd MuiDialog-paperFullWidth css-1txc44p-MuiPaper-root-MuiDialog-paper"[39m
        [33mrole[39m=[32m"dialog"[39m
        [33mstyle[39m=[32m"--Paper-shadow: 0px 11px 15px -7px rgba(0,0,0,0.2),0px 24px 38px 3px rgba(0,0,0,0.14),0px 9px 46px 8px rgba(0,0,0,0.12);"[39m
      [36m/>[39m

      --------------------------------------------------
      heading:

      Name "Crear Usuario":
      [36m<h2[39m
        [33mclass[39m=[32m"MuiTypography-root MuiTypography-h6 MuiDialogTitle-root css-dewjw6-MuiTypography-root-MuiDialogTitle-root"[39m
        [33mid[39m=[32m"«r1n»"[39m
      [36m/>[39m

      Name "Crear Usuario":
      [36m<h6[39m
        [33mclass[39m=[32m"MuiTypography-root MuiTypography-h6 css-1miy0lu-MuiTypography-root"[39m
      [36m/>[39m

      --------------------------------------------------
      button:

      Name "":
      [36m<button[39m
        [33mclass[39m=[32m"MuiButtonBase-root MuiIconButton-root MuiIconButton-sizeMedium css-1yx79mc-MuiButtonBase-root-MuiIconButton-root"[39m
        [33mtabindex[39m=[32m"0"[39m
        [33mtype[39m=[32m"button"[39m
      [36m/>[39m

      Name "Cancelar":
      [36m<button[39m
        [33mclass[39m=[32m"MuiButtonBase-root MuiButton-root MuiButton-outlined MuiButton-outlinedPrimary MuiButton-sizeMedium MuiButton-outlinedSizeMedium MuiButton-colorPrimary MuiButton-root MuiButton-outlined MuiButton-outlinedPrimary MuiButton-sizeMedium MuiButton-outlinedSizeMedium MuiButton-colorPrimary css-1xrznkp-MuiButtonBase-root-MuiButton-root"[39m
        [33mtabindex[39m=[32m"0"[39m
        [33mtype[39m=[32m"button"[39m
      [36m/>[39m

      Name "Guardar":
      [36m<button[39m
        [33mclass[39m=[32m"MuiButtonBase-root MuiButton-root MuiButton-contained MuiButton-containedPrimary MuiButton-sizeMedium MuiButton-containedSizeMedium MuiButton-colorPrimary MuiButton-root MuiButton-contained MuiButton-containedPrimary MuiButton-sizeMedium MuiButton-containedSizeMedium MuiButton-colorPrimary css-11wjf3t-MuiButtonBase-root-MuiButton-root"[39m
        [33mtabindex[39m=[32m"0"[39m
        [33mtype[39m=[32m"button"[39m
      [36m/>[39m

      --------------------------------------------------
      textbox:

      Name "Número de Empleado":
      [36m<input[39m
        [33maria-invalid[39m=[32m"false"[39m
        [33mclass[39m=[32m"MuiInputBase-input MuiOutlinedInput-input css-16wblaj-MuiInputBase-input-MuiOutlinedInput-input"[39m
        [33mid[39m=[32m"«r1p»"[39m
        [33mrequired[39m=[32m""[39m
        [33mtype[39m=[32m"text"[39m
        [33mvalue[39m=[32m""[39m
      [36m/>[39m

      Name "Nombre Completo":
      [36m<input[39m
        [33maria-invalid[39m=[32m"false"[39m
        [33mclass[39m=[32m"MuiInputBase-input MuiOutlinedInput-input css-16wblaj-MuiInputBase-input-MuiOutlinedInput-input"[39m
        [33mid[39m=[32m"«r1q»"[39m
        [33mrequired[39m=[32m""[39m
        [33mtype[39m=[32m"text"[39m
        [33mvalue[39m=[32m""[39m
      [36m/>[39m

      Name "Usuario":
      [36m<input[39m
        [33maria-describedby[39m=[32m"«r1r»-helper-text"[39m
        [33maria-invalid[39m=[32m"false"[39m
        [33mclass[39m=[32m"MuiInputBase-input MuiOutlinedInput-input css-16wblaj-MuiInputBase-input-MuiOutlinedInput-input"[39m
        [33mid[39m=[32m"«r1r»"[39m
        [33mrequired[39m=[32m""[39m
        [33mtype[39m=[32m"text"[39m
        [33mvalue[39m=[32m""[39m
      [36m/>[39m

      Name "Edificio":
      [36m<input[39m
        [33maria-invalid[39m=[32m"false"[39m
        [33mclass[39m=[32m"MuiInputBase-input MuiOutlinedInput-input css-16wblaj-MuiInputBase-input-MuiOutlinedInput-input"[39m
        [33mid[39m=[32m"«r1s»"[39m
        [33mrequired[39m=[32m""[39m
        [33mtype[39m=[32m"text"[39m
        [33mvalue[39m=[32m""[39m
      [36m/>[39m

      Name "Departamento":
      [36m<input[39m
        [33maria-invalid[39m=[32m"false"[39m
        [33mclass[39m=[32m"MuiInputBase-input MuiOutlinedInput-input css-16wblaj-MuiInputBase-input-MuiOutlinedInput-input"[39m
        [33mid[39m=[32m"«r1t»"[39m
        [33mrequired[39m=[32m""[39m
        [33mtype[39m=[32m"text"[39m
        [33mvalue[39m=[32m""[39m
      [36m/>[39m

      Name "Puesto":
      [36m<input[39m
        [33maria-invalid[39m=[32m"false"[39m
        [33mclass[39m=[32m"MuiInputBase-input MuiOutlinedInput-input css-16wblaj-MuiInputBase-input-MuiOutlinedInput-input"[39m
        [33mid[39m=[32m"«r1u»"[39m
        [33mrequired[39m=[32m""[39m
        [33mtype[39m=[32m"text"[39m
        [33mvalue[39m=[32m""[39m
      [36m/>[39m

      Name "Service Tag":
      [36m<input[39m
        [33maria-invalid[39m=[32m"false"[39m
        [33mclass[39m=[32m"MuiInputBase-input MuiOutlinedInput-input css-16wblaj-MuiInputBase-input-MuiOutlinedInput-input"[39m
        [33mid[39m=[32m"«r22»"[39m
        [33mrequired[39m=[32m""[39m
        [33mtype[39m=[32m"text"[39m
        [33mvalue[39m=[32m""[39m
      [36m/>[39m

      Name "Modelo":
      [36m<input[39m
        [33maria-invalid[39m=[32m"false"[39m
        [33mclass[39m=[32m"MuiInputBase-input MuiOutlinedInput-input css-16wblaj-MuiInputBase-input-MuiOutlinedInput-input"[39m
        [33mid[39m=[32m"«r25»"[39m
        [33mrequired[39m=[32m""[39m
        [33mtype[39m=[32m"text"[39m
        [33mvalue[39m=[32m""[39m
      [36m/>[39m

      Name "Dirección MAC":
      [36m<input[39m
        [33maria-describedby[39m=[32m"«r26»-helper-text"[39m
        [33maria-invalid[39m=[32m"false"[39m
        [33mclass[39m=[32m"MuiInputBase-input MuiOutlinedInput-input css-16wblaj-MuiInputBase-input-MuiOutlinedInput-input"[39m
        [33mid[39m=[32m"«r26»"[39m
        [33mplaceholder[39m=[32m"00:1B:44:11:3A:B7"[39m
        [33mrequired[39m=[32m""[39m
        [33mtype[39m=[32m"text"[39m
        [33mvalue[39m=[32m""[39m
      [36m/>[39m

      --------------------------------------------------
      combobox:

      Name "":
      [36m<div[39m
        [33maria-expanded[39m=[32m"false"[39m
        [33maria-haspopup[39m=[32m"listbox"[39m
        [33maria-required[39m=[32m"true"[39m
        [33mclass[39m=[32m"MuiSelect-select MuiSelect-outlined MuiInputBase-input MuiOutlinedInput-input css-18jp67o-MuiNativeSelect-root-MuiSelect-select-MuiInputBase-input-MuiOutlinedInput-input"[39m
        [33mrole[39m=[32m"combobox"[39m
        [33mtabindex[39m=[32m"0"[39m
      [36m/>[39m

      Name "":
      [36m<div[39m
        [33maria-expanded[39m=[32m"false"[39m
        [33maria-haspopup[39m=[32m"listbox"[39m
        [33maria-required[39m=[32m"true"[39m
        [33mclass[39m=[32m"MuiSelect-select MuiSelect-outlined MuiInputBase-input MuiOutlinedInput-input css-18jp67o-MuiNativeSelect-root-MuiSelect-select-MuiInputBase-input-MuiOutlinedInput-input"[39m
        [33mrole[39m=[32m"combobox"[39m
        [33mtabindex[39m=[32m"0"[39m
      [36m/>[39m

      Name "":
      [36m<div[39m
        [33maria-expanded[39m=[32m"false"[39m
        [33maria-haspopup[39m=[32m"listbox"[39m
        [33maria-required[39m=[32m"true"[39m
        [33mclass[39m=[32m"MuiSelect-select MuiSelect-outlined MuiInputBase-input MuiOutlinedInput-input css-18jp67o-MuiNativeSelect-root-MuiSelect-select-MuiInputBase-input-MuiOutlinedInput-input"[39m
        [33mrole[39m=[32m"combobox"[39m
        [33mtabindex[39m=[32m"0"[39m
      [36m/>[39m

      Name "":
      [36m<div[39m
        [33maria-expanded[39m=[32m"false"[39m
        [33maria-haspopup[39m=[32m"listbox"[39m
        [33maria-required[39m=[32m"true"[39m
        [33mclass[39m=[32m"MuiSelect-select MuiSelect-outlined MuiInputBase-input MuiOutlinedInput-input css-18jp67o-MuiNativeSelect-root-MuiSelect-select-MuiInputBase-input-MuiOutlinedInput-input"[39m
        [33mrole[39m=[32m"combobox"[39m
        [33mtabindex[39m=[32m"0"[39m
      [36m/>[39m

      Name "":
      [36m<div[39m
        [33maria-expanded[39m=[32m"false"[39m
        [33maria-haspopup[39m=[32m"listbox"[39m
        [33maria-required[39m=[32m"true"[39m
        [33mclass[39m=[32m"MuiSelect-select MuiSelect-outlined MuiInputBase-input MuiOutlinedInput-input css-18jp67o-MuiNativeSelect-root-MuiSelect-select-MuiInputBase-input-MuiOutlinedInput-input"[39m
        [33mrole[39m=[32m"combobox"[39m
        [33mtabindex[39m=[32m"0"[39m
      [36m/>[39m

      --------------------------------------------------

    Ignored nodes: comments, script, style
    [36m<body[39m
      [33mstyle[39m=[32m"padding-right: 1024px; overflow: hidden;"[39m
    [36m>[39m
      [36m<div[39m
        [33maria-hidden[39m=[32m"true"[39m
      [36m/>[39m
      [36m<div[39m
        [33mclass[39m=[32m"MuiDialog-root MuiModal-root css-1424xw8-MuiModal-root-MuiDialog-root"[39m
        [33mrole[39m=[32m"presentation"[39m
      [36m>[39m
        [36m<div[39m
          [33maria-hidden[39m=[32m"true"[39m
          [33mclass[39m=[32m"MuiBackdrop-root MuiModal-backdrop css-1cennmq-MuiBackdrop-root-MuiDialog-backdrop"[39m
          [33mstyle[39m=[32m"opacity: 1; webkit-transition: opacity 225ms cubic-bezier(0.4, 0, 0.2, 1) 0ms; transition: opacity 225ms cubic-bezier(0.4, 0, 0.2, 1) 0ms;"[39m
        [36m/>[39m
        [36m<div[39m
          [33mdata-testid[39m=[32m"sentinelStart"[39m
          [33mtabindex[39m=[32m"0"[39m
        [36m/>[39m
        [36m<div[39m
          [33mclass[39m=[32m"MuiDialog-container MuiDialog-scrollPaper css-19do60a-MuiDialog-container"[39m
          [33mrole[39m=[32m"presentation"[39m
          [33mstyle[39m=[32m"opacity: 1; webkit-transition: opacity 225ms cubic-bezier(0.4, 0, 0.2, 1) 0ms; transition: opacity 225ms cubic-bezier(0.4, 0, 0.2, 1) 0ms;"[39m
          [33mtabindex[39m=[32m"-1"[39m
        [36m>[39m
          [36m<div[39m
            [33maria-labelledby[39m=[32m"«r1n»"[39m
            [33maria-modal[39m=[32m"true"[39m
            [33mclass[39m=[32m"MuiPaper-root MuiPaper-elevation MuiPaper-rounded MuiPaper-elevation24 MuiDialog-paper MuiDialog-paperScrollPaper MuiDialog-paperWidthMd MuiDialog-paperFullWidth css-1txc44p-MuiPaper-root-MuiDialog-paper"[39m
            [33mrole[39m=[32m"dialog"[39m
            [33mstyle[39m=[32m"--Paper-shadow: 0px 11px 15px -7px rgba(0,0,0,0.2),0px 24px 38px 3px rgba(0,0,0,0.14),0px 9px 46px 8px rgba(0,0,0,0.12);"[39m
          [36m>[39m
            [36m<h2[39m
              [33mclass[39m=[32m"MuiTypography-root MuiTypography-h6 MuiDialogTitle-root css-dewjw6-MuiTypography-root-MuiDialogTitle-root"[39m
              [33mid[39m=[32m"«r1n»"[39m
            [36m>[39m
              [36m<h6[39m
                [33mclass[39m=[32m"MuiTypography-root MuiTypography-h6 css-1miy0lu-MuiTypography-root"[39m
              [36m>[39m
                [0mCrear Usuario[0m
              [36m</h6>[39m
              [36m<button[39m
                [33mclass[39m=[32m"MuiButtonBase-root MuiIconButton-root MuiIconButton-sizeMedium css-1yx79mc-MuiButtonBase-root-MuiIconButton-root"[39m
                [33mtabindex[39m=[32m"0"[39m
                [33mtype[39m=[32m"button"[39m
              [36m>[39m
                [36m<svg[39m
                  [33maria-hidden[39m=[32m"true"[39m
                  [33mclass[39m=[32m"MuiSvgIcon-root MuiSvgIcon-fontSizeMedium css-1umw9bq-MuiSvgIcon-root"[39m
                  [33mdata-testid[39m=[32m"CloseIcon"[39m
                  [33mfocusable[39m=[32m"false"[39m
                  [33mviewBox[39m=[32m"0 0 24 24"[39m
                [36m>[39m
                  [36m<path[39m
                    [33md[39m=[32m"M19 6.41 17.59 5 12 10.59 6.41 5 5 6.41 10.59 12 5 17.59 6.41 19 12 13.41 17.59 19 19 17.59 13.41 12z"[39m
                  [36m/>[39m
                [36m</svg>[39m
              [36m</button>[39m
            [36m</h2>[39m
            [36m<div[39m
              [33mclass[39m=[32m"MuiDialogContent-root css-1pykwul-MuiDialogContent-root"[39m
            [36m>[39m
              [36m<div[39m
                [33mclass[39m=[32m"MuiBox-root css-nakqfi"[39m
              [36m>[39m
                [36m<div[39m
                  [33mclass[39m=[32m"MuiFormControl-root MuiFormControl-fullWidth MuiTextField-root css-cmpglg-MuiFormControl-root-MuiTextField-root"[39m
                [36m>[39m
                  [36m<label[39m
                    [33mclass[39m=[32m"MuiFormLabel-root MuiInputLabel-root MuiInputLabel-formControl MuiInputLabel-animated MuiInputLabel-outlined MuiFormLabel-colorPrimary Mui-required MuiInputLabel-root MuiInputLabel-formControl MuiInputLabel-animated MuiInputLabel-outlined css-19qnlrw-MuiFormLabel-root-MuiInputLabel-root"[39m
                    [33mdata-shrink[39m=[32m"false"[39m
                    [33mfor[39m=[32m"«r1p»"[39m
                    [33mid[39m=[32m"«r1p»-label"[39m
                  [36m>[39m
                    [0mNúmero de Empleado[0m
                    [36m<span[39m
                      [33maria-hidden[39m=[32m"true"[39m
                      [33mclass[39m=[32m"MuiFormLabel-asterisk MuiInputLabel-asterisk css-1ljffdk-MuiFormLabel-asterisk"[39m
                    [36m>[39m
                      [0m [0m
                      [0m*[0m
                    [36m</span>[39m
                  [36m</label>[39m
                  [36m<div[39m
                    [33mclass[39m=[32m"MuiInputBase-root MuiOutlinedInput-root MuiInputBase-colorPrimary MuiInputBase-fullWidth MuiInputBase-formControl css-1blp12k-MuiInputBase-root-MuiOutlinedInput-root"[39m
                  [36m>[39m
                    [36m<input[39m
                      [33maria-invalid[39m=[32m"false"[39m
                      [33mclass[39m=[32m"MuiInputBase-input MuiOutlinedInput-input css-16wblaj-MuiInputBase-input-MuiOutlinedInput-input"[39m
                      [33mid[39m=[32m"«r1p»"[39m
                      [33mrequired[39m=[32m""[39m
                      [33mtype[39m=[32m"text"[39m
                      [33mvalue[39m=[32m""[39m
                    [36m/>[39m
                    [36m<fieldset[39m
                      [33maria-hidden[39m=[32m"true"[39m
                      [33mclass[39m=[32m"MuiOutlinedInput-notchedOutline css-18p5xg2-MuiNotchedOutlined-root-MuiOutlinedInput-notchedOutline"[39m
                    [36m>[39m
                      [36m<legend[39m
                        [33mclass[39m=[32m"css-1n64csd-MuiNotchedOutlined-root"[39m
                      [36m>[39m
                        [36m<span>[39m
                          [0mNúmero de Empleado[0m
                          [0m [0m
                          [0m*[0m
                        [36m</span>[39m
                      [36m</legend>[39m
                    [36m</fieldset>[39m
                  [36m</div>[39m
                [36m</div>[39m
                [36m<div[39m
                  [33mclass[39m=[32m"MuiFormControl-root MuiFormControl-fullWidth MuiTextField-root css-cmpglg-MuiFormControl-root-MuiTextField-root"[39m
                [36m>[39m
                  [36m<label[39m
                    [33mclass[39m=[32m"MuiFormLabel-root MuiInputLabel-root MuiInputLabel-formControl MuiInputLabel-animated MuiInputLabel-outlined MuiFormLabel-colorPrimary Mui-required MuiInputLabel-root MuiInputLabel-formControl MuiInputLabel-animated MuiInputLabel-outlined css-19qnlrw-MuiFormLabel-root-MuiInputLabel-root"[39m
                    [33mdata-shrink[39m=[32m"false"[39m
                    [33mfor[39m=[32m"«r1q»"[39m
                    [33mid[39m=[32m"«r1q»-label"[39m
                  [36m>[39m
                    [0mNombre Completo[0m
                    [36m<span[39m
                      [33maria-hidden[39m=[32m"true"[39m
                      [33mc...

      124 |       );
      125 |
    > 126 |       const closeButton = screen.getByRole('button', { name: /close/i });
          |                                  ^
      127 |       await userEvent.click(closeButton);
      128 |
      129 |       expect(mockOnClose).toHaveBeenCalledTimes(1);

      at Object.getElementError (node_modules/@testing-library/dom/dist/config.js:37:19)
      at node_modules/@testing-library/dom/dist/query-helpers.js:76:38
      at node_modules/@testing-library/dom/dist/query-helpers.js:52:17
      at node_modules/@testing-library/dom/dist/query-helpers.js:95:19
      at Object.getByRole (src/components/__tests__/UserModal.test.tsx:126:34)

  ● UserModal › Interacciones del Usuario › debe actualizar el valor del campo al escribir

    TestingLibraryElementError: Unable to find a label with the text of: Nombre Completo

    Ignored nodes: comments, script, style
    [36m<body[39m
      [33mstyle[39m=[32m"padding-right: 1024px; overflow: hidden;"[39m
    [36m>[39m
      [36m<div[39m
        [33maria-hidden[39m=[32m"true"[39m
      [36m/>[39m
      [36m<div[39m
        [33mclass[39m=[32m"MuiDialog-root MuiModal-root css-1424xw8-MuiModal-root-MuiDialog-root"[39m
        [33mrole[39m=[32m"presentation"[39m
      [36m>[39m
        [36m<div[39m
          [33maria-hidden[39m=[32m"true"[39m
          [33mclass[39m=[32m"MuiBackdrop-root MuiModal-backdrop css-1cennmq-MuiBackdrop-root-MuiDialog-backdrop"[39m
          [33mstyle[39m=[32m"opacity: 1; webkit-transition: opacity 225ms cubic-bezier(0.4, 0, 0.2, 1) 0ms; transition: opacity 225ms cubic-bezier(0.4, 0, 0.2, 1) 0ms;"[39m
        [36m/>[39m
        [36m<div[39m
          [33mdata-testid[39m=[32m"sentinelStart"[39m
          [33mtabindex[39m=[32m"0"[39m
        [36m/>[39m
        [36m<div[39m
          [33mclass[39m=[32m"MuiDialog-container MuiDialog-scrollPaper css-19do60a-MuiDialog-container"[39m
          [33mrole[39m=[32m"presentation"[39m
          [33mstyle[39m=[32m"opacity: 1; webkit-transition: opacity 225ms cubic-bezier(0.4, 0, 0.2, 1) 0ms; transition: opacity 225ms cubic-bezier(0.4, 0, 0.2, 1) 0ms;"[39m
          [33mtabindex[39m=[32m"-1"[39m
        [36m>[39m
          [36m<div[39m
            [33maria-labelledby[39m=[32m"«r29»"[39m
            [33maria-modal[39m=[32m"true"[39m
            [33mclass[39m=[32m"MuiPaper-root MuiPaper-elevation MuiPaper-rounded MuiPaper-elevation24 MuiDialog-paper MuiDialog-paperScrollPaper MuiDialog-paperWidthMd MuiDialog-paperFullWidth css-1txc44p-MuiPaper-root-MuiDialog-paper"[39m
            [33mrole[39m=[32m"dialog"[39m
            [33mstyle[39m=[32m"--Paper-shadow: 0px 11px 15px -7px rgba(0,0,0,0.2),0px 24px 38px 3px rgba(0,0,0,0.14),0px 9px 46px 8px rgba(0,0,0,0.12);"[39m
          [36m>[39m
            [36m<h2[39m
              [33mclass[39m=[32m"MuiTypography-root MuiTypography-h6 MuiDialogTitle-root css-dewjw6-MuiTypography-root-MuiDialogTitle-root"[39m
              [33mid[39m=[32m"«r29»"[39m
            [36m>[39m
              [36m<h6[39m
                [33mclass[39m=[32m"MuiTypography-root MuiTypography-h6 css-1miy0lu-MuiTypography-root"[39m
              [36m>[39m
                [0mCrear Usuario[0m
              [36m</h6>[39m
              [36m<button[39m
                [33mclass[39m=[32m"MuiButtonBase-root MuiIconButton-root MuiIconButton-sizeMedium css-1yx79mc-MuiButtonBase-root-MuiIconButton-root"[39m
                [33mtabindex[39m=[32m"0"[39m
                [33mtype[39m=[32m"button"[39m
              [36m>[39m
                [36m<svg[39m
                  [33maria-hidden[39m=[32m"true"[39m
                  [33mclass[39m=[32m"MuiSvgIcon-root MuiSvgIcon-fontSizeMedium css-1umw9bq-MuiSvgIcon-root"[39m
                  [33mdata-testid[39m=[32m"CloseIcon"[39m
                  [33mfocusable[39m=[32m"false"[39m
                  [33mviewBox[39m=[32m"0 0 24 24"[39m
                [36m>[39m
                  [36m<path[39m
                    [33md[39m=[32m"M19 6.41 17.59 5 12 10.59 6.41 5 5 6.41 10.59 12 5 17.59 6.41 19 12 13.41 17.59 19 19 17.59 13.41 12z"[39m
                  [36m/>[39m
                [36m</svg>[39m
              [36m</button>[39m
            [36m</h2>[39m
            [36m<div[39m
              [33mclass[39m=[32m"MuiDialogContent-root css-1pykwul-MuiDialogContent-root"[39m
            [36m>[39m
              [36m<div[39m
                [33mclass[39m=[32m"MuiBox-root css-nakqfi"[39m
              [36m>[39m
                [36m<div[39m
                  [33mclass[39m=[32m"MuiFormControl-root MuiFormControl-fullWidth MuiTextField-root css-cmpglg-MuiFormControl-root-MuiTextField-root"[39m
                [36m>[39m
                  [36m<label[39m
                    [33mclass[39m=[32m"MuiFormLabel-root MuiInputLabel-root MuiInputLabel-formControl MuiInputLabel-animated MuiInputLabel-outlined MuiFormLabel-colorPrimary Mui-required MuiInputLabel-root MuiInputLabel-formControl MuiInputLabel-animated MuiInputLabel-outlined css-19qnlrw-MuiFormLabel-root-MuiInputLabel-root"[39m
                    [33mdata-shrink[39m=[32m"false"[39m
                    [33mfor[39m=[32m"«r2b»"[39m
                    [33mid[39m=[32m"«r2b»-label"[39m
                  [36m>[39m
                    [0mNúmero de Empleado[0m
                    [36m<span[39m
                      [33maria-hidden[39m=[32m"true"[39m
                      [33mclass[39m=[32m"MuiFormLabel-asterisk MuiInputLabel-asterisk css-1ljffdk-MuiFormLabel-asterisk"[39m
                    [36m>[39m
                      [0m [0m
                      [0m*[0m
                    [36m</span>[39m
                  [36m</label>[39m
                  [36m<div[39m
                    [33mclass[39m=[32m"MuiInputBase-root MuiOutlinedInput-root MuiInputBase-colorPrimary MuiInputBase-fullWidth MuiInputBase-formControl css-1blp12k-MuiInputBase-root-MuiOutlinedInput-root"[39m
                  [36m>[39m
                    [36m<input[39m
                      [33maria-invalid[39m=[32m"false"[39m
                      [33mclass[39m=[32m"MuiInputBase-input MuiOutlinedInput-input css-16wblaj-MuiInputBase-input-MuiOutlinedInput-input"[39m
                      [33mid[39m=[32m"«r2b»"[39m
                      [33mrequired[39m=[32m""[39m
                      [33mtype[39m=[32m"text"[39m
                      [33mvalue[39m=[32m""[39m
                    [36m/>[39m
                    [36m<fieldset[39m
                      [33maria-hidden[39m=[32m"true"[39m
                      [33mclass[39m=[32m"MuiOutlinedInput-notchedOutline css-18p5xg2-MuiNotchedOutlined-root-MuiOutlinedInput-notchedOutline"[39m
                    [36m>[39m
                      [36m<legend[39m
                        [33mclass[39m=[32m"css-1n64csd-MuiNotchedOutlined-root"[39m
                      [36m>[39m
                        [36m<span>[39m
                          [0mNúmero de Empleado[0m
                          [0m [0m
                          [0m*[0m
                        [36m</span>[39m
                      [36m</legend>[39m
                    [36m</fieldset>[39m
                  [36m</div>[39m
                [36m</div>[39m
                [36m<div[39m
                  [33mclass[39m=[32m"MuiFormControl-root MuiFormControl-fullWidth MuiTextField-root css-cmpglg-MuiFormControl-root-MuiTextField-root"[39m
                [36m>[39m
                  [36m<label[39m
                    [33mclass[39m=[32m"MuiFormLabel-root MuiInputLabel-root MuiInputLabel-formControl MuiInputLabel-animated MuiInputLabel-outlined MuiFormLabel-colorPrimary Mui-required MuiInputLabel-root MuiInputLabel-formControl MuiInputLabel-animated MuiInputLabel-outlined css-19qnlrw-MuiFormLabel-root-MuiInputLabel-root"[39m
                    [33mdata-shrink[39m=[32m"false"[39m
                    [33mfor[39m=[32m"«r2c»"[39m
                    [33mid[39m=[32m"«r2c»-label"[39m
                  [36m>[39m
                    [0mNombre Completo[0m
                    [36m<span[39m
                      [33maria-hidden[39m=[32m"true"[39m
                      [33mc...

      140 |       );
      141 |
    > 142 |       const nombreInput = screen.getByLabelText('Nombre Completo');
          |                                  ^
      143 |       await userEvent.type(nombreInput, 'María García');
      144 |
      145 |       expect(nombreInput).toHaveValue('María García');

      at Object.getElementError (node_modules/@testing-library/dom/dist/config.js:37:19)
      at getAllByLabelText (node_modules/@testing-library/dom/dist/queries/label-text.js:111:38)
      at node_modules/@testing-library/dom/dist/query-helpers.js:52:17
      at node_modules/@testing-library/dom/dist/query-helpers.js:95:19
      at Object.getByLabelText (src/components/__tests__/UserModal.test.tsx:142:34)

  ● UserModal › Interacciones del Usuario › debe cambiar el valor del select

    TestingLibraryElementError: Unable to find a label with the text of: Fabricante

    Ignored nodes: comments, script, style
    [36m<body[39m
      [33mstyle[39m=[32m"padding-right: 1024px; overflow: hidden;"[39m
    [36m>[39m
      [36m<div[39m
        [33maria-hidden[39m=[32m"true"[39m
      [36m/>[39m
      [36m<div[39m
        [33mclass[39m=[32m"MuiDialog-root MuiModal-root css-1424xw8-MuiModal-root-MuiDialog-root"[39m
        [33mrole[39m=[32m"presentation"[39m
      [36m>[39m
        [36m<div[39m
          [33maria-hidden[39m=[32m"true"[39m
          [33mclass[39m=[32m"MuiBackdrop-root MuiModal-backdrop css-1cennmq-MuiBackdrop-root-MuiDialog-backdrop"[39m
          [33mstyle[39m=[32m"opacity: 1; webkit-transition: opacity 225ms cubic-bezier(0.4, 0, 0.2, 1) 0ms; transition: opacity 225ms cubic-bezier(0.4, 0, 0.2, 1) 0ms;"[39m
        [36m/>[39m
        [36m<div[39m
          [33mdata-testid[39m=[32m"sentinelStart"[39m
          [33mtabindex[39m=[32m"0"[39m
        [36m/>[39m
        [36m<div[39m
          [33mclass[39m=[32m"MuiDialog-container MuiDialog-scrollPaper css-19do60a-MuiDialog-container"[39m
          [33mrole[39m=[32m"presentation"[39m
          [33mstyle[39m=[32m"opacity: 1; webkit-transition: opacity 225ms cubic-bezier(0.4, 0, 0.2, 1) 0ms; transition: opacity 225ms cubic-bezier(0.4, 0, 0.2, 1) 0ms;"[39m
          [33mtabindex[39m=[32m"-1"[39m
        [36m>[39m
          [36m<div[39m
            [33maria-labelledby[39m=[32m"«r2r»"[39m
            [33maria-modal[39m=[32m"true"[39m
            [33mclass[39m=[32m"MuiPaper-root MuiPaper-elevation MuiPaper-rounded MuiPaper-elevation24 MuiDialog-paper MuiDialog-paperScrollPaper MuiDialog-paperWidthMd MuiDialog-paperFullWidth css-1txc44p-MuiPaper-root-MuiDialog-paper"[39m
            [33mrole[39m=[32m"dialog"[39m
            [33mstyle[39m=[32m"--Paper-shadow: 0px 11px 15px -7px rgba(0,0,0,0.2),0px 24px 38px 3px rgba(0,0,0,0.14),0px 9px 46px 8px rgba(0,0,0,0.12);"[39m
          [36m>[39m
            [36m<h2[39m
              [33mclass[39m=[32m"MuiTypography-root MuiTypography-h6 MuiDialogTitle-root css-dewjw6-MuiTypography-root-MuiDialogTitle-root"[39m
              [33mid[39m=[32m"«r2r»"[39m
            [36m>[39m
              [36m<h6[39m
                [33mclass[39m=[32m"MuiTypography-root MuiTypography-h6 css-1miy0lu-MuiTypography-root"[39m
              [36m>[39m
                [0mCrear Usuario[0m
              [36m</h6>[39m
              [36m<button[39m
                [33mclass[39m=[32m"MuiButtonBase-root MuiIconButton-root MuiIconButton-sizeMedium css-1yx79mc-MuiButtonBase-root-MuiIconButton-root"[39m
                [33mtabindex[39m=[32m"0"[39m
                [33mtype[39m=[32m"button"[39m
              [36m>[39m
                [36m<svg[39m
                  [33maria-hidden[39m=[32m"true"[39m
                  [33mclass[39m=[32m"MuiSvgIcon-root MuiSvgIcon-fontSizeMedium css-1umw9bq-MuiSvgIcon-root"[39m
                  [33mdata-testid[39m=[32m"CloseIcon"[39m
                  [33mfocusable[39m=[32m"false"[39m
                  [33mviewBox[39m=[32m"0 0 24 24"[39m
                [36m>[39m
                  [36m<path[39m
                    [33md[39m=[32m"M19 6.41 17.59 5 12 10.59 6.41 5 5 6.41 10.59 12 5 17.59 6.41 19 12 13.41 17.59 19 19 17.59 13.41 12z"[39m
                  [36m/>[39m
                [36m</svg>[39m
              [36m</button>[39m
            [36m</h2>[39m
            [36m<div[39m
              [33mclass[39m=[32m"MuiDialogContent-root css-1pykwul-MuiDialogContent-root"[39m
            [36m>[39m
              [36m<div[39m
                [33mclass[39m=[32m"MuiBox-root css-nakqfi"[39m
              [36m>[39m
                [36m<div[39m
                  [33mclass[39m=[32m"MuiFormControl-root MuiFormControl-fullWidth MuiTextField-root css-cmpglg-MuiFormControl-root-MuiTextField-root"[39m
                [36m>[39m
                  [36m<label[39m
                    [33mclass[39m=[32m"MuiFormLabel-root MuiInputLabel-root MuiInputLabel-formControl MuiInputLabel-animated MuiInputLabel-outlined MuiFormLabel-colorPrimary Mui-required MuiInputLabel-root MuiInputLabel-formControl MuiInputLabel-animated MuiInputLabel-outlined css-19qnlrw-MuiFormLabel-root-MuiInputLabel-root"[39m
                    [33mdata-shrink[39m=[32m"false"[39m
                    [33mfor[39m=[32m"«r2t»"[39m
                    [33mid[39m=[32m"«r2t»-label"[39m
                  [36m>[39m
                    [0mNúmero de Empleado[0m
                    [36m<span[39m
                      [33maria-hidden[39m=[32m"true"[39m
                      [33mclass[39m=[32m"MuiFormLabel-asterisk MuiInputLabel-asterisk css-1ljffdk-MuiFormLabel-asterisk"[39m
                    [36m>[39m
                      [0m [0m
                      [0m*[0m
                    [36m</span>[39m
                  [36m</label>[39m
                  [36m<div[39m
                    [33mclass[39m=[32m"MuiInputBase-root MuiOutlinedInput-root MuiInputBase-colorPrimary MuiInputBase-fullWidth MuiInputBase-formControl css-1blp12k-MuiInputBase-root-MuiOutlinedInput-root"[39m
                  [36m>[39m
                    [36m<input[39m
                      [33maria-invalid[39m=[32m"false"[39m
                      [33mclass[39m=[32m"MuiInputBase-input MuiOutlinedInput-input css-16wblaj-MuiInputBase-input-MuiOutlinedInput-input"[39m
                      [33mid[39m=[32m"«r2t»"[39m
                      [33mrequired[39m=[32m""[39m
                      [33mtype[39m=[32m"text"[39m
                      [33mvalue[39m=[32m""[39m
                    [36m/>[39m
                    [36m<fieldset[39m
                      [33maria-hidden[39m=[32m"true"[39m
                      [33mclass[39m=[32m"MuiOutlinedInput-notchedOutline css-18p5xg2-MuiNotchedOutlined-root-MuiOutlinedInput-notchedOutline"[39m
                    [36m>[39m
                      [36m<legend[39m
                        [33mclass[39m=[32m"css-1n64csd-MuiNotchedOutlined-root"[39m
                      [36m>[39m
                        [36m<span>[39m
                          [0mNúmero de Empleado[0m
                          [0m [0m
                          [0m*[0m
                        [36m</span>[39m
                      [36m</legend>[39m
                    [36m</fieldset>[39m
                  [36m</div>[39m
                [36m</div>[39m
                [36m<div[39m
                  [33mclass[39m=[32m"MuiFormControl-root MuiFormControl-fullWidth MuiTextField-root css-cmpglg-MuiFormControl-root-MuiTextField-root"[39m
                [36m>[39m
                  [36m<label[39m
                    [33mclass[39m=[32m"MuiFormLabel-root MuiInputLabel-root MuiInputLabel-formControl MuiInputLabel-animated MuiInputLabel-outlined MuiFormLabel-colorPrimary Mui-required MuiInputLabel-root MuiInputLabel-formControl MuiInputLabel-animated MuiInputLabel-outlined css-19qnlrw-MuiFormLabel-root-MuiInputLabel-root"[39m
                    [33mdata-shrink[39m=[32m"false"[39m
                    [33mfor[39m=[32m"«r2u»"[39m
                    [33mid[39m=[32m"«r2u»-label"[39m
                  [36m>[39m
                    [0mNombre Completo[0m
                    [36m<span[39m
                      [33maria-hidden[39m=[32m"true"[39m
                      [33mc...

      156 |       );
      157 |
    > 158 |       const fabricanteSelect = screen.getByLabelText('Fabricante');
          |                                       ^
      159 |       await userEvent.click(fabricanteSelect);
      160 |       
      161 |       const hpOption = screen.getByText('HP');

      at Object.getElementError (node_modules/@testing-library/dom/dist/config.js:37:19)
      at getAllByLabelText (node_modules/@testing-library/dom/dist/queries/label-text.js:111:38)
      at node_modules/@testing-library/dom/dist/query-helpers.js:52:17
      at node_modules/@testing-library/dom/dist/query-helpers.js:95:19
      at Object.getByLabelText (src/components/__tests__/UserModal.test.tsx:158:39)

  ● UserModal › Validación de Campos › debe mostrar error cuando la validación falla

    TestingLibraryElementError: Unable to find a label with the text of: Nombre Completo

    Ignored nodes: comments, script, style
    [36m<body[39m
      [33mstyle[39m=[32m"padding-right: 1024px; overflow: hidden;"[39m
    [36m>[39m
      [36m<div[39m
        [33maria-hidden[39m=[32m"true"[39m
      [36m/>[39m
      [36m<div[39m
        [33mclass[39m=[32m"MuiDialog-root MuiModal-root css-1424xw8-MuiModal-root-MuiDialog-root"[39m
        [33mrole[39m=[32m"presentation"[39m
      [36m>[39m
        [36m<div[39m
          [33maria-hidden[39m=[32m"true"[39m
          [33mclass[39m=[32m"MuiBackdrop-root MuiModal-backdrop css-1cennmq-MuiBackdrop-root-MuiDialog-backdrop"[39m
          [33mstyle[39m=[32m"opacity: 1; webkit-transition: opacity 225ms cubic-bezier(0.4, 0, 0.2, 1) 0ms; transition: opacity 225ms cubic-bezier(0.4, 0, 0.2, 1) 0ms;"[39m
        [36m/>[39m
        [36m<div[39m
          [33mdata-testid[39m=[32m"sentinelStart"[39m
          [33mtabindex[39m=[32m"0"[39m
        [36m/>[39m
        [36m<div[39m
          [33mclass[39m=[32m"MuiDialog-container MuiDialog-scrollPaper css-19do60a-MuiDialog-container"[39m
          [33mrole[39m=[32m"presentation"[39m
          [33mstyle[39m=[32m"opacity: 1; webkit-transition: opacity 225ms cubic-bezier(0.4, 0, 0.2, 1) 0ms; transition: opacity 225ms cubic-bezier(0.4, 0, 0.2, 1) 0ms;"[39m
          [33mtabindex[39m=[32m"-1"[39m
        [36m>[39m
          [36m<div[39m
            [33maria-labelledby[39m=[32m"«r3d»"[39m
            [33maria-modal[39m=[32m"true"[39m
            [33mclass[39m=[32m"MuiPaper-root MuiPaper-elevation MuiPaper-rounded MuiPaper-elevation24 MuiDialog-paper MuiDialog-paperScrollPaper MuiDialog-paperWidthMd MuiDialog-paperFullWidth css-1txc44p-MuiPaper-root-MuiDialog-paper"[39m
            [33mrole[39m=[32m"dialog"[39m
            [33mstyle[39m=[32m"--Paper-shadow: 0px 11px 15px -7px rgba(0,0,0,0.2),0px 24px 38px 3px rgba(0,0,0,0.14),0px 9px 46px 8px rgba(0,0,0,0.12);"[39m
          [36m>[39m
            [36m<h2[39m
              [33mclass[39m=[32m"MuiTypography-root MuiTypography-h6 MuiDialogTitle-root css-dewjw6-MuiTypography-root-MuiDialogTitle-root"[39m
              [33mid[39m=[32m"«r3d»"[39m
            [36m>[39m
              [36m<h6[39m
                [33mclass[39m=[32m"MuiTypography-root MuiTypography-h6 css-1miy0lu-MuiTypography-root"[39m
              [36m>[39m
                [0mCrear Usuario[0m
              [36m</h6>[39m
              [36m<button[39m
                [33mclass[39m=[32m"MuiButtonBase-root MuiIconButton-root MuiIconButton-sizeMedium css-1yx79mc-MuiButtonBase-root-MuiIconButton-root"[39m
                [33mtabindex[39m=[32m"0"[39m
                [33mtype[39m=[32m"button"[39m
              [36m>[39m
                [36m<svg[39m
                  [33maria-hidden[39m=[32m"true"[39m
                  [33mclass[39m=[32m"MuiSvgIcon-root MuiSvgIcon-fontSizeMedium css-1umw9bq-MuiSvgIcon-root"[39m
                  [33mdata-testid[39m=[32m"CloseIcon"[39m
                  [33mfocusable[39m=[32m"false"[39m
                  [33mviewBox[39m=[32m"0 0 24 24"[39m
                [36m>[39m
                  [36m<path[39m
                    [33md[39m=[32m"M19 6.41 17.59 5 12 10.59 6.41 5 5 6.41 10.59 12 5 17.59 6.41 19 12 13.41 17.59 19 19 17.59 13.41 12z"[39m
                  [36m/>[39m
                [36m</svg>[39m
              [36m</button>[39m
            [36m</h2>[39m
            [36m<div[39m
              [33mclass[39m=[32m"MuiDialogContent-root css-1pykwul-MuiDialogContent-root"[39m
            [36m>[39m
              [36m<div[39m
                [33mclass[39m=[32m"MuiBox-root css-nakqfi"[39m
              [36m>[39m
                [36m<div[39m
                  [33mclass[39m=[32m"MuiFormControl-root MuiFormControl-fullWidth MuiTextField-root css-cmpglg-MuiFormControl-root-MuiTextField-root"[39m
                [36m>[39m
                  [36m<label[39m
                    [33mclass[39m=[32m"MuiFormLabel-root MuiInputLabel-root MuiInputLabel-formControl MuiInputLabel-animated MuiInputLabel-outlined MuiFormLabel-colorPrimary Mui-required MuiInputLabel-root MuiInputLabel-formControl MuiInputLabel-animated MuiInputLabel-outlined css-19qnlrw-MuiFormLabel-root-MuiInputLabel-root"[39m
                    [33mdata-shrink[39m=[32m"false"[39m
                    [33mfor[39m=[32m"«r3f»"[39m
                    [33mid[39m=[32m"«r3f»-label"[39m
                  [36m>[39m
                    [0mNúmero de Empleado[0m
                    [36m<span[39m
                      [33maria-hidden[39m=[32m"true"[39m
                      [33mclass[39m=[32m"MuiFormLabel-asterisk MuiInputLabel-asterisk css-1ljffdk-MuiFormLabel-asterisk"[39m
                    [36m>[39m
                      [0m [0m
                      [0m*[0m
                    [36m</span>[39m
                  [36m</label>[39m
                  [36m<div[39m
                    [33mclass[39m=[32m"MuiInputBase-root MuiOutlinedInput-root MuiInputBase-colorPrimary MuiInputBase-fullWidth MuiInputBase-formControl css-1blp12k-MuiInputBase-root-MuiOutlinedInput-root"[39m
                  [36m>[39m
                    [36m<input[39m
                      [33maria-invalid[39m=[32m"false"[39m
                      [33mclass[39m=[32m"MuiInputBase-input MuiOutlinedInput-input css-16wblaj-MuiInputBase-input-MuiOutlinedInput-input"[39m
                      [33mid[39m=[32m"«r3f»"[39m
                      [33mrequired[39m=[32m""[39m
                      [33mtype[39m=[32m"text"[39m
                      [33mvalue[39m=[32m""[39m
                    [36m/>[39m
                    [36m<fieldset[39m
                      [33maria-hidden[39m=[32m"true"[39m
                      [33mclass[39m=[32m"MuiOutlinedInput-notchedOutline css-18p5xg2-MuiNotchedOutlined-root-MuiOutlinedInput-notchedOutline"[39m
                    [36m>[39m
                      [36m<legend[39m
                        [33mclass[39m=[32m"css-1n64csd-MuiNotchedOutlined-root"[39m
                      [36m>[39m
                        [36m<span>[39m
                          [0mNúmero de Empleado[0m
                          [0m [0m
                          [0m*[0m
                        [36m</span>[39m
                      [36m</legend>[39m
                    [36m</fieldset>[39m
                  [36m</div>[39m
                [36m</div>[39m
                [36m<div[39m
                  [33mclass[39m=[32m"MuiFormControl-root MuiFormControl-fullWidth MuiTextField-root css-cmpglg-MuiFormControl-root-MuiTextField-root"[39m
                [36m>[39m
                  [36m<label[39m
                    [33mclass[39m=[32m"MuiFormLabel-root MuiInputLabel-root MuiInputLabel-formControl MuiInputLabel-animated MuiInputLabel-outlined MuiFormLabel-colorPrimary Mui-required MuiInputLabel-root MuiInputLabel-formControl MuiInputLabel-animated MuiInputLabel-outlined css-19qnlrw-MuiFormLabel-root-MuiInputLabel-root"[39m
                    [33mdata-shrink[39m=[32m"false"[39m
                    [33mfor[39m=[32m"«r3g»"[39m
                    [33mid[39m=[32m"«r3g»-label"[39m
                  [36m>[39m
                    [0mNombre Completo[0m
                    [36m<span[39m
                      [33maria-hidden[39m=[32m"true"[39m
                      [33mc...

      183 |       );
      184 |
    > 185 |       const nombreInput = screen.getByLabelText('Nombre Completo');
          |                                  ^
      186 |       await userEvent.type(nombreInput, 'test');
      187 |       fireEvent.blur(nombreInput);
      188 |

      at Object.getElementError (node_modules/@testing-library/dom/dist/config.js:37:19)
      at getAllByLabelText (node_modules/@testing-library/dom/dist/queries/label-text.js:111:38)
      at node_modules/@testing-library/dom/dist/query-helpers.js:52:17
      at node_modules/@testing-library/dom/dist/query-helpers.js:95:19
      at Object.getByLabelText (src/components/__tests__/UserModal.test.tsx:185:34)

  ● UserModal › Validación de Campos › debe validar campo individual al perder el foco

    TestingLibraryElementError: Unable to find a label with the text of: Nombre Completo

    Ignored nodes: comments, script, style
    [36m<body[39m
      [33mstyle[39m=[32m"padding-right: 1024px; overflow: hidden;"[39m
    [36m>[39m
      [36m<div[39m
        [33maria-hidden[39m=[32m"true"[39m
      [36m/>[39m
      [36m<div[39m
        [33mclass[39m=[32m"MuiDialog-root MuiModal-root css-1424xw8-MuiModal-root-MuiDialog-root"[39m
        [33mrole[39m=[32m"presentation"[39m
      [36m>[39m
        [36m<div[39m
          [33maria-hidden[39m=[32m"true"[39m
          [33mclass[39m=[32m"MuiBackdrop-root MuiModal-backdrop css-1cennmq-MuiBackdrop-root-MuiDialog-backdrop"[39m
          [33mstyle[39m=[32m"opacity: 1; webkit-transition: opacity 225ms cubic-bezier(0.4, 0, 0.2, 1) 0ms; transition: opacity 225ms cubic-bezier(0.4, 0, 0.2, 1) 0ms;"[39m
        [36m/>[39m
        [36m<div[39m
          [33mdata-testid[39m=[32m"sentinelStart"[39m
          [33mtabindex[39m=[32m"0"[39m
        [36m/>[39m
        [36m<div[39m
          [33mclass[39m=[32m"MuiDialog-container MuiDialog-scrollPaper css-19do60a-MuiDialog-container"[39m
          [33mrole[39m=[32m"presentation"[39m
          [33mstyle[39m=[32m"opacity: 1; webkit-transition: opacity 225ms cubic-bezier(0.4, 0, 0.2, 1) 0ms; transition: opacity 225ms cubic-bezier(0.4, 0, 0.2, 1) 0ms;"[39m
          [33mtabindex[39m=[32m"-1"[39m
        [36m>[39m
          [36m<div[39m
            [33maria-labelledby[39m=[32m"«r4h»"[39m
            [33maria-modal[39m=[32m"true"[39m
            [33mclass[39m=[32m"MuiPaper-root MuiPaper-elevation MuiPaper-rounded MuiPaper-elevation24 MuiDialog-paper MuiDialog-paperScrollPaper MuiDialog-paperWidthMd MuiDialog-paperFullWidth css-1txc44p-MuiPaper-root-MuiDialog-paper"[39m
            [33mrole[39m=[32m"dialog"[39m
            [33mstyle[39m=[32m"--Paper-shadow: 0px 11px 15px -7px rgba(0,0,0,0.2),0px 24px 38px 3px rgba(0,0,0,0.14),0px 9px 46px 8px rgba(0,0,0,0.12);"[39m
          [36m>[39m
            [36m<h2[39m
              [33mclass[39m=[32m"MuiTypography-root MuiTypography-h6 MuiDialogTitle-root css-dewjw6-MuiTypography-root-MuiDialogTitle-root"[39m
              [33mid[39m=[32m"«r4h»"[39m
            [36m>[39m
              [36m<h6[39m
                [33mclass[39m=[32m"MuiTypography-root MuiTypography-h6 css-1miy0lu-MuiTypography-root"[39m
              [36m>[39m
                [0mCrear Usuario[0m
              [36m</h6>[39m
              [36m<button[39m
                [33mclass[39m=[32m"MuiButtonBase-root MuiIconButton-root MuiIconButton-sizeMedium css-1yx79mc-MuiButtonBase-root-MuiIconButton-root"[39m
                [33mtabindex[39m=[32m"0"[39m
                [33mtype[39m=[32m"button"[39m
              [36m>[39m
                [36m<svg[39m
                  [33maria-hidden[39m=[32m"true"[39m
                  [33mclass[39m=[32m"MuiSvgIcon-root MuiSvgIcon-fontSizeMedium css-1umw9bq-MuiSvgIcon-root"[39m
                  [33mdata-testid[39m=[32m"CloseIcon"[39m
                  [33mfocusable[39m=[32m"false"[39m
                  [33mviewBox[39m=[32m"0 0 24 24"[39m
                [36m>[39m
                  [36m<path[39m
                    [33md[39m=[32m"M19 6.41 17.59 5 12 10.59 6.41 5 5 6.41 10.59 12 5 17.59 6.41 19 12 13.41 17.59 19 19 17.59 13.41 12z"[39m
                  [36m/>[39m
                [36m</svg>[39m
              [36m</button>[39m
            [36m</h2>[39m
            [36m<div[39m
              [33mclass[39m=[32m"MuiDialogContent-root css-1pykwul-MuiDialogContent-root"[39m
            [36m>[39m
              [36m<div[39m
                [33mclass[39m=[32m"MuiBox-root css-nakqfi"[39m
              [36m>[39m
                [36m<div[39m
                  [33mclass[39m=[32m"MuiFormControl-root MuiFormControl-fullWidth MuiTextField-root css-cmpglg-MuiFormControl-root-MuiTextField-root"[39m
                [36m>[39m
                  [36m<label[39m
                    [33mclass[39m=[32m"MuiFormLabel-root MuiInputLabel-root MuiInputLabel-formControl MuiInputLabel-animated MuiInputLabel-outlined MuiFormLabel-colorPrimary Mui-required MuiInputLabel-root MuiInputLabel-formControl MuiInputLabel-animated MuiInputLabel-outlined css-19qnlrw-MuiFormLabel-root-MuiInputLabel-root"[39m
                    [33mdata-shrink[39m=[32m"false"[39m
                    [33mfor[39m=[32m"«r4j»"[39m
                    [33mid[39m=[32m"«r4j»-label"[39m
                  [36m>[39m
                    [0mNúmero de Empleado[0m
                    [36m<span[39m
                      [33maria-hidden[39m=[32m"true"[39m
                      [33mclass[39m=[32m"MuiFormLabel-asterisk MuiInputLabel-asterisk css-1ljffdk-MuiFormLabel-asterisk"[39m
                    [36m>[39m
                      [0m [0m
                      [0m*[0m
                    [36m</span>[39m
                  [36m</label>[39m
                  [36m<div[39m
                    [33mclass[39m=[32m"MuiInputBase-root MuiOutlinedInput-root MuiInputBase-colorPrimary MuiInputBase-fullWidth MuiInputBase-formControl css-1blp12k-MuiInputBase-root-MuiOutlinedInput-root"[39m
                  [36m>[39m
                    [36m<input[39m
                      [33maria-invalid[39m=[32m"false"[39m
                      [33mclass[39m=[32m"MuiInputBase-input MuiOutlinedInput-input css-16wblaj-MuiInputBase-input-MuiOutlinedInput-input"[39m
                      [33mid[39m=[32m"«r4j»"[39m
                      [33mrequired[39m=[32m""[39m
                      [33mtype[39m=[32m"text"[39m
                      [33mvalue[39m=[32m""[39m
                    [36m/>[39m
                    [36m<fieldset[39m
                      [33maria-hidden[39m=[32m"true"[39m
                      [33mclass[39m=[32m"MuiOutlinedInput-notchedOutline css-18p5xg2-MuiNotchedOutlined-root-MuiOutlinedInput-notchedOutline"[39m
                    [36m>[39m
                      [36m<legend[39m
                        [33mclass[39m=[32m"css-1n64csd-MuiNotchedOutlined-root"[39m
                      [36m>[39m
                        [36m<span>[39m
                          [0mNúmero de Empleado[0m
                          [0m [0m
                          [0m*[0m
                        [36m</span>[39m
                      [36m</legend>[39m
                    [36m</fieldset>[39m
                  [36m</div>[39m
                [36m</div>[39m
                [36m<div[39m
                  [33mclass[39m=[32m"MuiFormControl-root MuiFormControl-fullWidth MuiTextField-root css-cmpglg-MuiFormControl-root-MuiTextField-root"[39m
                [36m>[39m
                  [36m<label[39m
                    [33mclass[39m=[32m"MuiFormLabel-root MuiInputLabel-root MuiInputLabel-formControl MuiInputLabel-animated MuiInputLabel-outlined MuiFormLabel-colorPrimary Mui-required MuiInputLabel-root MuiInputLabel-formControl MuiInputLabel-animated MuiInputLabel-outlined css-19qnlrw-MuiFormLabel-root-MuiInputLabel-root"[39m
                    [33mdata-shrink[39m=[32m"false"[39m
                    [33mfor[39m=[32m"«r4k»"[39m
                    [33mid[39m=[32m"«r4k»-label"[39m
                  [36m>[39m
                    [0mNombre Completo[0m
                    [36m<span[39m
                      [33maria-hidden[39m=[32m"true"[39m
                      [33mc...

      217 |       );
      218 |
    > 219 |       const nombreInput = screen.getByLabelText('Nombre Completo');
          |                                  ^
      220 |       fireEvent.blur(nombreInput);
      221 |
      222 |       expect(validateField).toHaveBeenCalledWith('nombreCompleto', '');

      at Object.getElementError (node_modules/@testing-library/dom/dist/config.js:37:19)
      at getAllByLabelText (node_modules/@testing-library/dom/dist/queries/label-text.js:111:38)
      at node_modules/@testing-library/dom/dist/query-helpers.js:52:17
      at node_modules/@testing-library/dom/dist/query-helpers.js:95:19
      at Object.getByLabelText (src/components/__tests__/UserModal.test.tsx:219:34)

  ● UserModal › Envío del Formulario › debe llamar onSave con datos válidos

    TestingLibraryElementError: Unable to find a label with the text of: Número de Empleado

    Ignored nodes: comments, script, style
    [36m<body[39m
      [33mstyle[39m=[32m"padding-right: 1024px; overflow: hidden;"[39m
    [36m>[39m
      [36m<div[39m
        [33maria-hidden[39m=[32m"true"[39m
      [36m/>[39m
      [36m<div[39m
        [33mclass[39m=[32m"MuiDialog-root MuiModal-root css-1424xw8-MuiModal-root-MuiDialog-root"[39m
        [33mrole[39m=[32m"presentation"[39m
      [36m>[39m
        [36m<div[39m
          [33maria-hidden[39m=[32m"true"[39m
          [33mclass[39m=[32m"MuiBackdrop-root MuiModal-backdrop css-1cennmq-MuiBackdrop-root-MuiDialog-backdrop"[39m
          [33mstyle[39m=[32m"opacity: 1; webkit-transition: opacity 225ms cubic-bezier(0.4, 0, 0.2, 1) 0ms; transition: opacity 225ms cubic-bezier(0.4, 0, 0.2, 1) 0ms;"[39m
        [36m/>[39m
        [36m<div[39m
          [33mdata-testid[39m=[32m"sentinelStart"[39m
          [33mtabindex[39m=[32m"0"[39m
        [36m/>[39m
        [36m<div[39m
          [33mclass[39m=[32m"MuiDialog-container MuiDialog-scrollPaper css-19do60a-MuiDialog-container"[39m
          [33mrole[39m=[32m"presentation"[39m
          [33mstyle[39m=[32m"opacity: 1; webkit-transition: opacity 225ms cubic-bezier(0.4, 0, 0.2, 1) 0ms; transition: opacity 225ms cubic-bezier(0.4, 0, 0.2, 1) 0ms;"[39m
          [33mtabindex[39m=[32m"-1"[39m
        [36m>[39m
          [36m<div[39m
            [33maria-labelledby[39m=[32m"«r53»"[39m
            [33maria-modal[39m=[32m"true"[39m
            [33mclass[39m=[32m"MuiPaper-root MuiPaper-elevation MuiPaper-rounded MuiPaper-elevation24 MuiDialog-paper MuiDialog-paperScrollPaper MuiDialog-paperWidthMd MuiDialog-paperFullWidth css-1txc44p-MuiPaper-root-MuiDialog-paper"[39m
            [33mrole[39m=[32m"dialog"[39m
            [33mstyle[39m=[32m"--Paper-shadow: 0px 11px 15px -7px rgba(0,0,0,0.2),0px 24px 38px 3px rgba(0,0,0,0.14),0px 9px 46px 8px rgba(0,0,0,0.12);"[39m
          [36m>[39m
            [36m<h2[39m
              [33mclass[39m=[32m"MuiTypography-root MuiTypography-h6 MuiDialogTitle-root css-dewjw6-MuiTypography-root-MuiDialogTitle-root"[39m
              [33mid[39m=[32m"«r53»"[39m
            [36m>[39m
              [36m<h6[39m
                [33mclass[39m=[32m"MuiTypography-root MuiTypography-h6 css-1miy0lu-MuiTypography-root"[39m
              [36m>[39m
                [0mCrear Usuario[0m
              [36m</h6>[39m
              [36m<button[39m
                [33mclass[39m=[32m"MuiButtonBase-root MuiIconButton-root MuiIconButton-sizeMedium css-1yx79mc-MuiButtonBase-root-MuiIconButton-root"[39m
                [33mtabindex[39m=[32m"0"[39m
                [33mtype[39m=[32m"button"[39m
              [36m>[39m
                [36m<svg[39m
                  [33maria-hidden[39m=[32m"true"[39m
                  [33mclass[39m=[32m"MuiSvgIcon-root MuiSvgIcon-fontSizeMedium css-1umw9bq-MuiSvgIcon-root"[39m
                  [33mdata-testid[39m=[32m"CloseIcon"[39m
                  [33mfocusable[39m=[32m"false"[39m
                  [33mviewBox[39m=[32m"0 0 24 24"[39m
                [36m>[39m
                  [36m<path[39m
                    [33md[39m=[32m"M19 6.41 17.59 5 12 10.59 6.41 5 5 6.41 10.59 12 5 17.59 6.41 19 12 13.41 17.59 19 19 17.59 13.41 12z"[39m
                  [36m/>[39m
                [36m</svg>[39m
              [36m</button>[39m
            [36m</h2>[39m
            [36m<div[39m
              [33mclass[39m=[32m"MuiDialogContent-root css-1pykwul-MuiDialogContent-root"[39m
            [36m>[39m
              [36m<div[39m
                [33mclass[39m=[32m"MuiBox-root css-nakqfi"[39m
              [36m>[39m
                [36m<div[39m
                  [33mclass[39m=[32m"MuiFormControl-root MuiFormControl-fullWidth MuiTextField-root css-cmpglg-MuiFormControl-root-MuiTextField-root"[39m
                [36m>[39m
                  [36m<label[39m
                    [33mclass[39m=[32m"MuiFormLabel-root MuiInputLabel-root MuiInputLabel-formControl MuiInputLabel-animated MuiInputLabel-outlined MuiFormLabel-colorPrimary Mui-required MuiInputLabel-root MuiInputLabel-formControl MuiInputLabel-animated MuiInputLabel-outlined css-19qnlrw-MuiFormLabel-root-MuiInputLabel-root"[39m
                    [33mdata-shrink[39m=[32m"false"[39m
                    [33mfor[39m=[32m"«r55»"[39m
                    [33mid[39m=[32m"«r55»-label"[39m
                  [36m>[39m
                    [0mNúmero de Empleado[0m
                    [36m<span[39m
                      [33maria-hidden[39m=[32m"true"[39m
                      [33mclass[39m=[32m"MuiFormLabel-asterisk MuiInputLabel-asterisk css-1ljffdk-MuiFormLabel-asterisk"[39m
                    [36m>[39m
                      [0m [0m
                      [0m*[0m
                    [36m</span>[39m
                  [36m</label>[39m
                  [36m<div[39m
                    [33mclass[39m=[32m"MuiInputBase-root MuiOutlinedInput-root MuiInputBase-colorPrimary MuiInputBase-fullWidth MuiInputBase-formControl css-1blp12k-MuiInputBase-root-MuiOutlinedInput-root"[39m
                  [36m>[39m
                    [36m<input[39m
                      [33maria-invalid[39m=[32m"false"[39m
                      [33mclass[39m=[32m"MuiInputBase-input MuiOutlinedInput-input css-16wblaj-MuiInputBase-input-MuiOutlinedInput-input"[39m
                      [33mid[39m=[32m"«r55»"[39m
                      [33mrequired[39m=[32m""[39m
                      [33mtype[39m=[32m"text"[39m
                      [33mvalue[39m=[32m""[39m
                    [36m/>[39m
                    [36m<fieldset[39m
                      [33maria-hidden[39m=[32m"true"[39m
                      [33mclass[39m=[32m"MuiOutlinedInput-notchedOutline css-18p5xg2-MuiNotchedOutlined-root-MuiOutlinedInput-notchedOutline"[39m
                    [36m>[39m
                      [36m<legend[39m
                        [33mclass[39m=[32m"css-1n64csd-MuiNotchedOutlined-root"[39m
                      [36m>[39m
                        [36m<span>[39m
                          [0mNúmero de Empleado[0m
                          [0m [0m
                          [0m*[0m
                        [36m</span>[39m
                      [36m</legend>[39m
                    [36m</fieldset>[39m
                  [36m</div>[39m
                [36m</div>[39m
                [36m<div[39m
                  [33mclass[39m=[32m"MuiFormControl-root MuiFormControl-fullWidth MuiTextField-root css-cmpglg-MuiFormControl-root-MuiTextField-root"[39m
                [36m>[39m
                  [36m<label[39m
                    [33mclass[39m=[32m"MuiFormLabel-root MuiInputLabel-root MuiInputLabel-formControl MuiInputLabel-animated MuiInputLabel-outlined MuiFormLabel-colorPrimary Mui-required MuiInputLabel-root MuiInputLabel-formControl MuiInputLabel-animated MuiInputLabel-outlined css-19qnlrw-MuiFormLabel-root-MuiInputLabel-root"[39m
                    [33mdata-shrink[39m=[32m"false"[39m
                    [33mfor[39m=[32m"«r56»"[39m
                    [33mid[39m=[32m"«r56»-label"[39m
                  [36m>[39m
                    [0mNombre Completo[0m
                    [36m<span[39m
                      [33maria-hidden[39m=[32m"true"[39m
                      [33mc...

      239 |
      240 |       // Llenar campos requeridos
    > 241 |       await userEvent.type(screen.getByLabelText('Número de Empleado'), 'EMP001');
          |                                   ^
      242 |       await userEvent.type(screen.getByLabelText('Nombre Completo'), 'Juan Pérez');
      243 |       await userEvent.type(screen.getByLabelText('Usuario'), 'juan.perez');
      244 |       await userEvent.type(screen.getByLabelText('Edificio'), 'Edificio A');

      at Object.getElementError (node_modules/@testing-library/dom/dist/config.js:37:19)
      at getAllByLabelText (node_modules/@testing-library/dom/dist/queries/label-text.js:111:38)
      at node_modules/@testing-library/dom/dist/query-helpers.js:52:17
      at node_modules/@testing-library/dom/dist/query-helpers.js:95:19
      at Object.getByLabelText (src/components/__tests__/UserModal.test.tsx:241:35)

  ● UserModal › Envío del Formulario › debe deshabilitar el botón de guardar cuando hay errores

    TestingLibraryElementError: Unable to find a label with the text of: Nombre Completo

    Ignored nodes: comments, script, style
    [36m<body[39m
      [33mstyle[39m=[32m"padding-right: 1024px; overflow: hidden;"[39m
    [36m>[39m
      [36m<div[39m
        [33maria-hidden[39m=[32m"true"[39m
      [36m/>[39m
      [36m<div[39m
        [33mclass[39m=[32m"MuiDialog-root MuiModal-root css-1424xw8-MuiModal-root-MuiDialog-root"[39m
        [33mrole[39m=[32m"presentation"[39m
      [36m>[39m
        [36m<div[39m
          [33maria-hidden[39m=[32m"true"[39m
          [33mclass[39m=[32m"MuiBackdrop-root MuiModal-backdrop css-1cennmq-MuiBackdrop-root-MuiDialog-backdrop"[39m
          [33mstyle[39m=[32m"opacity: 1; webkit-transition: opacity 225ms cubic-bezier(0.4, 0, 0.2, 1) 0ms; transition: opacity 225ms cubic-bezier(0.4, 0, 0.2, 1) 0ms;"[39m
        [36m/>[39m
        [36m<div[39m
          [33mdata-testid[39m=[32m"sentinelStart"[39m
          [33mtabindex[39m=[32m"0"[39m
        [36m/>[39m
        [36m<div[39m
          [33mclass[39m=[32m"MuiDialog-container MuiDialog-scrollPaper css-19do60a-MuiDialog-container"[39m
          [33mrole[39m=[32m"presentation"[39m
          [33mstyle[39m=[32m"opacity: 1; webkit-transition: opacity 225ms cubic-bezier(0.4, 0, 0.2, 1) 0ms; transition: opacity 225ms cubic-bezier(0.4, 0, 0.2, 1) 0ms;"[39m
          [33mtabindex[39m=[32m"-1"[39m
        [36m>[39m
          [36m<div[39m
            [33maria-labelledby[39m=[32m"«r67»"[39m
            [33maria-modal[39m=[32m"true"[39m
            [33mclass[39m=[32m"MuiPaper-root MuiPaper-elevation MuiPaper-rounded MuiPaper-elevation24 MuiDialog-paper MuiDialog-paperScrollPaper MuiDialog-paperWidthMd MuiDialog-paperFullWidth css-1txc44p-MuiPaper-root-MuiDialog-paper"[39m
            [33mrole[39m=[32m"dialog"[39m
            [33mstyle[39m=[32m"--Paper-shadow: 0px 11px 15px -7px rgba(0,0,0,0.2),0px 24px 38px 3px rgba(0,0,0,0.14),0px 9px 46px 8px rgba(0,0,0,0.12);"[39m
          [36m>[39m
            [36m<h2[39m
              [33mclass[39m=[32m"MuiTypography-root MuiTypography-h6 MuiDialogTitle-root css-dewjw6-MuiTypography-root-MuiDialogTitle-root"[39m
              [33mid[39m=[32m"«r67»"[39m
            [36m>[39m
              [36m<h6[39m
                [33mclass[39m=[32m"MuiTypography-root MuiTypography-h6 css-1miy0lu-MuiTypography-root"[39m
              [36m>[39m
                [0mCrear Usuario[0m
              [36m</h6>[39m
              [36m<button[39m
                [33mclass[39m=[32m"MuiButtonBase-root MuiIconButton-root MuiIconButton-sizeMedium css-1yx79mc-MuiButtonBase-root-MuiIconButton-root"[39m
                [33mtabindex[39m=[32m"0"[39m
                [33mtype[39m=[32m"button"[39m
              [36m>[39m
                [36m<svg[39m
                  [33maria-hidden[39m=[32m"true"[39m
                  [33mclass[39m=[32m"MuiSvgIcon-root MuiSvgIcon-fontSizeMedium css-1umw9bq-MuiSvgIcon-root"[39m
                  [33mdata-testid[39m=[32m"CloseIcon"[39m
                  [33mfocusable[39m=[32m"false"[39m
                  [33mviewBox[39m=[32m"0 0 24 24"[39m
                [36m>[39m
                  [36m<path[39m
                    [33md[39m=[32m"M19 6.41 17.59 5 12 10.59 6.41 5 5 6.41 10.59 12 5 17.59 6.41 19 12 13.41 17.59 19 19 17.59 13.41 12z"[39m
                  [36m/>[39m
                [36m</svg>[39m
              [36m</button>[39m
            [36m</h2>[39m
            [36m<div[39m
              [33mclass[39m=[32m"MuiDialogContent-root css-1pykwul-MuiDialogContent-root"[39m
            [36m>[39m
              [36m<div[39m
                [33mclass[39m=[32m"MuiBox-root css-nakqfi"[39m
              [36m>[39m
                [36m<div[39m
                  [33mclass[39m=[32m"MuiFormControl-root MuiFormControl-fullWidth MuiTextField-root css-cmpglg-MuiFormControl-root-MuiTextField-root"[39m
                [36m>[39m
                  [36m<label[39m
                    [33mclass[39m=[32m"MuiFormLabel-root MuiInputLabel-root MuiInputLabel-formControl MuiInputLabel-animated MuiInputLabel-outlined MuiFormLabel-colorPrimary Mui-required MuiInputLabel-root MuiInputLabel-formControl MuiInputLabel-animated MuiInputLabel-outlined css-19qnlrw-MuiFormLabel-root-MuiInputLabel-root"[39m
                    [33mdata-shrink[39m=[32m"false"[39m
                    [33mfor[39m=[32m"«r69»"[39m
                    [33mid[39m=[32m"«r69»-label"[39m
                  [36m>[39m
                    [0mNúmero de Empleado[0m
                    [36m<span[39m
                      [33maria-hidden[39m=[32m"true"[39m
                      [33mclass[39m=[32m"MuiFormLabel-asterisk MuiInputLabel-asterisk css-1ljffdk-MuiFormLabel-asterisk"[39m
                    [36m>[39m
                      [0m [0m
                      [0m*[0m
                    [36m</span>[39m
                  [36m</label>[39m
                  [36m<div[39m
                    [33mclass[39m=[32m"MuiInputBase-root MuiOutlinedInput-root MuiInputBase-colorPrimary MuiInputBase-fullWidth MuiInputBase-formControl css-1blp12k-MuiInputBase-root-MuiOutlinedInput-root"[39m
                  [36m>[39m
                    [36m<input[39m
                      [33maria-invalid[39m=[32m"false"[39m
                      [33mclass[39m=[32m"MuiInputBase-input MuiOutlinedInput-input css-16wblaj-MuiInputBase-input-MuiOutlinedInput-input"[39m
                      [33mid[39m=[32m"«r69»"[39m
                      [33mrequired[39m=[32m""[39m
                      [33mtype[39m=[32m"text"[39m
                      [33mvalue[39m=[32m""[39m
                    [36m/>[39m
                    [36m<fieldset[39m
                      [33maria-hidden[39m=[32m"true"[39m
                      [33mclass[39m=[32m"MuiOutlinedInput-notchedOutline css-18p5xg2-MuiNotchedOutlined-root-MuiOutlinedInput-notchedOutline"[39m
                    [36m>[39m
                      [36m<legend[39m
                        [33mclass[39m=[32m"css-1n64csd-MuiNotchedOutlined-root"[39m
                      [36m>[39m
                        [36m<span>[39m
                          [0mNúmero de Empleado[0m
                          [0m [0m
                          [0m*[0m
                        [36m</span>[39m
                      [36m</legend>[39m
                    [36m</fieldset>[39m
                  [36m</div>[39m
                [36m</div>[39m
                [36m<div[39m
                  [33mclass[39m=[32m"MuiFormControl-root MuiFormControl-fullWidth MuiTextField-root css-cmpglg-MuiFormControl-root-MuiTextField-root"[39m
                [36m>[39m
                  [36m<label[39m
                    [33mclass[39m=[32m"MuiFormLabel-root MuiInputLabel-root MuiInputLabel-formControl MuiInputLabel-animated MuiInputLabel-outlined MuiFormLabel-colorPrimary Mui-required MuiInputLabel-root MuiInputLabel-formControl MuiInputLabel-animated MuiInputLabel-outlined css-19qnlrw-MuiFormLabel-root-MuiInputLabel-root"[39m
                    [33mdata-shrink[39m=[32m"false"[39m
                    [33mfor[39m=[32m"«r6a»"[39m
                    [33mid[39m=[32m"«r6a»-label"[39m
                  [36m>[39m
                    [0mNombre Completo[0m
                    [36m<span[39m
                      [33maria-hidden[39m=[32m"true"[39m
                      [33mc...

      292 |       );
      293 |
    > 294 |       const nombreInput = screen.getByLabelText('Nombre Completo');
          |                                  ^
      295 |       fireEvent.blur(nombreInput);
      296 |
      297 |       const saveButton = screen.getByText('Guardar');

      at Object.getElementError (node_modules/@testing-library/dom/dist/config.js:37:19)
      at getAllByLabelText (node_modules/@testing-library/dom/dist/queries/label-text.js:111:38)
      at node_modules/@testing-library/dom/dist/query-helpers.js:52:17
      at node_modules/@testing-library/dom/dist/query-helpers.js:95:19
      at Object.getByLabelText (src/components/__tests__/UserModal.test.tsx:294:34)

  ● UserModal › Envío del Formulario › debe mostrar estado de carga durante el envío

    TestingLibraryElementError: Unable to find a label with the text of: Número de Empleado

    Ignored nodes: comments, script, style
    [36m<body[39m
      [33mstyle[39m=[32m"padding-right: 1024px; overflow: hidden;"[39m
    [36m>[39m
      [36m<div[39m
        [33maria-hidden[39m=[32m"true"[39m
      [36m/>[39m
      [36m<div[39m
        [33mclass[39m=[32m"MuiDialog-root MuiModal-root css-1424xw8-MuiModal-root-MuiDialog-root"[39m
        [33mrole[39m=[32m"presentation"[39m
      [36m>[39m
        [36m<div[39m
          [33maria-hidden[39m=[32m"true"[39m
          [33mclass[39m=[32m"MuiBackdrop-root MuiModal-backdrop css-1cennmq-MuiBackdrop-root-MuiDialog-backdrop"[39m
          [33mstyle[39m=[32m"opacity: 1; webkit-transition: opacity 225ms cubic-bezier(0.4, 0, 0.2, 1) 0ms; transition: opacity 225ms cubic-bezier(0.4, 0, 0.2, 1) 0ms;"[39m
        [36m/>[39m
        [36m<div[39m
          [33mdata-testid[39m=[32m"sentinelStart"[39m
          [33mtabindex[39m=[32m"0"[39m
        [36m/>[39m
        [36m<div[39m
          [33mclass[39m=[32m"MuiDialog-container MuiDialog-scrollPaper css-19do60a-MuiDialog-container"[39m
          [33mrole[39m=[32m"presentation"[39m
          [33mstyle[39m=[32m"opacity: 1; webkit-transition: opacity 225ms cubic-bezier(0.4, 0, 0.2, 1) 0ms; transition: opacity 225ms cubic-bezier(0.4, 0, 0.2, 1) 0ms;"[39m
          [33mtabindex[39m=[32m"-1"[39m
        [36m>[39m
          [36m<div[39m
            [33maria-labelledby[39m=[32m"«r6p»"[39m
            [33maria-modal[39m=[32m"true"[39m
            [33mclass[39m=[32m"MuiPaper-root MuiPaper-elevation MuiPaper-rounded MuiPaper-elevation24 MuiDialog-paper MuiDialog-paperScrollPaper MuiDialog-paperWidthMd MuiDialog-paperFullWidth css-1txc44p-MuiPaper-root-MuiDialog-paper"[39m
            [33mrole[39m=[32m"dialog"[39m
            [33mstyle[39m=[32m"--Paper-shadow: 0px 11px 15px -7px rgba(0,0,0,0.2),0px 24px 38px 3px rgba(0,0,0,0.14),0px 9px 46px 8px rgba(0,0,0,0.12);"[39m
          [36m>[39m
            [36m<h2[39m
              [33mclass[39m=[32m"MuiTypography-root MuiTypography-h6 MuiDialogTitle-root css-dewjw6-MuiTypography-root-MuiDialogTitle-root"[39m
              [33mid[39m=[32m"«r6p»"[39m
            [36m>[39m
              [36m<h6[39m
                [33mclass[39m=[32m"MuiTypography-root MuiTypography-h6 css-1miy0lu-MuiTypography-root"[39m
              [36m>[39m
                [0mCrear Usuario[0m
              [36m</h6>[39m
              [36m<button[39m
                [33mclass[39m=[32m"MuiButtonBase-root MuiIconButton-root MuiIconButton-sizeMedium css-1yx79mc-MuiButtonBase-root-MuiIconButton-root"[39m
                [33mtabindex[39m=[32m"0"[39m
                [33mtype[39m=[32m"button"[39m
              [36m>[39m
                [36m<svg[39m
                  [33maria-hidden[39m=[32m"true"[39m
                  [33mclass[39m=[32m"MuiSvgIcon-root MuiSvgIcon-fontSizeMedium css-1umw9bq-MuiSvgIcon-root"[39m
                  [33mdata-testid[39m=[32m"CloseIcon"[39m
                  [33mfocusable[39m=[32m"false"[39m
                  [33mviewBox[39m=[32m"0 0 24 24"[39m
                [36m>[39m
                  [36m<path[39m
                    [33md[39m=[32m"M19 6.41 17.59 5 12 10.59 6.41 5 5 6.41 10.59 12 5 17.59 6.41 19 12 13.41 17.59 19 19 17.59 13.41 12z"[39m
                  [36m/>[39m
                [36m</svg>[39m
              [36m</button>[39m
            [36m</h2>[39m
            [36m<div[39m
              [33mclass[39m=[32m"MuiDialogContent-root css-1pykwul-MuiDialogContent-root"[39m
            [36m>[39m
              [36m<div[39m
                [33mclass[39m=[32m"MuiBox-root css-nakqfi"[39m
              [36m>[39m
                [36m<div[39m
                  [33mclass[39m=[32m"MuiFormControl-root MuiFormControl-fullWidth MuiTextField-root css-cmpglg-MuiFormControl-root-MuiTextField-root"[39m
                [36m>[39m
                  [36m<label[39m
                    [33mclass[39m=[32m"MuiFormLabel-root MuiInputLabel-root MuiInputLabel-formControl MuiInputLabel-animated MuiInputLabel-outlined MuiFormLabel-colorPrimary Mui-required MuiInputLabel-root MuiInputLabel-formControl MuiInputLabel-animated MuiInputLabel-outlined css-19qnlrw-MuiFormLabel-root-MuiInputLabel-root"[39m
                    [33mdata-shrink[39m=[32m"false"[39m
                    [33mfor[39m=[32m"«r6r»"[39m
                    [33mid[39m=[32m"«r6r»-label"[39m
                  [36m>[39m
                    [0mNúmero de Empleado[0m
                    [36m<span[39m
                      [33maria-hidden[39m=[32m"true"[39m
                      [33mclass[39m=[32m"MuiFormLabel-asterisk MuiInputLabel-asterisk css-1ljffdk-MuiFormLabel-asterisk"[39m
                    [36m>[39m
                      [0m [0m
                      [0m*[0m
                    [36m</span>[39m
                  [36m</label>[39m
                  [36m<div[39m
                    [33mclass[39m=[32m"MuiInputBase-root MuiOutlinedInput-root MuiInputBase-colorPrimary MuiInputBase-fullWidth MuiInputBase-formControl css-1blp12k-MuiInputBase-root-MuiOutlinedInput-root"[39m
                  [36m>[39m
                    [36m<input[39m
                      [33maria-invalid[39m=[32m"false"[39m
                      [33mclass[39m=[32m"MuiInputBase-input MuiOutlinedInput-input css-16wblaj-MuiInputBase-input-MuiOutlinedInput-input"[39m
                      [33mid[39m=[32m"«r6r»"[39m
                      [33mrequired[39m=[32m""[39m
                      [33mtype[39m=[32m"text"[39m
                      [33mvalue[39m=[32m""[39m
                    [36m/>[39m
                    [36m<fieldset[39m
                      [33maria-hidden[39m=[32m"true"[39m
                      [33mclass[39m=[32m"MuiOutlinedInput-notchedOutline css-18p5xg2-MuiNotchedOutlined-root-MuiOutlinedInput-notchedOutline"[39m
                    [36m>[39m
                      [36m<legend[39m
                        [33mclass[39m=[32m"css-1n64csd-MuiNotchedOutlined-root"[39m
                      [36m>[39m
                        [36m<span>[39m
                          [0mNúmero de Empleado[0m
                          [0m [0m
                          [0m*[0m
                        [36m</span>[39m
                      [36m</legend>[39m
                    [36m</fieldset>[39m
                  [36m</div>[39m
                [36m</div>[39m
                [36m<div[39m
                  [33mclass[39m=[32m"MuiFormControl-root MuiFormControl-fullWidth MuiTextField-root css-cmpglg-MuiFormControl-root-MuiTextField-root"[39m
                [36m>[39m
                  [36m<label[39m
                    [33mclass[39m=[32m"MuiFormLabel-root MuiInputLabel-root MuiInputLabel-formControl MuiInputLabel-animated MuiInputLabel-outlined MuiFormLabel-colorPrimary Mui-required MuiInputLabel-root MuiInputLabel-formControl MuiInputLabel-animated MuiInputLabel-outlined css-19qnlrw-MuiFormLabel-root-MuiInputLabel-root"[39m
                    [33mdata-shrink[39m=[32m"false"[39m
                    [33mfor[39m=[32m"«r6s»"[39m
                    [33mid[39m=[32m"«r6s»-label"[39m
                  [36m>[39m
                    [0mNombre Completo[0m
                    [36m<span[39m
                      [33maria-hidden[39m=[32m"true"[39m
                      [33mc...

      313 |
      314 |       // Llenar campos requeridos
    > 315 |       await userEvent.type(screen.getByLabelText('Número de Empleado'), 'EMP001');
          |                                   ^
      316 |       await userEvent.type(screen.getByLabelText('Nombre Completo'), 'Juan Pérez');
      317 |       await userEvent.type(screen.getByLabelText('Usuario'), 'juan.perez');
      318 |       await userEvent.type(screen.getByLabelText('Edificio'), 'Edificio A');

      at Object.getElementError (node_modules/@testing-library/dom/dist/config.js:37:19)
      at getAllByLabelText (node_modules/@testing-library/dom/dist/queries/label-text.js:111:38)
      at node_modules/@testing-library/dom/dist/query-helpers.js:52:17
      at node_modules/@testing-library/dom/dist/query-helpers.js:95:19
      at Object.getByLabelText (src/components/__tests__/UserModal.test.tsx:315:35)

  ● UserModal › Accesibilidad › debe tener labels apropiados para todos los campos

    TestingLibraryElementError: Unable to find a label with the text of: Número de Empleado

    Ignored nodes: comments, script, style
    [36m<body[39m
      [33mstyle[39m=[32m"padding-right: 1024px; overflow: hidden;"[39m
    [36m>[39m
      [36m<div[39m
        [33maria-hidden[39m=[32m"true"[39m
      [36m/>[39m
      [36m<div[39m
        [33mclass[39m=[32m"MuiDialog-root MuiModal-root css-1424xw8-MuiModal-root-MuiDialog-root"[39m
        [33mrole[39m=[32m"presentation"[39m
      [36m>[39m
        [36m<div[39m
          [33maria-hidden[39m=[32m"true"[39m
          [33mclass[39m=[32m"MuiBackdrop-root MuiModal-backdrop css-1cennmq-MuiBackdrop-root-MuiDialog-backdrop"[39m
          [33mstyle[39m=[32m"opacity: 1; webkit-transition: opacity 225ms cubic-bezier(0.4, 0, 0.2, 1) 0ms; transition: opacity 225ms cubic-bezier(0.4, 0, 0.2, 1) 0ms;"[39m
        [36m/>[39m
        [36m<div[39m
          [33mdata-testid[39m=[32m"sentinelStart"[39m
          [33mtabindex[39m=[32m"0"[39m
        [36m/>[39m
        [36m<div[39m
          [33mclass[39m=[32m"MuiDialog-container MuiDialog-scrollPaper css-19do60a-MuiDialog-container"[39m
          [33mrole[39m=[32m"presentation"[39m
          [33mstyle[39m=[32m"opacity: 1; webkit-transition: opacity 225ms cubic-bezier(0.4, 0, 0.2, 1) 0ms; transition: opacity 225ms cubic-bezier(0.4, 0, 0.2, 1) 0ms;"[39m
          [33mtabindex[39m=[32m"-1"[39m
        [36m>[39m
          [36m<div[39m
            [33maria-labelledby[39m=[32m"«r7b»"[39m
            [33maria-modal[39m=[32m"true"[39m
            [33mclass[39m=[32m"MuiPaper-root MuiPaper-elevation MuiPaper-rounded MuiPaper-elevation24 MuiDialog-paper MuiDialog-paperScrollPaper MuiDialog-paperWidthMd MuiDialog-paperFullWidth css-1txc44p-MuiPaper-root-MuiDialog-paper"[39m
            [33mrole[39m=[32m"dialog"[39m
            [33mstyle[39m=[32m"--Paper-shadow: 0px 11px 15px -7px rgba(0,0,0,0.2),0px 24px 38px 3px rgba(0,0,0,0.14),0px 9px 46px 8px rgba(0,0,0,0.12);"[39m
          [36m>[39m
            [36m<h2[39m
              [33mclass[39m=[32m"MuiTypography-root MuiTypography-h6 MuiDialogTitle-root css-dewjw6-MuiTypography-root-MuiDialogTitle-root"[39m
              [33mid[39m=[32m"«r7b»"[39m
            [36m>[39m
              [36m<h6[39m
                [33mclass[39m=[32m"MuiTypography-root MuiTypography-h6 css-1miy0lu-MuiTypography-root"[39m
              [36m>[39m
                [0mCrear Usuario[0m
              [36m</h6>[39m
              [36m<button[39m
                [33mclass[39m=[32m"MuiButtonBase-root MuiIconButton-root MuiIconButton-sizeMedium css-1yx79mc-MuiButtonBase-root-MuiIconButton-root"[39m
                [33mtabindex[39m=[32m"0"[39m
                [33mtype[39m=[32m"button"[39m
              [36m>[39m
                [36m<svg[39m
                  [33maria-hidden[39m=[32m"true"[39m
                  [33mclass[39m=[32m"MuiSvgIcon-root MuiSvgIcon-fontSizeMedium css-1umw9bq-MuiSvgIcon-root"[39m
                  [33mdata-testid[39m=[32m"CloseIcon"[39m
                  [33mfocusable[39m=[32m"false"[39m
                  [33mviewBox[39m=[32m"0 0 24 24"[39m
                [36m>[39m
                  [36m<path[39m
                    [33md[39m=[32m"M19 6.41 17.59 5 12 10.59 6.41 5 5 6.41 10.59 12 5 17.59 6.41 19 12 13.41 17.59 19 19 17.59 13.41 12z"[39m
                  [36m/>[39m
                [36m</svg>[39m
              [36m</button>[39m
            [36m</h2>[39m
            [36m<div[39m
              [33mclass[39m=[32m"MuiDialogContent-root css-1pykwul-MuiDialogContent-root"[39m
            [36m>[39m
              [36m<div[39m
                [33mclass[39m=[32m"MuiBox-root css-nakqfi"[39m
              [36m>[39m
                [36m<div[39m
                  [33mclass[39m=[32m"MuiFormControl-root MuiFormControl-fullWidth MuiTextField-root css-cmpglg-MuiFormControl-root-MuiTextField-root"[39m
                [36m>[39m
                  [36m<label[39m
                    [33mclass[39m=[32m"MuiFormLabel-root MuiInputLabel-root MuiInputLabel-formControl MuiInputLabel-animated MuiInputLabel-outlined MuiFormLabel-colorPrimary Mui-required MuiInputLabel-root MuiInputLabel-formControl MuiInputLabel-animated MuiInputLabel-outlined css-19qnlrw-MuiFormLabel-root-MuiInputLabel-root"[39m
                    [33mdata-shrink[39m=[32m"false"[39m
                    [33mfor[39m=[32m"«r7d»"[39m
                    [33mid[39m=[32m"«r7d»-label"[39m
                  [36m>[39m
                    [0mNúmero de Empleado[0m
                    [36m<span[39m
                      [33maria-hidden[39m=[32m"true"[39m
                      [33mclass[39m=[32m"MuiFormLabel-asterisk MuiInputLabel-asterisk css-1ljffdk-MuiFormLabel-asterisk"[39m
                    [36m>[39m
                      [0m [0m
                      [0m*[0m
                    [36m</span>[39m
                  [36m</label>[39m
                  [36m<div[39m
                    [33mclass[39m=[32m"MuiInputBase-root MuiOutlinedInput-root MuiInputBase-colorPrimary MuiInputBase-fullWidth MuiInputBase-formControl css-1blp12k-MuiInputBase-root-MuiOutlinedInput-root"[39m
                  [36m>[39m
                    [36m<input[39m
                      [33maria-invalid[39m=[32m"false"[39m
                      [33mclass[39m=[32m"MuiInputBase-input MuiOutlinedInput-input css-16wblaj-MuiInputBase-input-MuiOutlinedInput-input"[39m
                      [33mid[39m=[32m"«r7d»"[39m
                      [33mrequired[39m=[32m""[39m
                      [33mtype[39m=[32m"text"[39m
                      [33mvalue[39m=[32m""[39m
                    [36m/>[39m
                    [36m<fieldset[39m
                      [33maria-hidden[39m=[32m"true"[39m
                      [33mclass[39m=[32m"MuiOutlinedInput-notchedOutline css-18p5xg2-MuiNotchedOutlined-root-MuiOutlinedInput-notchedOutline"[39m
                    [36m>[39m
                      [36m<legend[39m
                        [33mclass[39m=[32m"css-1n64csd-MuiNotchedOutlined-root"[39m
                      [36m>[39m
                        [36m<span>[39m
                          [0mNúmero de Empleado[0m
                          [0m [0m
                          [0m*[0m
                        [36m</span>[39m
                      [36m</legend>[39m
                    [36m</fieldset>[39m
                  [36m</div>[39m
                [36m</div>[39m
                [36m<div[39m
                  [33mclass[39m=[32m"MuiFormControl-root MuiFormControl-fullWidth MuiTextField-root css-cmpglg-MuiFormControl-root-MuiTextField-root"[39m
                [36m>[39m
                  [36m<label[39m
                    [33mclass[39m=[32m"MuiFormLabel-root MuiInputLabel-root MuiInputLabel-formControl MuiInputLabel-animated MuiInputLabel-outlined MuiFormLabel-colorPrimary Mui-required MuiInputLabel-root MuiInputLabel-formControl MuiInputLabel-animated MuiInputLabel-outlined css-19qnlrw-MuiFormLabel-root-MuiInputLabel-root"[39m
                    [33mdata-shrink[39m=[32m"false"[39m
                    [33mfor[39m=[32m"«r7e»"[39m
                    [33mid[39m=[32m"«r7e»-label"[39m
                  [36m>[39m
                    [0mNombre Completo[0m
                    [36m<span[39m
                      [33maria-hidden[39m=[32m"true"[39m
                      [33mc...

      341 |       );
      342 |
    > 343 |       expect(screen.getByLabelText('Número de Empleado')).toBeInTheDocument();
          |                     ^
      344 |       expect(screen.getByLabelText('Nombre Completo')).toBeInTheDocument();
      345 |       expect(screen.getByLabelText('Usuario')).toBeInTheDocument();
      346 |       expect(screen.getByLabelText('Edificio')).toBeInTheDocument();

      at Object.getElementError (node_modules/@testing-library/dom/dist/config.js:37:19)
      at getAllByLabelText (node_modules/@testing-library/dom/dist/queries/label-text.js:111:38)
      at node_modules/@testing-library/dom/dist/query-helpers.js:52:17
      at node_modules/@testing-library/dom/dist/query-helpers.js:95:19
      at Object.getByLabelText (src/components/__tests__/UserModal.test.tsx:343:21)

  ● UserModal › Accesibilidad › debe tener roles ARIA apropiados

    TestingLibraryElementError: Unable to find an accessible element with the role "button" and name `/close/i`

    Here are the accessible roles:

      presentation:

      Name "":
      [36m<div[39m
        [33mclass[39m=[32m"MuiDialog-root MuiModal-root css-1424xw8-MuiModal-root-MuiDialog-root"[39m
        [33mrole[39m=[32m"presentation"[39m
      [36m/>[39m

      Name "":
      [36m<div[39m
        [33mclass[39m=[32m"MuiDialog-container MuiDialog-scrollPaper css-19do60a-MuiDialog-container"[39m
        [33mrole[39m=[32m"presentation"[39m
        [33mstyle[39m=[32m"opacity: 1; webkit-transition: opacity 225ms cubic-bezier(0.4, 0, 0.2, 1) 0ms; transition: opacity 225ms cubic-bezier(0.4, 0, 0.2, 1) 0ms;"[39m
        [33mtabindex[39m=[32m"-1"[39m
      [36m/>[39m

      --------------------------------------------------
      dialog:

      Name "Crear Usuario":
      [36m<div[39m
        [33maria-labelledby[39m=[32m"«r7t»"[39m
        [33maria-modal[39m=[32m"true"[39m
        [33mclass[39m=[32m"MuiPaper-root MuiPaper-elevation MuiPaper-rounded MuiPaper-elevation24 MuiDialog-paper MuiDialog-paperScrollPaper MuiDialog-paperWidthMd MuiDialog-paperFullWidth css-1txc44p-MuiPaper-root-MuiDialog-paper"[39m
        [33mrole[39m=[32m"dialog"[39m
        [33mstyle[39m=[32m"--Paper-shadow: 0px 11px 15px -7px rgba(0,0,0,0.2),0px 24px 38px 3px rgba(0,0,0,0.14),0px 9px 46px 8px rgba(0,0,0,0.12);"[39m
      [36m/>[39m

      --------------------------------------------------
      heading:

      Name "Crear Usuario":
      [36m<h2[39m
        [33mclass[39m=[32m"MuiTypography-root MuiTypography-h6 MuiDialogTitle-root css-dewjw6-MuiTypography-root-MuiDialogTitle-root"[39m
        [33mid[39m=[32m"«r7t»"[39m
      [36m/>[39m

      Name "Crear Usuario":
      [36m<h6[39m
        [33mclass[39m=[32m"MuiTypography-root MuiTypography-h6 css-1miy0lu-MuiTypography-root"[39m
      [36m/>[39m

      --------------------------------------------------
      button:

      Name "":
      [36m<button[39m
        [33mclass[39m=[32m"MuiButtonBase-root MuiIconButton-root MuiIconButton-sizeMedium css-1yx79mc-MuiButtonBase-root-MuiIconButton-root"[39m
        [33mtabindex[39m=[32m"0"[39m
        [33mtype[39m=[32m"button"[39m
      [36m/>[39m

      Name "Cancelar":
      [36m<button[39m
        [33mclass[39m=[32m"MuiButtonBase-root MuiButton-root MuiButton-outlined MuiButton-outlinedPrimary MuiButton-sizeMedium MuiButton-outlinedSizeMedium MuiButton-colorPrimary MuiButton-root MuiButton-outlined MuiButton-outlinedPrimary MuiButton-sizeMedium MuiButton-outlinedSizeMedium MuiButton-colorPrimary css-1xrznkp-MuiButtonBase-root-MuiButton-root"[39m
        [33mtabindex[39m=[32m"0"[39m
        [33mtype[39m=[32m"button"[39m
      [36m/>[39m

      Name "Guardar":
      [36m<button[39m
        [33mclass[39m=[32m"MuiButtonBase-root MuiButton-root MuiButton-contained MuiButton-containedPrimary MuiButton-sizeMedium MuiButton-containedSizeMedium MuiButton-colorPrimary MuiButton-root MuiButton-contained MuiButton-containedPrimary MuiButton-sizeMedium MuiButton-containedSizeMedium MuiButton-colorPrimary css-11wjf3t-MuiButtonBase-root-MuiButton-root"[39m
        [33mtabindex[39m=[32m"0"[39m
        [33mtype[39m=[32m"button"[39m
      [36m/>[39m

      --------------------------------------------------
      textbox:

      Name "Número de Empleado":
      [36m<input[39m
        [33maria-invalid[39m=[32m"false"[39m
        [33mclass[39m=[32m"MuiInputBase-input MuiOutlinedInput-input css-16wblaj-MuiInputBase-input-MuiOutlinedInput-input"[39m
        [33mid[39m=[32m"«r7v»"[39m
        [33mrequired[39m=[32m""[39m
        [33mtype[39m=[32m"text"[39m
        [33mvalue[39m=[32m""[39m
      [36m/>[39m

      Name "Nombre Completo":
      [36m<input[39m
        [33maria-invalid[39m=[32m"false"[39m
        [33mclass[39m=[32m"MuiInputBase-input MuiOutlinedInput-input css-16wblaj-MuiInputBase-input-MuiOutlinedInput-input"[39m
        [33mid[39m=[32m"«r80»"[39m
        [33mrequired[39m=[32m""[39m
        [33mtype[39m=[32m"text"[39m
        [33mvalue[39m=[32m""[39m
      [36m/>[39m

      Name "Usuario":
      [36m<input[39m
        [33maria-describedby[39m=[32m"«r81»-helper-text"[39m
        [33maria-invalid[39m=[32m"false"[39m
        [33mclass[39m=[32m"MuiInputBase-input MuiOutlinedInput-input css-16wblaj-MuiInputBase-input-MuiOutlinedInput-input"[39m
        [33mid[39m=[32m"«r81»"[39m
        [33mrequired[39m=[32m""[39m
        [33mtype[39m=[32m"text"[39m
        [33mvalue[39m=[32m""[39m
      [36m/>[39m

      Name "Edificio":
      [36m<input[39m
        [33maria-invalid[39m=[32m"false"[39m
        [33mclass[39m=[32m"MuiInputBase-input MuiOutlinedInput-input css-16wblaj-MuiInputBase-input-MuiOutlinedInput-input"[39m
        [33mid[39m=[32m"«r82»"[39m
        [33mrequired[39m=[32m""[39m
        [33mtype[39m=[32m"text"[39m
        [33mvalue[39m=[32m""[39m
      [36m/>[39m

      Name "Departamento":
      [36m<input[39m
        [33maria-invalid[39m=[32m"false"[39m
        [33mclass[39m=[32m"MuiInputBase-input MuiOutlinedInput-input css-16wblaj-MuiInputBase-input-MuiOutlinedInput-input"[39m
        [33mid[39m=[32m"«r83»"[39m
        [33mrequired[39m=[32m""[39m
        [33mtype[39m=[32m"text"[39m
        [33mvalue[39m=[32m""[39m
      [36m/>[39m

      Name "Puesto":
      [36m<input[39m
        [33maria-invalid[39m=[32m"false"[39m
        [33mclass[39m=[32m"MuiInputBase-input MuiOutlinedInput-input css-16wblaj-MuiInputBase-input-MuiOutlinedInput-input"[39m
        [33mid[39m=[32m"«r84»"[39m
        [33mrequired[39m=[32m""[39m
        [33mtype[39m=[32m"text"[39m
        [33mvalue[39m=[32m""[39m
      [36m/>[39m

      Name "Service Tag":
      [36m<input[39m
        [33maria-invalid[39m=[32m"false"[39m
        [33mclass[39m=[32m"MuiInputBase-input MuiOutlinedInput-input css-16wblaj-MuiInputBase-input-MuiOutlinedInput-input"[39m
        [33mid[39m=[32m"«r88»"[39m
        [33mrequired[39m=[32m""[39m
        [33mtype[39m=[32m"text"[39m
        [33mvalue[39m=[32m""[39m
      [36m/>[39m

      Name "Modelo":
      [36m<input[39m
        [33maria-invalid[39m=[32m"false"[39m
        [33mclass[39m=[32m"MuiInputBase-input MuiOutlinedInput-input css-16wblaj-MuiInputBase-input-MuiOutlinedInput-input"[39m
        [33mid[39m=[32m"«r8b»"[39m
        [33mrequired[39m=[32m""[39m
        [33mtype[39m=[32m"text"[39m
        [33mvalue[39m=[32m""[39m
      [36m/>[39m

      Name "Dirección MAC":
      [36m<input[39m
        [33maria-describedby[39m=[32m"«r8c»-helper-text"[39m
        [33maria-invalid[39m=[32m"false"[39m
        [33mclass[39m=[32m"MuiInputBase-input MuiOutlinedInput-input css-16wblaj-MuiInputBase-input-MuiOutlinedInput-input"[39m
        [33mid[39m=[32m"«r8c»"[39m
        [33mplaceholder[39m=[32m"00:1B:44:11:3A:B7"[39m
        [33mrequired[39m=[32m""[39m
        [33mtype[39m=[32m"text"[39m
        [33mvalue[39m=[32m""[39m
      [36m/>[39m

      --------------------------------------------------
      combobox:

      Name "":
      [36m<div[39m
        [33maria-expanded[39m=[32m"false"[39m
        [33maria-haspopup[39m=[32m"listbox"[39m
        [33maria-required[39m=[32m"true"[39m
        [33mclass[39m=[32m"MuiSelect-select MuiSelect-outlined MuiInputBase-input MuiOutlinedInput-input css-18jp67o-MuiNativeSelect-root-MuiSelect-select-MuiInputBase-input-MuiOutlinedInput-input"[39m
        [33mrole[39m=[32m"combobox"[39m
        [33mtabindex[39m=[32m"0"[39m
      [36m/>[39m

      Name "":
      [36m<div[39m
        [33maria-expanded[39m=[32m"false"[39m
        [33maria-haspopup[39m=[32m"listbox"[39m
        [33maria-required[39m=[32m"true"[39m
        [33mclass[39m=[32m"MuiSelect-select MuiSelect-outlined MuiInputBase-input MuiOutlinedInput-input css-18jp67o-MuiNativeSelect-root-MuiSelect-select-MuiInputBase-input-MuiOutlinedInput-input"[39m
        [33mrole[39m=[32m"combobox"[39m
        [33mtabindex[39m=[32m"0"[39m
      [36m/>[39m

      Name "":
      [36m<div[39m
        [33maria-expanded[39m=[32m"false"[39m
        [33maria-haspopup[39m=[32m"listbox"[39m
        [33maria-required[39m=[32m"true"[39m
        [33mclass[39m=[32m"MuiSelect-select MuiSelect-outlined MuiInputBase-input MuiOutlinedInput-input css-18jp67o-MuiNativeSelect-root-MuiSelect-select-MuiInputBase-input-MuiOutlinedInput-input"[39m
        [33mrole[39m=[32m"combobox"[39m
        [33mtabindex[39m=[32m"0"[39m
      [36m/>[39m

      Name "":
      [36m<div[39m
        [33maria-expanded[39m=[32m"false"[39m
        [33maria-haspopup[39m=[32m"listbox"[39m
        [33maria-required[39m=[32m"true"[39m
        [33mclass[39m=[32m"MuiSelect-select MuiSelect-outlined MuiInputBase-input MuiOutlinedInput-input css-18jp67o-MuiNativeSelect-root-MuiSelect-select-MuiInputBase-input-MuiOutlinedInput-input"[39m
        [33mrole[39m=[32m"combobox"[39m
        [33mtabindex[39m=[32m"0"[39m
      [36m/>[39m

      Name "":
      [36m<div[39m
        [33maria-expanded[39m=[32m"false"[39m
        [33maria-haspopup[39m=[32m"listbox"[39m
        [33maria-required[39m=[32m"true"[39m
        [33mclass[39m=[32m"MuiSelect-select MuiSelect-outlined MuiInputBase-input MuiOutlinedInput-input css-18jp67o-MuiNativeSelect-root-MuiSelect-select-MuiInputBase-input-MuiOutlinedInput-input"[39m
        [33mrole[39m=[32m"combobox"[39m
        [33mtabindex[39m=[32m"0"[39m
      [36m/>[39m

      --------------------------------------------------

    Ignored nodes: comments, script, style
    [36m<body[39m
      [33mstyle[39m=[32m"padding-right: 1024px; overflow: hidden;"[39m
    [36m>[39m
      [36m<div[39m
        [33maria-hidden[39m=[32m"true"[39m
      [36m/>[39m
      [36m<div[39m
        [33mclass[39m=[32m"MuiDialog-root MuiModal-root css-1424xw8-MuiModal-root-MuiDialog-root"[39m
        [33mrole[39m=[32m"presentation"[39m
      [36m>[39m
        [36m<div[39m
          [33maria-hidden[39m=[32m"true"[39m
          [33mclass[39m=[32m"MuiBackdrop-root MuiModal-backdrop css-1cennmq-MuiBackdrop-root-MuiDialog-backdrop"[39m
          [33mstyle[39m=[32m"opacity: 1; webkit-transition: opacity 225ms cubic-bezier(0.4, 0, 0.2, 1) 0ms; transition: opacity 225ms cubic-bezier(0.4, 0, 0.2, 1) 0ms;"[39m
        [36m/>[39m
        [36m<div[39m
          [33mdata-testid[39m=[32m"sentinelStart"[39m
          [33mtabindex[39m=[32m"0"[39m
        [36m/>[39m
        [36m<div[39m
          [33mclass[39m=[32m"MuiDialog-container MuiDialog-scrollPaper css-19do60a-MuiDialog-container"[39m
          [33mrole[39m=[32m"presentation"[39m
          [33mstyle[39m=[32m"opacity: 1; webkit-transition: opacity 225ms cubic-bezier(0.4, 0, 0.2, 1) 0ms; transition: opacity 225ms cubic-bezier(0.4, 0, 0.2, 1) 0ms;"[39m
          [33mtabindex[39m=[32m"-1"[39m
        [36m>[39m
          [36m<div[39m
            [33maria-labelledby[39m=[32m"«r7t»"[39m
            [33maria-modal[39m=[32m"true"[39m
            [33mclass[39m=[32m"MuiPaper-root MuiPaper-elevation MuiPaper-rounded MuiPaper-elevation24 MuiDialog-paper MuiDialog-paperScrollPaper MuiDialog-paperWidthMd MuiDialog-paperFullWidth css-1txc44p-MuiPaper-root-MuiDialog-paper"[39m
            [33mrole[39m=[32m"dialog"[39m
            [33mstyle[39m=[32m"--Paper-shadow: 0px 11px 15px -7px rgba(0,0,0,0.2),0px 24px 38px 3px rgba(0,0,0,0.14),0px 9px 46px 8px rgba(0,0,0,0.12);"[39m
          [36m>[39m
            [36m<h2[39m
              [33mclass[39m=[32m"MuiTypography-root MuiTypography-h6 MuiDialogTitle-root css-dewjw6-MuiTypography-root-MuiDialogTitle-root"[39m
              [33mid[39m=[32m"«r7t»"[39m
            [36m>[39m
              [36m<h6[39m
                [33mclass[39m=[32m"MuiTypography-root MuiTypography-h6 css-1miy0lu-MuiTypography-root"[39m
              [36m>[39m
                [0mCrear Usuario[0m
              [36m</h6>[39m
              [36m<button[39m
                [33mclass[39m=[32m"MuiButtonBase-root MuiIconButton-root MuiIconButton-sizeMedium css-1yx79mc-MuiButtonBase-root-MuiIconButton-root"[39m
                [33mtabindex[39m=[32m"0"[39m
                [33mtype[39m=[32m"button"[39m
              [36m>[39m
                [36m<svg[39m
                  [33maria-hidden[39m=[32m"true"[39m
                  [33mclass[39m=[32m"MuiSvgIcon-root MuiSvgIcon-fontSizeMedium css-1umw9bq-MuiSvgIcon-root"[39m
                  [33mdata-testid[39m=[32m"CloseIcon"[39m
                  [33mfocusable[39m=[32m"false"[39m
                  [33mviewBox[39m=[32m"0 0 24 24"[39m
                [36m>[39m
                  [36m<path[39m
                    [33md[39m=[32m"M19 6.41 17.59 5 12 10.59 6.41 5 5 6.41 10.59 12 5 17.59 6.41 19 12 13.41 17.59 19 19 17.59 13.41 12z"[39m
                  [36m/>[39m
                [36m</svg>[39m
              [36m</button>[39m
            [36m</h2>[39m
            [36m<div[39m
              [33mclass[39m=[32m"MuiDialogContent-root css-1pykwul-MuiDialogContent-root"[39m
            [36m>[39m
              [36m<div[39m
                [33mclass[39m=[32m"MuiBox-root css-nakqfi"[39m
              [36m>[39m
                [36m<div[39m
                  [33mclass[39m=[32m"MuiFormControl-root MuiFormControl-fullWidth MuiTextField-root css-cmpglg-MuiFormControl-root-MuiTextField-root"[39m
                [36m>[39m
                  [36m<label[39m
                    [33mclass[39m=[32m"MuiFormLabel-root MuiInputLabel-root MuiInputLabel-formControl MuiInputLabel-animated MuiInputLabel-outlined MuiFormLabel-colorPrimary Mui-required MuiInputLabel-root MuiInputLabel-formControl MuiInputLabel-animated MuiInputLabel-outlined css-19qnlrw-MuiFormLabel-root-MuiInputLabel-root"[39m
                    [33mdata-shrink[39m=[32m"false"[39m
                    [33mfor[39m=[32m"«r7v»"[39m
                    [33mid[39m=[32m"«r7v»-label"[39m
                  [36m>[39m
                    [0mNúmero de Empleado[0m
                    [36m<span[39m
                      [33maria-hidden[39m=[32m"true"[39m
                      [33mclass[39m=[32m"MuiFormLabel-asterisk MuiInputLabel-asterisk css-1ljffdk-MuiFormLabel-asterisk"[39m
                    [36m>[39m
                      [0m [0m
                      [0m*[0m
                    [36m</span>[39m
                  [36m</label>[39m
                  [36m<div[39m
                    [33mclass[39m=[32m"MuiInputBase-root MuiOutlinedInput-root MuiInputBase-colorPrimary MuiInputBase-fullWidth MuiInputBase-formControl css-1blp12k-MuiInputBase-root-MuiOutlinedInput-root"[39m
                  [36m>[39m
                    [36m<input[39m
                      [33maria-invalid[39m=[32m"false"[39m
                      [33mclass[39m=[32m"MuiInputBase-input MuiOutlinedInput-input css-16wblaj-MuiInputBase-input-MuiOutlinedInput-input"[39m
                      [33mid[39m=[32m"«r7v»"[39m
                      [33mrequired[39m=[32m""[39m
                      [33mtype[39m=[32m"text"[39m
                      [33mvalue[39m=[32m""[39m
                    [36m/>[39m
                    [36m<fieldset[39m
                      [33maria-hidden[39m=[32m"true"[39m
                      [33mclass[39m=[32m"MuiOutlinedInput-notchedOutline css-18p5xg2-MuiNotchedOutlined-root-MuiOutlinedInput-notchedOutline"[39m
                    [36m>[39m
                      [36m<legend[39m
                        [33mclass[39m=[32m"css-1n64csd-MuiNotchedOutlined-root"[39m
                      [36m>[39m
                        [36m<span>[39m
                          [0mNúmero de Empleado[0m
                          [0m [0m
                          [0m*[0m
                        [36m</span>[39m
                      [36m</legend>[39m
                    [36m</fieldset>[39m
                  [36m</div>[39m
                [36m</div>[39m
                [36m<div[39m
                  [33mclass[39m=[32m"MuiFormControl-root MuiFormControl-fullWidth MuiTextField-root css-cmpglg-MuiFormControl-root-MuiTextField-root"[39m
                [36m>[39m
                  [36m<label[39m
                    [33mclass[39m=[32m"MuiFormLabel-root MuiInputLabel-root MuiInputLabel-formControl MuiInputLabel-animated MuiInputLabel-outlined MuiFormLabel-colorPrimary Mui-required MuiInputLabel-root MuiInputLabel-formControl MuiInputLabel-animated MuiInputLabel-outlined css-19qnlrw-MuiFormLabel-root-MuiInputLabel-root"[39m
                    [33mdata-shrink[39m=[32m"false"[39m
                    [33mfor[39m=[32m"«r80»"[39m
                    [33mid[39m=[32m"«r80»-label"[39m
                  [36m>[39m
                    [0mNombre Completo[0m
                    [36m<span[39m
                      [33maria-hidden[39m=[32m"true"[39m
                      [33mc...

      363 |
      364 |       expect(screen.getByRole('dialog')).toBeInTheDocument();
    > 365 |       expect(screen.getByRole('button', { name: /close/i })).toBeInTheDocument();
          |                     ^
      366 |     });
      367 |   });
      368 | }); 

      at Object.getElementError (node_modules/@testing-library/dom/dist/config.js:37:19)
      at node_modules/@testing-library/dom/dist/query-helpers.js:76:38
      at node_modules/@testing-library/dom/dist/query-helpers.js:52:17
      at node_modules/@testing-library/dom/dist/query-helpers.js:95:19
      at Object.getByRole (src/components/__tests__/UserModal.test.tsx:365:21)

--------------------|---------|----------|---------|---------|---------------------------------------------
File                | % Stmts | % Branch | % Funcs | % Lines | Uncovered Line #s                           
--------------------|---------|----------|---------|---------|---------------------------------------------
All files           |   56.42 |    63.33 |   39.25 |   57.14 |                                             
 app                |       0 |        0 |       0 |       0 |                                             
  layout.tsx        |       0 |      100 |       0 |       0 | 2-23                                        
  page.tsx          |       0 |        0 |       0 |       0 | 3-134                                       
 app/config         |       0 |        0 |       0 |       0 |                                             
  page.tsx          |       0 |        0 |       0 |       0 | 3-87                                        
 app/login          |       0 |      100 |       0 |       0 |                                             
  page.tsx          |       0 |      100 |       0 |       0 | 3-36                                        
 app/users          |      70 |    43.75 |   56.25 |   71.73 |                                             
  page.tsx          |      70 |    43.75 |   56.25 |   71.73 | 31-32,51-53,59-65,84-100,135                
 components         |   54.83 |    68.13 |   33.33 |   57.93 |                                             
  ConfirmDialog.tsx |      60 |    28.57 |     100 |      60 | 41,45-47,54,58-60                           
  UserModal.tsx     |   43.11 |    73.84 |   17.07 |   46.46 | 68-85,90-98,109-120,138-139,151-156,218-384 
  userItem.tsx      |   93.54 |    83.33 |     100 |   93.54 | 65,83                                       
 data               |     100 |      100 |     100 |     100 |                                             
  users.ts          |     100 |      100 |     100 |     100 |                                             
 layouts            |   86.36 |     37.5 |      40 |   86.36 |                                             
  LayoutPrivado.tsx |   86.36 |     37.5 |      40 |   86.36 | 45,50,62                                    
 schemas            |    87.8 |      100 |   77.77 |   84.84 |                                             
  user.ts           |    87.8 |      100 |   77.77 |   84.84 | 45,63,119,129,146                           
 utils              |   60.25 |    76.92 |   63.63 |   59.09 |                                             
  security.ts       |   60.25 |    76.92 |   63.63 |   59.09 | 41,60-69,90-92,113-142,164                  
--------------------|---------|----------|---------|---------|---------------------------------------------
Jest: "global" coverage threshold for statements (80%) not met: 56.42%
Jest: "global" coverage threshold for branches (80%) not met: 63.33%
Jest: "global" coverage threshold for lines (80%) not met: 57.14%
Jest: "global" coverage threshold for functions (80%) not met: 39.25%
Test Suites: 5 failed, 5 total
Tests:       46 failed, 66 passed, 112 total
Snapshots:   0 total
Time:        4.196 s, estimated 5 s
Ran all test suites.
